Archive member included to satisfy reference by file (symbol)

/home/francesco/st/stm32cubeide_1.11.2_2/plugins/com.st.stm32cube.ide.mcu.externaltools.gnu-tools-for-stm32.10.3-2021.10.linux64_1.0.100.202210260954/tools/bin/../lib/gcc/arm-none-eabi/10.3.1/../../../../arm-none-eabi/lib/thumb/v7e-m+fp/hard/libc_nano.a(lib_a-errno.o)
                              ./Core/Src/syscalls.o (__errno)
/home/francesco/st/stm32cubeide_1.11.2_2/plugins/com.st.stm32cube.ide.mcu.externaltools.gnu-tools-for-stm32.10.3-2021.10.linux64_1.0.100.202210260954/tools/bin/../lib/gcc/arm-none-eabi/10.3.1/../../../../arm-none-eabi/lib/thumb/v7e-m+fp/hard/libc_nano.a(lib_a-exit.o)
                              /home/francesco/st/stm32cubeide_1.11.2_2/plugins/com.st.stm32cube.ide.mcu.externaltools.gnu-tools-for-stm32.10.3-2021.10.linux64_1.0.100.202210260954/tools/bin/../lib/gcc/arm-none-eabi/10.3.1/../../../../arm-none-eabi/lib/thumb/v7e-m+fp/hard/crt0.o (exit)
/home/francesco/st/stm32cubeide_1.11.2_2/plugins/com.st.stm32cube.ide.mcu.externaltools.gnu-tools-for-stm32.10.3-2021.10.linux64_1.0.100.202210260954/tools/bin/../lib/gcc/arm-none-eabi/10.3.1/../../../../arm-none-eabi/lib/thumb/v7e-m+fp/hard/libc_nano.a(lib_a-impure.o)
                              /home/francesco/st/stm32cubeide_1.11.2_2/plugins/com.st.stm32cube.ide.mcu.externaltools.gnu-tools-for-stm32.10.3-2021.10.linux64_1.0.100.202210260954/tools/bin/../lib/gcc/arm-none-eabi/10.3.1/../../../../arm-none-eabi/lib/thumb/v7e-m+fp/hard/libc_nano.a(lib_a-exit.o) (_global_impure_ptr)
/home/francesco/st/stm32cubeide_1.11.2_2/plugins/com.st.stm32cube.ide.mcu.externaltools.gnu-tools-for-stm32.10.3-2021.10.linux64_1.0.100.202210260954/tools/bin/../lib/gcc/arm-none-eabi/10.3.1/../../../../arm-none-eabi/lib/thumb/v7e-m+fp/hard/libc_nano.a(lib_a-init.o)
                              /home/francesco/st/stm32cubeide_1.11.2_2/plugins/com.st.stm32cube.ide.mcu.externaltools.gnu-tools-for-stm32.10.3-2021.10.linux64_1.0.100.202210260954/tools/bin/../lib/gcc/arm-none-eabi/10.3.1/../../../../arm-none-eabi/lib/thumb/v7e-m+fp/hard/crt0.o (__libc_init_array)
/home/francesco/st/stm32cubeide_1.11.2_2/plugins/com.st.stm32cube.ide.mcu.externaltools.gnu-tools-for-stm32.10.3-2021.10.linux64_1.0.100.202210260954/tools/bin/../lib/gcc/arm-none-eabi/10.3.1/../../../../arm-none-eabi/lib/thumb/v7e-m+fp/hard/libc_nano.a(lib_a-memcpy-stub.o)
                              ./Core/Src/asm_func_tester.o (memcpy)
/home/francesco/st/stm32cubeide_1.11.2_2/plugins/com.st.stm32cube.ide.mcu.externaltools.gnu-tools-for-stm32.10.3-2021.10.linux64_1.0.100.202210260954/tools/bin/../lib/gcc/arm-none-eabi/10.3.1/../../../../arm-none-eabi/lib/thumb/v7e-m+fp/hard/libc_nano.a(lib_a-memset.o)
                              /home/francesco/st/stm32cubeide_1.11.2_2/plugins/com.st.stm32cube.ide.mcu.externaltools.gnu-tools-for-stm32.10.3-2021.10.linux64_1.0.100.202210260954/tools/bin/../lib/gcc/arm-none-eabi/10.3.1/../../../../arm-none-eabi/lib/thumb/v7e-m+fp/hard/crt0.o (memset)
/home/francesco/st/stm32cubeide_1.11.2_2/plugins/com.st.stm32cube.ide.mcu.externaltools.gnu-tools-for-stm32.10.3-2021.10.linux64_1.0.100.202210260954/tools/bin/../lib/gcc/arm-none-eabi/10.3.1/../../../../arm-none-eabi/lib/thumb/v7e-m+fp/hard/libc_nano.a(lib_a-rand.o)
                              ./Core/Src/asm_func_tester.o (srand)
/home/francesco/st/stm32cubeide_1.11.2_2/plugins/com.st.stm32cube.ide.mcu.externaltools.gnu-tools-for-stm32.10.3-2021.10.linux64_1.0.100.202210260954/tools/bin/../lib/gcc/arm-none-eabi/10.3.1/../../../../arm-none-eabi/lib/thumb/v7e-m+fp/hard/libc_nano.a(lib_a-assert.o)
                              /home/francesco/st/stm32cubeide_1.11.2_2/plugins/com.st.stm32cube.ide.mcu.externaltools.gnu-tools-for-stm32.10.3-2021.10.linux64_1.0.100.202210260954/tools/bin/../lib/gcc/arm-none-eabi/10.3.1/../../../../arm-none-eabi/lib/thumb/v7e-m+fp/hard/libc_nano.a(lib_a-rand.o) (__assert_func)
/home/francesco/st/stm32cubeide_1.11.2_2/plugins/com.st.stm32cube.ide.mcu.externaltools.gnu-tools-for-stm32.10.3-2021.10.linux64_1.0.100.202210260954/tools/bin/../lib/gcc/arm-none-eabi/10.3.1/../../../../arm-none-eabi/lib/thumb/v7e-m+fp/hard/libc_nano.a(lib_a-fprintf.o)
                              /home/francesco/st/stm32cubeide_1.11.2_2/plugins/com.st.stm32cube.ide.mcu.externaltools.gnu-tools-for-stm32.10.3-2021.10.linux64_1.0.100.202210260954/tools/bin/../lib/gcc/arm-none-eabi/10.3.1/../../../../arm-none-eabi/lib/thumb/v7e-m+fp/hard/libc_nano.a(lib_a-assert.o) (fiprintf)
/home/francesco/st/stm32cubeide_1.11.2_2/plugins/com.st.stm32cube.ide.mcu.externaltools.gnu-tools-for-stm32.10.3-2021.10.linux64_1.0.100.202210260954/tools/bin/../lib/gcc/arm-none-eabi/10.3.1/../../../../arm-none-eabi/lib/thumb/v7e-m+fp/hard/libc_nano.a(lib_a-malloc.o)
[...]
Memory Configuration

Name             Origin             Length             Attributes
CCMRAM           0x0000000010000000 0x0000000000010000 xrw
RAM              0x0000000020000000 0x0000000000030000 xrw
FLASH            0x0000000008000000 0x0000000000200000 xr
*default*        0x0000000000000000 0xffffffffffffffff

Linker script and memory map

LOAD /home/francesco/st/stm32cubeide_1.11.2_2/plugins/com.st.stm32cube.ide.mcu.externaltools.gnu-tools-for-stm32.10.3-2021.10.linux64_1.0.100.202210260954/tools/bin/../lib/gcc/arm-none-eabi/10.3.1/thumb/v7e-m+fp/hard/crti.o
LOAD /home/francesco/st/stm32cubeide_1.11.2_2/plugins/com.st.stm32cube.ide.mcu.externaltools.gnu-tools-for-stm32.10.3-2021.10.linux64_1.0.100.202210260954/tools/bin/../lib/gcc/arm-none-eabi/10.3.1/thumb/v7e-m+fp/hard/crtbegin.o
LOAD /home/francesco/st/stm32cubeide_1.11.2_2/plugins/com.st.stm32cube.ide.mcu.externaltools.gnu-tools-for-stm32.10.3-2021.10.linux64_1.0.100.202210260954/tools/bin/../lib/gcc/arm-none-eabi/10.3.1/../../../../arm-none-eabi/lib/thumb/v7e-m+fp/hard/crt0.o
LOAD ./Core/Src/asm_func.o
LOAD ./Core/Src/asm_func_tester.o
LOAD ./Core/Src/c_func.o
LOAD ./Core/Src/c_func_tester.o
LOAD ./Core/Src/main.o
LOAD ./Core/Src/stm32f4xx_hal_msp.o
LOAD ./Core/Src/stm32f4xx_it.o
LOAD ./Core/Src/syscalls.o
LOAD ./Core/Src/sysmem.o
LOAD ./Core/Src/system_stm32f4xx.o
LOAD ./Core/Startup/startup_stm32f429zitx.o
LOAD ./Drivers/STM32F4xx_HAL_Driver/stm32f4xx_hal.o
LOAD ./Drivers/STM32F4xx_HAL_Driver/stm32f4xx_hal_cortex.o
LOAD ./Drivers/STM32F4xx_HAL_Driver/stm32f4xx_hal_dma.o
LOAD ./Drivers/STM32F4xx_HAL_Driver/stm32f4xx_hal_dma_ex.o
LOAD ./Drivers/STM32F4xx_HAL_Driver/stm32f4xx_hal_eth.o
LOAD ./Drivers/STM32F4xx_HAL_Driver/stm32f4xx_hal_exti.o
LOAD ./Drivers/STM32F4xx_HAL_Driver/stm32f4xx_hal_flash.o
LOAD ./Drivers/STM32F4xx_HAL_Driver/stm32f4xx_hal_flash_ex.o
LOAD ./Drivers/STM32F4xx_HAL_Driver/stm32f4xx_hal_flash_ramfunc.o
LOAD ./Drivers/STM32F4xx_HAL_Driver/stm32f4xx_hal_gpio.o
LOAD ./Drivers/STM32F4xx_HAL_Driver/stm32f4xx_hal_pcd.o
LOAD ./Drivers/STM32F4xx_HAL_Driver/stm32f4xx_hal_pcd_ex.o
LOAD ./Drivers/STM32F4xx_HAL_Driver/stm32f4xx_hal_pwr.o
LOAD ./Drivers/STM32F4xx_HAL_Driver/stm32f4xx_hal_pwr_ex.o
LOAD ./Drivers/STM32F4xx_HAL_Driver/stm32f4xx_hal_rcc.o
LOAD ./Drivers/STM32F4xx_HAL_Driver/stm32f4xx_hal_rcc_ex.o
LOAD ./Drivers/STM32F4xx_HAL_Driver/stm32f4xx_hal_tim.o
LOAD ./Drivers/STM32F4xx_HAL_Driver/stm32f4xx_hal_tim_ex.o
LOAD ./Drivers/STM32F4xx_HAL_Driver/stm32f4xx_hal_uart.o
LOAD ./Drivers/STM32F4xx_HAL_Driver/stm32f4xx_ll_usb.o
START GROUP
LOAD /home/francesco/st/stm32cubeide_1.11.2_2/plugins/com.st.stm32cube.ide.mcu.externaltools.gnu-tools-for-stm32.10.3-2021.10.linux64_1.0.100.202210260954/tools/bin/../lib/gcc/arm-none-eabi/10.3.1/../../../../arm-none-eabi/lib/thumb/v7e-m+fp/hard/libc_nano.a
LOAD /home/francesco/st/stm32cubeide_1.11.2_2/plugins/com.st.stm32cube.ide.mcu.externaltools.gnu-tools-for-stm32.10.3-2021.10.linux64_1.0.100.202210260954/tools/bin/../lib/gcc/arm-none-eabi/10.3.1/../../../../arm-none-eabi/lib/thumb/v7e-m+fp/hard/libm.a
END GROUP
START GROUP
LOAD /home/francesco/st/stm32cubeide_1.11.2_2/plugins/com.st.stm32cube.ide.mcu.externaltools.gnu-tools-for-stm32.10.3-2021.10.linux64_1.0.100.202210260954/tools/bin/../lib/gcc/arm-none-eabi/10.3.1/thumb/v7e-m+fp/hard/libgcc.a
LOAD /home/francesco/st/stm32cubeide_1.11.2_2/plugins/com.st.stm32cube.ide.mcu.externaltools.gnu-tools-for-stm32.10.3-2021.10.linux64_1.0.100.202210260954/tools/bin/../lib/gcc/arm-none-eabi/10.3.1/../../../../arm-none-eabi/lib/thumb/v7e-m+fp/hard/libc_nano.a
END GROUP
START GROUP
LOAD /home/francesco/st/stm32cubeide_1.11.2_2/plugins/com.st.stm32cube.ide.mcu.externaltools.gnu-tools-for-stm32.10.3-2021.10.linux64_1.0.100.202210260954/tools/bin/../lib/gcc/arm-none-eabi/10.3.1/thumb/v7e-m+fp/hard/libgcc.a
LOAD /home/francesco/st/stm32cubeide_1.11.2_2/plugins/com.st.stm32cube.ide.mcu.externaltools.gnu-tools-for-stm32.10.3-2021.10.linux64_1.0.100.202210260954/tools/bin/../lib/gcc/arm-none-eabi/10.3.1/../../../../arm-none-eabi/lib/thumb/v7e-m+fp/hard/libc_nano.a
LOAD /home/francesco/st/stm32cubeide_1.11.2_2/plugins/com.st.stm32cube.ide.mcu.externaltools.gnu-tools-for-stm32.10.3-2021.10.linux64_1.0.100.202210260954/tools/bin/../lib/gcc/arm-none-eabi/10.3.1/../../../../arm-none-eabi/lib/thumb/v7e-m+fp/hard/libnosys.a
END GROUP
START GROUP
LOAD /home/francesco/st/stm32cubeide_1.11.2_2/plugins/com.st.stm32cube.ide.mcu.externaltools.gnu-tools-for-stm32.10.3-2021.10.linux64_1.0.100.202210260954/tools/bin/../lib/gcc/arm-none-eabi/10.3.1/thumb/v7e-m+fp/hard/libgcc.a
LOAD /home/francesco/st/stm32cubeide_1.11.2_2/plugins/com.st.stm32cube.ide.mcu.externaltools.gnu-tools-for-stm32.10.3-2021.10.linux64_1.0.100.202210260954/tools/bin/../lib/gcc/arm-none-eabi/10.3.1/../../../../arm-none-eabi/lib/thumb/v7e-m+fp/hard/libc_nano.a
LOAD /home/francesco/st/stm32cubeide_1.11.2_2/plugins/com.st.stm32cube.ide.mcu.externaltools.gnu-tools-for-stm32.10.3-2021.10.linux64_1.0.100.202210260954/tools/bin/../lib/gcc/arm-none-eabi/10.3.1/../../../../arm-none-eabi/lib/thumb/v7e-m+fp/hard/libnosys.a
END GROUP
LOAD /home/francesco/st/stm32cubeide_1.11.2_2/plugins/com.st.stm32cube.ide.mcu.externaltools.gnu-tools-for-stm32.10.3-2021.10.linux64_1.0.100.202210260954/tools/bin/../lib/gcc/arm-none-eabi/10.3.1/thumb/v7e-m+fp/hard/crtend.o
LOAD /home/francesco/st/stm32cubeide_1.11.2_2/plugins/com.st.stm32cube.ide.mcu.externaltools.gnu-tools-for-stm32.10.3-2021.10.linux64_1.0.100.202210260954/tools/bin/../lib/gcc/arm-none-eabi/10.3.1/thumb/v7e-m+fp/hard/crtn.o
                0x0000000020030000                _estack = (ORIGIN (RAM) + LENGTH (RAM))
                0x0000000000000200                _Min_Heap_Size = 0x200
                0x0000000000000400                _Min_Stack_Size = 0x400

.isr_vector     0x0000000008000000      0x1ac
                0x0000000008000000                . = ALIGN (0x4)
 *(.isr_vector)
 .isr_vector    0x0000000008000000      0x1ac ./Core/Startup/startup_stm32f429zitx.o
                0x0000000008000000                g_pfnVectors
                0x00000000080001ac                . = ALIGN (0x4)

.text           0x00000000080001b0     0x59b8
                0x00000000080001b0                . = ALIGN (0x4)
 *(.text)
 .text          0x00000000080001b0       0x40 /home/francesco/st/stm32cubeide_1.11.2_2/plugins/com.st.stm32cube.ide.mcu.externaltools.gnu-tools-for-stm32.10.3-2021.10.linux64_1.0.100.202210260954/tools/bin/../lib/gcc/arm-none-eabi/10.3.1/thumb/v7e-m+fp/hard/crtbegin.o
 .text          0x00000000080001f0      0x2a6 ./Core/Src/asm_func.o
                0x00000000080001f0                asm_svc
                0x00000000080001f4                asm_sum
                0x00000000080001f8                asm_zeros
                0x0000000008000206                asm_productoEscalar32
                0x000000000800021c                asm_productoEscalar16
                0x0000000008000232                asm_productoEscalar16Sat
                0x000000000800024c                asm_filtroVentana10
                0x0000000008000290                asm_pack32to16
                0x00000000080002a2                asm_max
                0x00000000080002b8                asm_downsampleM
                0x00000000080002fe                asm_invertir
                0x000000000800032c                asm_ecoV1
                0x000000000800037c                asm_ecoV2
                0x00000000080003c4                asm_ecoV3
                0x000000000800041a                asm_corrV1
                0x0000000008000456                asm_corrV2
 *fill*         0x0000000008000496        0xa 
 .text          0x00000000080004a0       0xa0 /home/francesco/st/stm32cubeide_1.11.2_2/plugins/com.st.stm32cube.ide.mcu.externaltools.gnu-tools-for-stm32.10.3-2021.10.linux64_1.0.100.202210260954/tools/bin/../lib/gcc/arm-none-eabi/10.3.1/../../../../arm-none-eabi/lib/thumb/v7e-m+fp/hard/libc_nano.a(lib_a-memchr.o)
                0x00000000080004a0                memchr
 .text          0x0000000008000540       0x30 /home/francesco/st/stm32cubeide_1.11.2_2/plugins/com.st.stm32cube.ide.mcu.externaltools.gnu-tools-for-stm32.10.3-2021.10.linux64_1.0.100.202210260954/tools/bin/../lib/gcc/arm-none-eabi/10.3.1/thumb/v7e-m+fp/hard/libgcc.a(_aeabi_uldivmod.o)
                0x0000000008000540                __aeabi_uldivmod
 .text          0x0000000008000570      0x2d0 /home/francesco/st/stm32cubeide_1.11.2_2/plugins/com.st.stm32cube.ide.mcu.externaltools.gnu-tools-for-stm32.10.3-2021.10.linux64_1.0.100.202210260954/tools/bin/../lib/gcc/arm-none-eabi/10.3.1/thumb/v7e-m+fp/hard/libgcc.a(_udivmoddi4.o)
                0x0000000008000570                __udivmoddi4
 .text          0x0000000008000840        0x4 /home/francesco/st/stm32cubeide_1.11.2_2/plugins/com.st.stm32cube.ide.mcu.externaltools.gnu-tools-for-stm32.10.3-2021.10.linux64_1.0.100.202210260954/tools/bin/../lib/gcc/arm-none-eabi/10.3.1/thumb/v7e-m+fp/hard/libgcc.a(_dvmd_tls.o)
                0x0000000008000840                __aeabi_ldiv0
                0x0000000008000840                __aeabi_idiv0
 *(.text*)
 .text.asm_sum_tester
                0x0000000008000844       0x20 ./Core/Src/asm_func_tester.o
                0x0000000008000844                asm_sum_tester
 .text.asm_zeros_tester
                0x0000000008000864       0x30 ./Core/Src/asm_func_tester.o
                0x0000000008000864                asm_zeros_tester
 .text.asm_productoEscalar32_tester
                0x0000000008000894       0x94 ./Core/Src/asm_func_tester.o
                0x0000000008000894                asm_productoEscalar32_tester
 .text.asm_productoEscalar16_tester
                0x0000000008000928       0x90 ./Core/Src/asm_func_tester.o
                0x0000000008000928                asm_productoEscalar16_tester
 .text.asm_productoEscalar16Sat_tester
                0x00000000080009b8       0x90 ./Core/Src/asm_func_tester.o
                0x00000000080009b8                asm_productoEscalar16Sat_tester
 .text.asm_filtroVentana10_tester
                0x0000000008000a48       0x94 ./Core/Src/asm_func_tester.o
                0x0000000008000a48                asm_filtroVentana10_tester
 .text.asm_pack32to16_tester
                0x0000000008000adc       0x94 ./Core/Src/asm_func_tester.o
                0x0000000008000adc                asm_pack32to16_tester
 .text.asm_max_tester
                0x0000000008000b70       0x38 ./Core/Src/asm_func_tester.o
                0x0000000008000b70                asm_max_tester
 .text.asm_downsampleM_tester
                0x0000000008000ba8       0x8c ./Core/Src/asm_func_tester.o
                0x0000000008000ba8                asm_downsampleM_tester
 .text.asm_invertir_tester
                0x0000000008000c34       0x30 ./Core/Src/asm_func_tester.o
                0x0000000008000c34                asm_invertir_tester
 .text.asm_ecoV1_tester
                0x0000000008000c64      0x12c ./Core/Src/asm_func_tester.o
                0x0000000008000c64                asm_ecoV1_tester
 .text.asm_ecoV2_tester
                0x0000000008000d90      0x12c ./Core/Src/asm_func_tester.o
                0x0000000008000d90                asm_ecoV2_tester
 .text.asm_ecoV3_tester
                0x0000000008000ebc      0x12c ./Core/Src/asm_func_tester.o
                0x0000000008000ebc                asm_ecoV3_tester
 .text.asm_corrV1_tester
                0x0000000008000fe8       0xc0 ./Core/Src/asm_func_tester.o
                0x0000000008000fe8                asm_corrV1_tester
 .text.asm_corrV2_tester
                0x00000000080010a8       0xd8 ./Core/Src/asm_func_tester.o
                0x00000000080010a8                asm_corrV2_tester
 .text.c_zeros  0x0000000008001180       0x38 ./Core/Src/c_func.o
                0x0000000008001180                c_zeros
 .text.c_productoEscalar32
                0x00000000080011b8       0x50 ./Core/Src/c_func.o
                0x00000000080011b8                c_productoEscalar32
 .text.c_productoEscalar16
                0x0000000008001208       0x5a ./Core/Src/c_func.o
                0x0000000008001208                c_productoEscalar16
 .text.c_productoEscalarSat16
                0x0000000008001262       0x88 ./Core/Src/c_func.o
                0x0000000008001262                c_productoEscalarSat16
 *fill*         0x00000000080012ea        0x2 
 .text.c_filtroVentana10
                0x00000000080012ec       0xb0 ./Core/Src/c_func.o
                0x00000000080012ec                c_filtroVentana10
 .text.c_pack32to16
                0x000000000800139c       0x58 ./Core/Src/c_func.o
                0x000000000800139c                c_pack32to16
 .text.c_max    0x00000000080013f4       0x54 ./Core/Src/c_func.o
                0x00000000080013f4                c_max
 .text.c_downsampleM
                0x0000000008001448       0x84 ./Core/Src/c_func.o
                0x0000000008001448                c_downsampleM
 .text.c_invertir
                0x00000000080014cc       0x66 ./Core/Src/c_func.o
                0x00000000080014cc                c_invertir
 *fill*         0x0000000008001532        0x2 
 .text.c_eco    0x0000000008001534       0xb8 ./Core/Src/c_func.o
                0x0000000008001534                c_eco
 .text.c_corr   0x00000000080015ec       0x90 ./Core/Src/c_func.o
                0x00000000080015ec                c_corr
 .text.c_zeros_tester
                0x000000000800167c       0x30 ./Core/Src/c_func_tester.o
                0x000000000800167c                c_zeros_tester
 .text.c_productoEscalar32_tester
                0x00000000080016ac       0x94 ./Core/Src/c_func_tester.o
                0x00000000080016ac                c_productoEscalar32_tester
 .text.c_productoEscalar16_tester
                0x0000000008001740       0x90 ./Core/Src/c_func_tester.o
                0x0000000008001740                c_productoEscalar16_tester
 .text.c_productoEscalar16Sat_tester
                0x00000000080017d0       0x90 ./Core/Src/c_func_tester.o
                0x00000000080017d0                c_productoEscalar16Sat_tester
 .text.c_filtroVentana10_tester
                0x0000000008001860       0x94 ./Core/Src/c_func_tester.o
                0x0000000008001860                c_filtroVentana10_tester
 .text.c_pack32to16_tester
                0x00000000080018f4       0x94 ./Core/Src/c_func_tester.o
                0x00000000080018f4                c_pack32to16_tester
 .text.c_max_tester
                0x0000000008001988       0x38 ./Core/Src/c_func_tester.o
                0x0000000008001988                c_max_tester
 .text.c_downsampleM_tester
                0x00000000080019c0       0x8c ./Core/Src/c_func_tester.o
                0x00000000080019c0                c_downsampleM_tester
 .text.c_invertir_tester
                0x0000000008001a4c       0x30 ./Core/Src/c_func_tester.o
                0x0000000008001a4c                c_invertir_tester
 .text.c_eco_tester
                0x0000000008001a7c       0xe4 ./Core/Src/c_func_tester.o
                0x0000000008001a7c                c_eco_tester
 .text.c_corr_tester
                0x0000000008001b60       0xbc ./Core/Src/c_func_tester.o
                0x0000000008001b60                c_corr_tester
 .text.PrivilegiosSVC
                0x0000000008001c1c       0x62 ./Core/Src/main.o
 *fill*         0x0000000008001c7e        0x2 
 .text.main     0x0000000008001c80       0x9c ./Core/Src/main.o
                0x0000000008001c80                main
 .text.SystemClock_Config
                0x0000000008001d1c       0xd4 ./Core/Src/main.o
                0x0000000008001d1c                SystemClock_Config
 .text.MX_ETH_Init
                0x0000000008001df0       0x9c ./Core/Src/main.o
 .text.MX_USART3_UART_Init
                0x0000000008001e8c       0x54 ./Core/Src/main.o
 .text.MX_USB_OTG_FS_PCD_Init
                0x0000000008001ee0       0x5c ./Core/Src/main.o
 .text.MX_GPIO_Init
                0x0000000008001f3c      0x15c ./Core/Src/main.o
 .text.Error_Handler
                0x0000000008002098        0xa ./Core/Src/main.o
                0x0000000008002098                Error_Handler
 *fill*         0x00000000080020a2        0x2 
 .text.HAL_MspInit
                0x00000000080020a4       0x50 ./Core/Src/stm32f4xx_hal_msp.o
                0x00000000080020a4                HAL_MspInit
 .text.HAL_ETH_MspInit
                0x00000000080020f4      0x18c ./Core/Src/stm32f4xx_hal_msp.o
                0x00000000080020f4                HAL_ETH_MspInit
 .text.HAL_UART_MspInit
                0x0000000008002280       0x90 ./Core/Src/stm32f4xx_hal_msp.o
                0x0000000008002280                HAL_UART_MspInit
 .text.HAL_PCD_MspInit
                0x0000000008002310       0xb4 ./Core/Src/stm32f4xx_hal_msp.o
                0x0000000008002310                HAL_PCD_MspInit
 .text.NMI_Handler
                0x00000000080023c4        0x6 ./Core/Src/stm32f4xx_it.o
                0x00000000080023c4                NMI_Handler
 .text.HardFault_Handler
                0x00000000080023ca        0x6 ./Core/Src/stm32f4xx_it.o
                0x00000000080023ca                HardFault_Handler
 .text.MemManage_Handler
                0x00000000080023d0        0x6 ./Core/Src/stm32f4xx_it.o
                0x00000000080023d0                MemManage_Handler
 .text.BusFault_Handler
                0x00000000080023d6        0x6 ./Core/Src/stm32f4xx_it.o
                0x00000000080023d6                BusFault_Handler
 .text.UsageFault_Handler
                0x00000000080023dc        0x6 ./Core/Src/stm32f4xx_it.o
                0x00000000080023dc                UsageFault_Handler
 .text.SVC_Handler
                0x00000000080023e2       0x30 ./Core/Src/stm32f4xx_it.o
                0x00000000080023e2                SVC_Handler
 .text.DebugMon_Handler
                0x0000000008002412        0xe ./Core/Src/stm32f4xx_it.o
                0x0000000008002412                DebugMon_Handler
 .text.PendSV_Handler
                0x0000000008002420        0xe ./Core/Src/stm32f4xx_it.o
                0x0000000008002420                PendSV_Handler
 .text.SysTick_Handler
                0x000000000800242e        0xc ./Core/Src/stm32f4xx_it.o
                0x000000000800242e                SysTick_Handler
 .text._getpid  0x000000000800243a       0x10 ./Core/Src/syscalls.o
                0x000000000800243a                _getpid
 .text._kill    0x000000000800244a       0x20 ./Core/Src/syscalls.o
                0x000000000800244a                _kill
 .text._exit    0x000000000800246a       0x14 ./Core/Src/syscalls.o
                0x000000000800246a                _exit
 .text._read    0x000000000800247e       0x3a ./Core/Src/syscalls.o
                0x000000000800247e                _read
 .text._write   0x00000000080024b8       0x38 ./Core/Src/syscalls.o
                0x00000000080024b8                _write
 .text._close   0x00000000080024f0       0x18 ./Core/Src/syscalls.o
                0x00000000080024f0                _close
 .text._fstat   0x0000000008002508       0x20 ./Core/Src/syscalls.o
                0x0000000008002508                _fstat
 .text._isatty  0x0000000008002528       0x16 ./Core/Src/syscalls.o
                0x0000000008002528                _isatty
 .text._lseek   0x000000000800253e       0x1a ./Core/Src/syscalls.o
                0x000000000800253e                _lseek
 .text._sbrk    0x0000000008002558       0x6c ./Core/Src/sysmem.o
                0x0000000008002558                _sbrk
 .text.SystemInit
                0x00000000080025c4       0x24 ./Core/Src/system_stm32f4xx.o
                0x00000000080025c4                SystemInit
 .text.Reset_Handler
                0x00000000080025e8       0x54 ./Core/Startup/startup_stm32f429zitx.o
                0x00000000080025e8                Reset_Handler
 .text.Default_Handler
                0x000000000800263c        0x2 ./Core/Startup/startup_stm32f429zitx.o
                0x000000000800263c                RTC_Alarm_IRQHandler
                0x000000000800263c                HASH_RNG_IRQHandler
                0x000000000800263c                EXTI2_IRQHandler
                0x000000000800263c                TIM8_CC_IRQHandler
                0x000000000800263c                UART8_IRQHandler
                0x000000000800263c                SPI4_IRQHandler
                0x000000000800263c                TIM1_CC_IRQHandler
                0x000000000800263c                DMA2_Stream5_IRQHandler
                0x000000000800263c                DMA1_Stream5_IRQHandler
                0x000000000800263c                PVD_IRQHandler
                0x000000000800263c                SDIO_IRQHandler
                0x000000000800263c                TAMP_STAMP_IRQHandler
                0x000000000800263c                CAN2_RX1_IRQHandler
                0x000000000800263c                EXTI3_IRQHandler
                0x000000000800263c                TIM8_TRG_COM_TIM14_IRQHandler
                0x000000000800263c                TIM1_UP_TIM10_IRQHandler
                0x000000000800263c                TIM8_UP_TIM13_IRQHandler
                0x000000000800263c                I2C3_ER_IRQHandler
                0x000000000800263c                EXTI0_IRQHandler
                0x000000000800263c                I2C2_EV_IRQHandler
                0x000000000800263c                DMA1_Stream2_IRQHandler
                0x000000000800263c                CAN1_RX0_IRQHandler
                0x000000000800263c                FPU_IRQHandler
                0x000000000800263c                OTG_HS_WKUP_IRQHandler
                0x000000000800263c                LTDC_ER_IRQHandler
                0x000000000800263c                CAN2_SCE_IRQHandler
                0x000000000800263c                DMA2_Stream2_IRQHandler
                0x000000000800263c                SPI1_IRQHandler
                0x000000000800263c                TIM6_DAC_IRQHandler
                0x000000000800263c                TIM1_BRK_TIM9_IRQHandler
                0x000000000800263c                DCMI_IRQHandler
                0x000000000800263c                CAN2_RX0_IRQHandler
                0x000000000800263c                DMA2_Stream3_IRQHandler
                0x000000000800263c                USART6_IRQHandler
                0x000000000800263c                USART3_IRQHandler
                0x000000000800263c                CAN1_RX1_IRQHandler
                0x000000000800263c                UART5_IRQHandler
                0x000000000800263c                DMA2_Stream0_IRQHandler
                0x000000000800263c                TIM4_IRQHandler
                0x000000000800263c                I2C1_EV_IRQHandler
                0x000000000800263c                DMA1_Stream6_IRQHandler
                0x000000000800263c                DMA1_Stream1_IRQHandler
                0x000000000800263c                UART4_IRQHandler
                0x000000000800263c                TIM3_IRQHandler
                0x000000000800263c                RCC_IRQHandler
                0x000000000800263c                TIM8_BRK_TIM12_IRQHandler
                0x000000000800263c                Default_Handler
                0x000000000800263c                EXTI15_10_IRQHandler
                0x000000000800263c                ADC_IRQHandler
                0x000000000800263c                DMA1_Stream7_IRQHandler
                0x000000000800263c                SPI5_IRQHandler
                0x000000000800263c                TIM7_IRQHandler
                0x000000000800263c                CAN2_TX_IRQHandler
                0x000000000800263c                TIM5_IRQHandler
                0x000000000800263c                DMA2_Stream7_IRQHandler
                0x000000000800263c                I2C3_EV_IRQHandler
                0x000000000800263c                EXTI9_5_IRQHandler
                0x000000000800263c                RTC_WKUP_IRQHandler
                0x000000000800263c                LTDC_IRQHandler
                0x000000000800263c                ETH_WKUP_IRQHandler
                0x000000000800263c                SPI2_IRQHandler
                0x000000000800263c                OTG_HS_EP1_IN_IRQHandler
                0x000000000800263c                DMA1_Stream0_IRQHandler
                0x000000000800263c                CAN1_TX_IRQHandler
                0x000000000800263c                EXTI4_IRQHandler
                0x000000000800263c                ETH_IRQHandler
                0x000000000800263c                OTG_HS_EP1_OUT_IRQHandler
                0x000000000800263c                WWDG_IRQHandler
                0x000000000800263c                SPI6_IRQHandler
                0x000000000800263c                TIM2_IRQHandler
                0x000000000800263c                OTG_FS_WKUP_IRQHandler
                0x000000000800263c                TIM1_TRG_COM_TIM11_IRQHandler
                0x000000000800263c                OTG_HS_IRQHandler
                0x000000000800263c                DMA2D_IRQHandler
                0x000000000800263c                EXTI1_IRQHandler
                0x000000000800263c                UART7_IRQHandler
                0x000000000800263c                USART2_IRQHandler
                0x000000000800263c                I2C2_ER_IRQHandler
                0x000000000800263c                DMA2_Stream1_IRQHandler
                0x000000000800263c                CAN1_SCE_IRQHandler
                0x000000000800263c                FLASH_IRQHandler
                0x000000000800263c                DMA2_Stream4_IRQHandler
                0x000000000800263c                USART1_IRQHandler
                0x000000000800263c                OTG_FS_IRQHandler
                0x000000000800263c                SPI3_IRQHandler
                0x000000000800263c                DMA1_Stream4_IRQHandler
                0x000000000800263c                I2C1_ER_IRQHandler
                0x000000000800263c                FMC_IRQHandler
                0x000000000800263c                DMA2_Stream6_IRQHandler
                0x000000000800263c                SAI1_IRQHandler
                0x000000000800263c                DMA1_Stream3_IRQHandler
 *fill*         0x000000000800263e        0x2 
 .text.HAL_Init
                0x0000000008002640       0x44 ./Drivers/STM32F4xx_HAL_Driver/stm32f4xx_hal.o
                0x0000000008002640                HAL_Init
 .text.HAL_InitTick
                0x0000000008002684       0x60 ./Drivers/STM32F4xx_HAL_Driver/stm32f4xx_hal.o
                0x0000000008002684                HAL_InitTick
 .text.HAL_IncTick
                0x00000000080026e4       0x28 ./Drivers/STM32F4xx_HAL_Driver/stm32f4xx_hal.o
                0x00000000080026e4                HAL_IncTick
 .text.HAL_GetTick
                0x000000000800270c       0x18 ./Drivers/STM32F4xx_HAL_Driver/stm32f4xx_hal.o
                0x000000000800270c                HAL_GetTick
 .text.HAL_Delay
                0x0000000008002724       0x48 ./Drivers/STM32F4xx_HAL_Driver/stm32f4xx_hal.o
                0x0000000008002724                HAL_Delay
 .text.__NVIC_SetPriorityGrouping
                0x000000000800276c       0x48 ./Drivers/STM32F4xx_HAL_Driver/stm32f4xx_hal_cortex.o
 .text.__NVIC_GetPriorityGrouping
                0x00000000080027b4       0x1c ./Drivers/STM32F4xx_HAL_Driver/stm32f4xx_hal_cortex.o
 .text.__NVIC_SetPriority
                0x00000000080027d0       0x54 ./Drivers/STM32F4xx_HAL_Driver/stm32f4xx_hal_cortex.o
 .text.NVIC_EncodePriority
                0x0000000008002824       0x66 ./Drivers/STM32F4xx_HAL_Driver/stm32f4xx_hal_cortex.o
 *fill*         0x000000000800288a        0x2 
 .text.SysTick_Config
                0x000000000800288c       0x44 ./Drivers/STM32F4xx_HAL_Driver/stm32f4xx_hal_cortex.o
 .text.HAL_NVIC_SetPriorityGrouping
                0x00000000080028d0       0x16 ./Drivers/STM32F4xx_HAL_Driver/stm32f4xx_hal_cortex.o
                0x00000000080028d0                HAL_NVIC_SetPriorityGrouping
 .text.HAL_NVIC_SetPriority
                0x00000000080028e6       0x38 ./Drivers/STM32F4xx_HAL_Driver/stm32f4xx_hal_cortex.o
                0x00000000080028e6                HAL_NVIC_SetPriority
 .text.HAL_SYSTICK_Config
                0x000000000800291e       0x18 ./Drivers/STM32F4xx_HAL_Driver/stm32f4xx_hal_cortex.o
                0x000000000800291e                HAL_SYSTICK_Config
 *fill*         0x0000000008002936        0x2 
 .text.HAL_ETH_Init
                0x0000000008002938       0xfc ./Drivers/STM32F4xx_HAL_Driver/stm32f4xx_hal_eth.o
                0x0000000008002938                HAL_ETH_Init
 .text.ETH_SetMACConfig
                0x0000000008002a34      0x160 ./Drivers/STM32F4xx_HAL_Driver/stm32f4xx_hal_eth.o
 .text.ETH_SetDMAConfig
                0x0000000008002b94      0x114 ./Drivers/STM32F4xx_HAL_Driver/stm32f4xx_hal_eth.o
 .text.ETH_MACDMAConfig
                0x0000000008002ca8       0xe4 ./Drivers/STM32F4xx_HAL_Driver/stm32f4xx_hal_eth.o
 .text.ETH_MACAddressConfig
                0x0000000008002d8c       0x70 ./Drivers/STM32F4xx_HAL_Driver/stm32f4xx_hal_eth.o
 .text.ETH_DMATxDescListInit
                0x0000000008002dfc       0xb2 ./Drivers/STM32F4xx_HAL_Driver/stm32f4xx_hal_eth.o
 .text.ETH_DMARxDescListInit
                0x0000000008002eae       0xda ./Drivers/STM32F4xx_HAL_Driver/stm32f4xx_hal_eth.o
 .text.HAL_GPIO_Init
                0x0000000008002f88      0x358 ./Drivers/STM32F4xx_HAL_Driver/stm32f4xx_hal_gpio.o
                0x0000000008002f88                HAL_GPIO_Init
 .text.HAL_GPIO_WritePin
                0x00000000080032e0       0x32 ./Drivers/STM32F4xx_HAL_Driver/stm32f4xx_hal_gpio.o
                0x00000000080032e0                HAL_GPIO_WritePin
 .text.HAL_PCD_Init
                0x0000000008003312      0x23a ./Drivers/STM32F4xx_HAL_Driver/stm32f4xx_hal_pcd.o
                0x0000000008003312                HAL_PCD_Init
 .text.HAL_RCC_OscConfig
                0x000000000800354c      0x4f0 ./Drivers/STM32F4xx_HAL_Driver/stm32f4xx_hal_rcc.o
                0x000000000800354c                HAL_RCC_OscConfig
 .text.HAL_RCC_ClockConfig
                0x0000000008003a3c      0x1cc ./Drivers/STM32F4xx_HAL_Driver/stm32f4xx_hal_rcc.o
                0x0000000008003a3c                HAL_RCC_ClockConfig
 .text.HAL_RCC_GetSysClockFreq
                0x0000000008003c08      0x20c ./Drivers/STM32F4xx_HAL_Driver/stm32f4xx_hal_rcc.o
                0x0000000008003c08                HAL_RCC_GetSysClockFreq
 .text.HAL_RCC_GetHCLKFreq
                0x0000000008003e14       0x18 ./Drivers/STM32F4xx_HAL_Driver/stm32f4xx_hal_rcc.o
                0x0000000008003e14                HAL_RCC_GetHCLKFreq
 .text.HAL_RCC_GetPCLK1Freq
                0x0000000008003e2c       0x28 ./Drivers/STM32F4xx_HAL_Driver/stm32f4xx_hal_rcc.o
                0x0000000008003e2c                HAL_RCC_GetPCLK1Freq
 .text.HAL_RCC_GetPCLK2Freq
                0x0000000008003e54       0x28 ./Drivers/STM32F4xx_HAL_Driver/stm32f4xx_hal_rcc.o
                0x0000000008003e54                HAL_RCC_GetPCLK2Freq
 .text.HAL_UART_Init
                0x0000000008003e7c       0x9a ./Drivers/STM32F4xx_HAL_Driver/stm32f4xx_hal_uart.o
                0x0000000008003e7c                HAL_UART_Init
 *fill*         0x0000000008003f16        0x2 
 .text.UART_SetConfig
                0x0000000008003f18      0x4e8 ./Drivers/STM32F4xx_HAL_Driver/stm32f4xx_hal_uart.o
 .text.USB_CoreInit
                0x0000000008004400       0xc2 ./Drivers/STM32F4xx_HAL_Driver/stm32f4xx_ll_usb.o
                0x0000000008004400                USB_CoreInit
 .text.USB_DisableGlobalInt
                0x00000000080044c2       0x22 ./Drivers/STM32F4xx_HAL_Driver/stm32f4xx_ll_usb.o
                0x00000000080044c2                USB_DisableGlobalInt
 .text.USB_SetCurrentMode
                0x00000000080044e4       0x98 ./Drivers/STM32F4xx_HAL_Driver/stm32f4xx_ll_usb.o
                0x00000000080044e4                USB_SetCurrentMode
 .text.USB_DevInit
                0x000000000800457c      0x2c8 ./Drivers/STM32F4xx_HAL_Driver/stm32f4xx_ll_usb.o
                0x000000000800457c                USB_DevInit
 .text.USB_FlushTxFifo
                0x0000000008004844       0x68 ./Drivers/STM32F4xx_HAL_Driver/stm32f4xx_ll_usb.o
                0x0000000008004844                USB_FlushTxFifo
 .text.USB_FlushRxFifo
                0x00000000080048ac       0x60 ./Drivers/STM32F4xx_HAL_Driver/stm32f4xx_ll_usb.o
                0x00000000080048ac                USB_FlushRxFifo
 .text.USB_SetDevSpeed
                0x000000000800490c       0x32 ./Drivers/STM32F4xx_HAL_Driver/stm32f4xx_ll_usb.o
                0x000000000800490c                USB_SetDevSpeed
 .text.USB_DevDisconnect
                0x000000000800493e       0x42 ./Drivers/STM32F4xx_HAL_Driver/stm32f4xx_ll_usb.o
                0x000000000800493e                USB_DevDisconnect
 .text.USB_GetMode
                0x0000000008004980       0x1c ./Drivers/STM32F4xx_HAL_Driver/stm32f4xx_ll_usb.o
                0x0000000008004980                USB_GetMode
 .text.USB_CoreReset
                0x000000000800499c       0x68 ./Drivers/STM32F4xx_HAL_Driver/stm32f4xx_ll_usb.o
 .text.__errno  0x0000000008004a04        0xc /home/francesco/st/stm32cubeide_1.11.2_2/plugins/com.st.stm32cube.ide.mcu.externaltools.gnu-tools-for-stm32.10.3-2021.10.linux64_1.0.100.202210260954/tools/bin/../lib/gcc/arm-none-eabi/10.3.1/../../../../arm-none-eabi/lib/thumb/v7e-m+fp/hard/libc_nano.a(lib_a-errno.o)
                0x0000000008004a04                __errno
 .text.__libc_init_array
                0x0000000008004a10       0x48 /home/francesco/st/stm32cubeide_1.11.2_2/plugins/com.st.stm32cube.ide.mcu.externaltools.gnu-tools-for-stm32.10.3-2021.10.linux64_1.0.100.202210260954/tools/bin/../lib/gcc/arm-none-eabi/10.3.1/../../../../arm-none-eabi/lib/thumb/v7e-m+fp/hard/libc_nano.a(lib_a-init.o)
                0x0000000008004a10                __libc_init_array
 .text.memcpy   0x0000000008004a58       0x1c /home/francesco/st/stm32cubeide_1.11.2_2/plugins/com.st.stm32cube.ide.mcu.externaltools.gnu-tools-for-stm32.10.3-2021.10.linux64_1.0.100.202210260954/tools/bin/../lib/gcc/arm-none-eabi/10.3.1/../../../../arm-none-eabi/lib/thumb/v7e-m+fp/hard/libc_nano.a(lib_a-memcpy-stub.o)
                0x0000000008004a58                memcpy
 .text.memset   0x0000000008004a74       0x10 /home/francesco/st/stm32cubeide_1.11.2_2/plugins/com.st.stm32cube.ide.mcu.externaltools.gnu-tools-for-stm32.10.3-2021.10.linux64_1.0.100.202210260954/tools/bin/../lib/gcc/arm-none-eabi/10.3.1/../../../../arm-none-eabi/lib/thumb/v7e-m+fp/hard/libc_nano.a(lib_a-memset.o)
                0x0000000008004a74                memset
 .text.srand    0x0000000008004a84       0x5c /home/francesco/st/stm32cubeide_1.11.2_2/plugins/com.st.stm32cube.ide.mcu.externaltools.gnu-tools-for-stm32.10.3-2021.10.linux64_1.0.100.202210260954/tools/bin/../lib/gcc/arm-none-eabi/10.3.1/../../../../arm-none-eabi/lib/thumb/v7e-m+fp/hard/libc_nano.a(lib_a-rand.o)
                0x0000000008004a84                srand
 .text.rand     0x0000000008004ae0       0x7c /home/francesco/st/stm32cubeide_1.11.2_2/plugins/com.st.stm32cube.ide.mcu.externaltools.gnu-tools-for-stm32.10.3-2021.10.linux64_1.0.100.202210260954/tools/bin/../lib/gcc/arm-none-eabi/10.3.1/../../../../arm-none-eabi/lib/thumb/v7e-m+fp/hard/libc_nano.a(lib_a-rand.o)
                0x0000000008004ae0                rand
 .text.__assert_func
                0x0000000008004b5c       0x3c /home/francesco/st/stm32cubeide_1.11.2_2/plugins/com.st.stm32cube.ide.mcu.externaltools.gnu-tools-for-stm32.10.3-2021.10.linux64_1.0.100.202210260954/tools/bin/../lib/gcc/arm-none-eabi/10.3.1/../../../../arm-none-eabi/lib/thumb/v7e-m+fp/hard/libc_nano.a(lib_a-assert.o)
                0x0000000008004b5c                __assert_func
 .text.fprintf  0x0000000008004b98       0x24 /home/francesco/st/stm32cubeide_1.11.2_2/plugins/com.st.stm32cube.ide.mcu.externaltools.gnu-tools-for-stm32.10.3-2021.10.linux64_1.0.100.202210260954/tools/bin/../lib/gcc/arm-none-eabi/10.3.1/../../../../arm-none-eabi/lib/thumb/v7e-m+fp/hard/libc_nano.a(lib_a-fprintf.o)
                0x0000000008004b98                fprintf
                0x0000000008004b98                fiprintf
 .text.malloc   0x0000000008004bbc       0x10 /home/francesco/st/stm32cubeide_1.11.2_2/plugins/com.st.stm32cube.ide.mcu.externaltools.gnu-tools-for-stm32.10.3-2021.10.linux64_1.0.100.202210260954/tools/bin/../lib/gcc/arm-none-eabi/10.3.1/../../../../arm-none-eabi/lib/thumb/v7e-m+fp/hard/libc_nano.a(lib_a-malloc.o)
                0x0000000008004bbc                malloc
 .text._free_r  0x0000000008004bcc       0x98 /home/francesco/st/stm32cubeide_1.11.2_2/plugins/com.st.stm32cube.ide.mcu.externaltools.gnu-tools-for-stm32.10.3-2021.10.linux64_1.0.100.202210260954/tools/bin/../lib/gcc/arm-none-eabi/10.3.1/../../../../arm-none-eabi/lib/thumb/v7e-m+fp/hard/libc_nano.a(lib_a-nano-freer.o)
                0x0000000008004bcc                _free_r
 .text.sbrk_aligned
                0x0000000008004c64       0x40 /home/francesco/st/stm32cubeide_1.11.2_2/plugins/com.st.stm32cube.ide.mcu.externaltools.gnu-tools-for-stm32.10.3-2021.10.linux64_1.0.100.202210260954/tools/bin/../lib/gcc/arm-none-eabi/10.3.1/../../../../arm-none-eabi/lib/thumb/v7e-m+fp/hard/libc_nano.a(lib_a-nano-mallocr.o)
 .text._malloc_r
                0x0000000008004ca4       0xe8 /home/francesco/st/stm32cubeide_1.11.2_2/plugins/com.st.stm32cube.ide.mcu.externaltools.gnu-tools-for-stm32.10.3-2021.10.linux64_1.0.100.202210260954/tools/bin/../lib/gcc/arm-none-eabi/10.3.1/../../../../arm-none-eabi/lib/thumb/v7e-m+fp/hard/libc_nano.a(lib_a-nano-mallocr.o)
                0x0000000008004ca4                _malloc_r
 .text.__sfputc_r
                0x0000000008004d8c       0x2e /home/francesco/st/stm32cubeide_1.11.2_2/plugins/com.st.stm32cube.ide.mcu.externaltools.gnu-tools-for-stm32.10.3-2021.10.linux64_1.0.100.202210260954/tools/bin/../lib/gcc/arm-none-eabi/10.3.1/../../../../arm-none-eabi/lib/thumb/v7e-m+fp/hard/libc_nano.a(lib_a-nano-vfprintf.o)
 .text.__sfputs_r
                0x0000000008004dba       0x24 /home/francesco/st/stm32cubeide_1.11.2_2/plugins/com.st.stm32cube.ide.mcu.externaltools.gnu-tools-for-stm32.10.3-2021.10.linux64_1.0.100.202210260954/tools/bin/../lib/gcc/arm-none-eabi/10.3.1/../../../../arm-none-eabi/lib/thumb/v7e-m+fp/hard/libc_nano.a(lib_a-nano-vfprintf.o)
                0x0000000008004dba                __sfputs_r
 *fill*         0x0000000008004dde        0x2 
 .text._vfprintf_r
                0x0000000008004de0      0x260 /home/francesco/st/stm32cubeide_1.11.2_2/plugins/com.st.stm32cube.ide.mcu.externaltools.gnu-tools-for-stm32.10.3-2021.10.linux64_1.0.100.202210260954/tools/bin/../lib/gcc/arm-none-eabi/10.3.1/../../../../arm-none-eabi/lib/thumb/v7e-m+fp/hard/libc_nano.a(lib_a-nano-vfprintf.o)
                0x0000000008004de0                _vfiprintf_r
                0x0000000008004de0                _vfprintf_r
 .text._printf_common
                0x0000000008005040       0xda /home/francesco/st/stm32cubeide_1.11.2_2/plugins/com.st.stm32cube.ide.mcu.externaltools.gnu-tools-for-stm32.10.3-2021.10.linux64_1.0.100.202210260954/tools/bin/../lib/gcc/arm-none-eabi/10.3.1/../../../../arm-none-eabi/lib/thumb/v7e-m+fp/hard/libc_nano.a(lib_a-nano-vfprintf_i.o)
                0x0000000008005040                _printf_common
 *fill*         0x000000000800511a        0x2 
 .text._printf_i
                0x000000000800511c      0x24c /home/francesco/st/stm32cubeide_1.11.2_2/plugins/com.st.stm32cube.ide.mcu.externaltools.gnu-tools-for-stm32.10.3-2021.10.linux64_1.0.100.202210260954/tools/bin/../lib/gcc/arm-none-eabi/10.3.1/../../../../arm-none-eabi/lib/thumb/v7e-m+fp/hard/libc_nano.a(lib_a-nano-vfprintf_i.o)
                0x000000000800511c                _printf_i
 .text._sbrk_r  0x0000000008005368       0x20 /home/francesco/st/stm32cubeide_1.11.2_2/plugins/com.st.stm32cube.ide.mcu.externaltools.gnu-tools-for-stm32.10.3-2021.10.linux64_1.0.100.202210260954/tools/bin/../lib/gcc/arm-none-eabi/10.3.1/../../../../arm-none-eabi/lib/thumb/v7e-m+fp/hard/libc_nano.a(lib_a-sbrkr.o)
                0x0000000008005368                _sbrk_r
 .text.__swbuf_r
                0x0000000008005388       0xa4 /home/francesco/st/stm32cubeide_1.11.2_2/plugins/com.st.stm32cube.ide.mcu.externaltools.gnu-tools-for-stm32.10.3-2021.10.linux64_1.0.100.202210260954/tools/bin/../lib/gcc/arm-none-eabi/10.3.1/../../../../arm-none-eabi/lib/thumb/v7e-m+fp/hard/libc_nano.a(lib_a-wbuf.o)
                0x0000000008005388                __swbuf_r
 .text.__swsetup_r
                0x000000000800542c       0xdc /home/francesco/st/stm32cubeide_1.11.2_2/plugins/com.st.stm32cube.ide.mcu.externaltools.gnu-tools-for-stm32.10.3-2021.10.linux64_1.0.100.202210260954/tools/bin/../lib/gcc/arm-none-eabi/10.3.1/../../../../arm-none-eabi/lib/thumb/v7e-m+fp/hard/libc_nano.a(lib_a-wsetup.o)
                0x000000000800542c                __swsetup_r
 .text.abort    0x0000000008005508        0xe /home/francesco/st/stm32cubeide_1.11.2_2/plugins/com.st.stm32cube.ide.mcu.externaltools.gnu-tools-for-stm32.10.3-2021.10.linux64_1.0.100.202210260954/tools/bin/../lib/gcc/arm-none-eabi/10.3.1/../../../../arm-none-eabi/lib/thumb/v7e-m+fp/hard/libc_nano.a(lib_a-abort.o)
                0x0000000008005508                abort
 *fill*         0x0000000008005516        0x2 
 .text.__sflush_r
                0x0000000008005518      0x10c /home/francesco/st/stm32cubeide_1.11.2_2/plugins/com.st.stm32cube.ide.mcu.externaltools.gnu-tools-for-stm32.10.3-2021.10.linux64_1.0.100.202210260954/tools/bin/../lib/gcc/arm-none-eabi/10.3.1/../../../../arm-none-eabi/lib/thumb/v7e-m+fp/hard/libc_nano.a(lib_a-fflush.o)
                0x0000000008005518                __sflush_r
 .text._fflush_r
                0x0000000008005624       0x78 /home/francesco/st/stm32cubeide_1.11.2_2/plugins/com.st.stm32cube.ide.mcu.externaltools.gnu-tools-for-stm32.10.3-2021.10.linux64_1.0.100.202210260954/tools/bin/../lib/gcc/arm-none-eabi/10.3.1/../../../../arm-none-eabi/lib/thumb/v7e-m+fp/hard/libc_nano.a(lib_a-fflush.o)
                0x0000000008005624                _fflush_r
 .text.std      0x000000000800569c       0x48 /home/francesco/st/stm32cubeide_1.11.2_2/plugins/com.st.stm32cube.ide.mcu.externaltools.gnu-tools-for-stm32.10.3-2021.10.linux64_1.0.100.202210260954/tools/bin/../lib/gcc/arm-none-eabi/10.3.1/../../../../arm-none-eabi/lib/thumb/v7e-m+fp/hard/libc_nano.a(lib_a-findfp.o)
 .text._cleanup_r
                0x00000000080056e4        0xc /home/francesco/st/stm32cubeide_1.11.2_2/plugins/com.st.stm32cube.ide.mcu.externaltools.gnu-tools-for-stm32.10.3-2021.10.linux64_1.0.100.202210260954/tools/bin/../lib/gcc/arm-none-eabi/10.3.1/../../../../arm-none-eabi/lib/thumb/v7e-m+fp/hard/libc_nano.a(lib_a-findfp.o)
                0x00000000080056e4                _cleanup_r
 .text.__sfmoreglue
                0x00000000080056f0       0x2c /home/francesco/st/stm32cubeide_1.11.2_2/plugins/com.st.stm32cube.ide.mcu.externaltools.gnu-tools-for-stm32.10.3-2021.10.linux64_1.0.100.202210260954/tools/bin/../lib/gcc/arm-none-eabi/10.3.1/../../../../arm-none-eabi/lib/thumb/v7e-m+fp/hard/libc_nano.a(lib_a-findfp.o)
                0x00000000080056f0                __sfmoreglue
 .text.__sfp_lock_acquire
                0x000000000800571c        0xc /home/francesco/st/stm32cubeide_1.11.2_2/plugins/com.st.stm32cube.ide.mcu.externaltools.gnu-tools-for-stm32.10.3-2021.10.linux64_1.0.100.202210260954/tools/bin/../lib/gcc/arm-none-eabi/10.3.1/../../../../arm-none-eabi/lib/thumb/v7e-m+fp/hard/libc_nano.a(lib_a-findfp.o)
                0x000000000800571c                __sfp_lock_acquire
 .text.__sfp_lock_release
                0x0000000008005728        0xc /home/francesco/st/stm32cubeide_1.11.2_2/plugins/com.st.stm32cube.ide.mcu.externaltools.gnu-tools-for-stm32.10.3-2021.10.linux64_1.0.100.202210260954/tools/bin/../lib/gcc/arm-none-eabi/10.3.1/../../../../arm-none-eabi/lib/thumb/v7e-m+fp/hard/libc_nano.a(lib_a-findfp.o)
                0x0000000008005728                __sfp_lock_release
 .text.__sinit_lock_acquire
                0x0000000008005734        0xc /home/francesco/st/stm32cubeide_1.11.2_2/plugins/com.st.stm32cube.ide.mcu.externaltools.gnu-tools-for-stm32.10.3-2021.10.linux64_1.0.100.202210260954/tools/bin/../lib/gcc/arm-none-eabi/10.3.1/../../../../arm-none-eabi/lib/thumb/v7e-m+fp/hard/libc_nano.a(lib_a-findfp.o)
                0x0000000008005734                __sinit_lock_acquire
 .text.__sinit_lock_release
                0x0000000008005740        0xc /home/francesco/st/stm32cubeide_1.11.2_2/plugins/com.st.stm32cube.ide.mcu.externaltools.gnu-tools-for-stm32.10.3-2021.10.linux64_1.0.100.202210260954/tools/bin/../lib/gcc/arm-none-eabi/10.3.1/../../../../arm-none-eabi/lib/thumb/v7e-m+fp/hard/libc_nano.a(lib_a-findfp.o)
                0x0000000008005740                __sinit_lock_release
 .text.__sinit  0x000000000800574c       0x70 /home/francesco/st/stm32cubeide_1.11.2_2/plugins/com.st.stm32cube.ide.mcu.externaltools.gnu-tools-for-stm32.10.3-2021.10.linux64_1.0.100.202210260954/tools/bin/../lib/gcc/arm-none-eabi/10.3.1/../../../../arm-none-eabi/lib/thumb/v7e-m+fp/hard/libc_nano.a(lib_a-findfp.o)
                0x000000000800574c                __sinit
 .text.__sfp    0x00000000080057bc       0x8c /home/francesco/st/stm32cubeide_1.11.2_2/plugins/com.st.stm32cube.ide.mcu.externaltools.gnu-tools-for-stm32.10.3-2021.10.linux64_1.0.100.202210260954/tools/bin/../lib/gcc/arm-none-eabi/10.3.1/../../../../arm-none-eabi/lib/thumb/v7e-m+fp/hard/libc_nano.a(lib_a-findfp.o)
                0x00000000080057bc                __sfp
 .text._fwalk_reent
                0x0000000008005848       0x3e /home/francesco/st/stm32cubeide_1.11.2_2/plugins/com.st.stm32cube.ide.mcu.externaltools.gnu-tools-for-stm32.10.3-2021.10.linux64_1.0.100.202210260954/tools/bin/../lib/gcc/arm-none-eabi/10.3.1/../../../../arm-none-eabi/lib/thumb/v7e-m+fp/hard/libc_nano.a(lib_a-fwalk.o)
                0x0000000008005848                _fwalk_reent
 .text.__retarget_lock_init_recursive
                0x0000000008005886        0x2 /home/francesco/st/stm32cubeide_1.11.2_2/plugins/com.st.stm32cube.ide.mcu.externaltools.gnu-tools-for-stm32.10.3-2021.10.linux64_1.0.100.202210260954/tools/bin/../lib/gcc/arm-none-eabi/10.3.1/../../../../arm-none-eabi/lib/thumb/v7e-m+fp/hard/libc_nano.a(lib_a-lock.o)
                0x0000000008005886                __retarget_lock_init_recursive
 .text.__retarget_lock_acquire_recursive
                0x0000000008005888        0x2 /home/francesco/st/stm32cubeide_1.11.2_2/plugins/com.st.stm32cube.ide.mcu.externaltools.gnu-tools-for-stm32.10.3-2021.10.linux64_1.0.100.202210260954/tools/bin/../lib/gcc/arm-none-eabi/10.3.1/../../../../arm-none-eabi/lib/thumb/v7e-m+fp/hard/libc_nano.a(lib_a-lock.o)
                0x0000000008005888                __retarget_lock_acquire_recursive
 .text.__retarget_lock_release_recursive
                0x000000000800588a        0x2 /home/francesco/st/stm32cubeide_1.11.2_2/plugins/com.st.stm32cube.ide.mcu.externaltools.gnu-tools-for-stm32.10.3-2021.10.linux64_1.0.100.202210260954/tools/bin/../lib/gcc/arm-none-eabi/10.3.1/../../../../arm-none-eabi/lib/thumb/v7e-m+fp/hard/libc_nano.a(lib_a-lock.o)
                0x000000000800588a                __retarget_lock_release_recursive
 .text.__swhatbuf_r
                0x000000000800588c       0x4a /home/francesco/st/stm32cubeide_1.11.2_2/plugins/com.st.stm32cube.ide.mcu.externaltools.gnu-tools-for-stm32.10.3-2021.10.linux64_1.0.100.202210260954/tools/bin/../lib/gcc/arm-none-eabi/10.3.1/../../../../arm-none-eabi/lib/thumb/v7e-m+fp/hard/libc_nano.a(lib_a-makebuf.o)
                0x000000000800588c                __swhatbuf_r
 *fill*         0x00000000080058d6        0x2 
 .text.__smakebuf_r
                0x00000000080058d8       0x80 /home/francesco/st/stm32cubeide_1.11.2_2/plugins/com.st.stm32cube.ide.mcu.externaltools.gnu-tools-for-stm32.10.3-2021.10.linux64_1.0.100.202210260954/tools/bin/../lib/gcc/arm-none-eabi/10.3.1/../../../../arm-none-eabi/lib/thumb/v7e-m+fp/hard/libc_nano.a(lib_a-makebuf.o)
                0x00000000080058d8                __smakebuf_r
 .text.__malloc_lock
                0x0000000008005958        0xc /home/francesco/st/stm32cubeide_1.11.2_2/plugins/com.st.stm32cube.ide.mcu.externaltools.gnu-tools-for-stm32.10.3-2021.10.linux64_1.0.100.202210260954/tools/bin/../lib/gcc/arm-none-eabi/10.3.1/../../../../arm-none-eabi/lib/thumb/v7e-m+fp/hard/libc_nano.a(lib_a-mlock.o)
                0x0000000008005958                __malloc_lock
 .text.__malloc_unlock
                0x0000000008005964        0xc /home/francesco/st/stm32cubeide_1.11.2_2/plugins/com.st.stm32cube.ide.mcu.externaltools.gnu-tools-for-stm32.10.3-2021.10.linux64_1.0.100.202210260954/tools/bin/../lib/gcc/arm-none-eabi/10.3.1/../../../../arm-none-eabi/lib/thumb/v7e-m+fp/hard/libc_nano.a(lib_a-mlock.o)
                0x0000000008005964                __malloc_unlock
 .text._raise_r
                0x0000000008005970       0x50 /home/francesco/st/stm32cubeide_1.11.2_2/plugins/com.st.stm32cube.ide.mcu.externaltools.gnu-tools-for-stm32.10.3-2021.10.linux64_1.0.100.202210260954/tools/bin/../lib/gcc/arm-none-eabi/10.3.1/../../../../arm-none-eabi/lib/thumb/v7e-m+fp/hard/libc_nano.a(lib_a-signal.o)
                0x0000000008005970                _raise_r
 .text.raise    0x00000000080059c0       0x10 /home/francesco/st/stm32cubeide_1.11.2_2/plugins/com.st.stm32cube.ide.mcu.externaltools.gnu-tools-for-stm32.10.3-2021.10.linux64_1.0.100.202210260954/tools/bin/../lib/gcc/arm-none-eabi/10.3.1/../../../../arm-none-eabi/lib/thumb/v7e-m+fp/hard/libc_nano.a(lib_a-signal.o)
                0x00000000080059c0                raise
 .text._kill_r  0x00000000080059d0       0x24 /home/francesco/st/stm32cubeide_1.11.2_2/plugins/com.st.stm32cube.ide.mcu.externaltools.gnu-tools-for-stm32.10.3-2021.10.linux64_1.0.100.202210260954/tools/bin/../lib/gcc/arm-none-eabi/10.3.1/../../../../arm-none-eabi/lib/thumb/v7e-m+fp/hard/libc_nano.a(lib_a-signalr.o)
                0x00000000080059d0                _kill_r
 .text._getpid_r
                0x00000000080059f4        0x4 /home/francesco/st/stm32cubeide_1.11.2_2/plugins/com.st.stm32cube.ide.mcu.externaltools.gnu-tools-for-stm32.10.3-2021.10.linux64_1.0.100.202210260954/tools/bin/../lib/gcc/arm-none-eabi/10.3.1/../../../../arm-none-eabi/lib/thumb/v7e-m+fp/hard/libc_nano.a(lib_a-signalr.o)
                0x00000000080059f4                _getpid_r
 .text.__sread  0x00000000080059f8       0x22 /home/francesco/st/stm32cubeide_1.11.2_2/plugins/com.st.stm32cube.ide.mcu.externaltools.gnu-tools-for-stm32.10.3-2021.10.linux64_1.0.100.202210260954/tools/bin/../lib/gcc/arm-none-eabi/10.3.1/../../../../arm-none-eabi/lib/thumb/v7e-m+fp/hard/libc_nano.a(lib_a-stdio.o)
                0x00000000080059f8                __sread
 .text.__swrite
                0x0000000008005a1a       0x38 /home/francesco/st/stm32cubeide_1.11.2_2/plugins/com.st.stm32cube.ide.mcu.externaltools.gnu-tools-for-stm32.10.3-2021.10.linux64_1.0.100.202210260954/tools/bin/../lib/gcc/arm-none-eabi/10.3.1/../../../../arm-none-eabi/lib/thumb/v7e-m+fp/hard/libc_nano.a(lib_a-stdio.o)
                0x0000000008005a1a                __swrite
 .text.__sseek  0x0000000008005a52       0x24 /home/francesco/st/stm32cubeide_1.11.2_2/plugins/com.st.stm32cube.ide.mcu.externaltools.gnu-tools-for-stm32.10.3-2021.10.linux64_1.0.100.202210260954/tools/bin/../lib/gcc/arm-none-eabi/10.3.1/../../../../arm-none-eabi/lib/thumb/v7e-m+fp/hard/libc_nano.a(lib_a-stdio.o)
                0x0000000008005a52                __sseek
 .text.__sclose
                0x0000000008005a76        0x8 /home/francesco/st/stm32cubeide_1.11.2_2/plugins/com.st.stm32cube.ide.mcu.externaltools.gnu-tools-for-stm32.10.3-2021.10.linux64_1.0.100.202210260954/tools/bin/../lib/gcc/arm-none-eabi/10.3.1/../../../../arm-none-eabi/lib/thumb/v7e-m+fp/hard/libc_nano.a(lib_a-stdio.o)
                0x0000000008005a76                __sclose
 *fill*         0x0000000008005a7e        0x2 
 .text._write_r
                0x0000000008005a80       0x24 /home/francesco/st/stm32cubeide_1.11.2_2/plugins/com.st.stm32cube.ide.mcu.externaltools.gnu-tools-for-stm32.10.3-2021.10.linux64_1.0.100.202210260954/tools/bin/../lib/gcc/arm-none-eabi/10.3.1/../../../../arm-none-eabi/lib/thumb/v7e-m+fp/hard/libc_nano.a(lib_a-writer.o)
                0x0000000008005a80                _write_r
 .text._close_r
                0x0000000008005aa4       0x20 /home/francesco/st/stm32cubeide_1.11.2_2/plugins/com.st.stm32cube.ide.mcu.externaltools.gnu-tools-for-stm32.10.3-2021.10.linux64_1.0.100.202210260954/tools/bin/../lib/gcc/arm-none-eabi/10.3.1/../../../../arm-none-eabi/lib/thumb/v7e-m+fp/hard/libc_nano.a(lib_a-closer.o)
                0x0000000008005aa4                _close_r
 .text._fstat_r
                0x0000000008005ac4       0x24 /home/francesco/st/stm32cubeide_1.11.2_2/plugins/com.st.stm32cube.ide.mcu.externaltools.gnu-tools-for-stm32.10.3-2021.10.linux64_1.0.100.202210260954/tools/bin/../lib/gcc/arm-none-eabi/10.3.1/../../../../arm-none-eabi/lib/thumb/v7e-m+fp/hard/libc_nano.a(lib_a-fstatr.o)
                0x0000000008005ac4                _fstat_r
 .text._isatty_r
                0x0000000008005ae8       0x20 /home/francesco/st/stm32cubeide_1.11.2_2/plugins/com.st.stm32cube.ide.mcu.externaltools.gnu-tools-for-stm32.10.3-2021.10.linux64_1.0.100.202210260954/tools/bin/../lib/gcc/arm-none-eabi/10.3.1/../../../../arm-none-eabi/lib/thumb/v7e-m+fp/hard/libc_nano.a(lib_a-isattyr.o)
                0x0000000008005ae8                _isatty_r
 .text._lseek_r
                0x0000000008005b08       0x24 /home/francesco/st/stm32cubeide_1.11.2_2/plugins/com.st.stm32cube.ide.mcu.externaltools.gnu-tools-for-stm32.10.3-2021.10.linux64_1.0.100.202210260954/tools/bin/../lib/gcc/arm-none-eabi/10.3.1/../../../../arm-none-eabi/lib/thumb/v7e-m+fp/hard/libc_nano.a(lib_a-lseekr.o)
                0x0000000008005b08                _lseek_r
 .text._read_r  0x0000000008005b2c       0x24 /home/francesco/st/stm32cubeide_1.11.2_2/plugins/com.st.stm32cube.ide.mcu.externaltools.gnu-tools-for-stm32.10.3-2021.10.linux64_1.0.100.202210260954/tools/bin/../lib/gcc/arm-none-eabi/10.3.1/../../../../arm-none-eabi/lib/thumb/v7e-m+fp/hard/libc_nano.a(lib_a-readr.o)
                0x0000000008005b2c                _read_r
 *(.glue_7)
 .glue_7        0x0000000008005b50        0x0 linker stubs
 *(.glue_7t)
 .glue_7t       0x0000000008005b50        0x0 linker stubs
 *(.eh_frame)
 .eh_frame      0x0000000008005b50        0x0 /home/francesco/st/stm32cubeide_1.11.2_2/plugins/com.st.stm32cube.ide.mcu.externaltools.gnu-tools-for-stm32.10.3-2021.10.linux64_1.0.100.202210260954/tools/bin/../lib/gcc/arm-none-eabi/10.3.1/thumb/v7e-m+fp/hard/crtbegin.o
 *(.init)
 .init          0x0000000008005b50        0x4 /home/francesco/st/stm32cubeide_1.11.2_2/plugins/com.st.stm32cube.ide.mcu.externaltools.gnu-tools-for-stm32.10.3-2021.10.linux64_1.0.100.202210260954/tools/bin/../lib/gcc/arm-none-eabi/10.3.1/thumb/v7e-m+fp/hard/crti.o
                0x0000000008005b50                _init
 .init          0x0000000008005b54        0x8 /home/francesco/st/stm32cubeide_1.11.2_2/plugins/com.st.stm32cube.ide.mcu.externaltools.gnu-tools-for-stm32.10.3-2021.10.linux64_1.0.100.202210260954/tools/bin/../lib/gcc/arm-none-eabi/10.3.1/thumb/v7e-m+fp/hard/crtn.o
 *(.fini)
 .fini          0x0000000008005b5c        0x4 /home/francesco/st/stm32cubeide_1.11.2_2/plugins/com.st.stm32cube.ide.mcu.externaltools.gnu-tools-for-stm32.10.3-2021.10.linux64_1.0.100.202210260954/tools/bin/../lib/gcc/arm-none-eabi/10.3.1/thumb/v7e-m+fp/hard/crti.o
                0x0000000008005b5c                _fini
 .fini          0x0000000008005b60        0x8 /home/francesco/st/stm32cubeide_1.11.2_2/plugins/com.st.stm32cube.ide.mcu.externaltools.gnu-tools-for-stm32.10.3-2021.10.linux64_1.0.100.202210260954/tools/bin/../lib/gcc/arm-none-eabi/10.3.1/thumb/v7e-m+fp/hard/crtn.o
                0x0000000008005b68                . = ALIGN (0x4)
                0x0000000008005b68                _etext = .

.vfp11_veneer   0x0000000008005b68        0x0
 .vfp11_veneer  0x0000000008005b68        0x0 linker stubs

.v4_bx          0x0000000008005b68        0x0
 .v4_bx         0x0000000008005b68        0x0 linker stubs

.iplt           0x0000000008005b68        0x0
 .iplt          0x0000000008005b68        0x0 /home/francesco/st/stm32cubeide_1.11.2_2/plugins/com.st.stm32cube.ide.mcu.externaltools.gnu-tools-for-stm32.10.3-2021.10.linux64_1.0.100.202210260954/tools/bin/../lib/gcc/arm-none-eabi/10.3.1/thumb/v7e-m+fp/hard/crtbegin.o

.rodata         0x0000000008005b68      0x584
                0x0000000008005b68                . = ALIGN (0x4)
 *(.rodata)
 .rodata        0x0000000008005b68      0x2d6 ./Core/Src/asm_func_tester.o
 *fill*         0x0000000008005e3e        0x2 
 .rodata        0x0000000008005e40      0x14c ./Core/Src/c_func_tester.o
 *(.rodata*)
 .rodata.AHBPrescTable
                0x0000000008005f8c       0x10 ./Core/Src/system_stm32f4xx.o
                0x0000000008005f8c                AHBPrescTable
 .rodata.APBPrescTable
                0x0000000008005f9c        0x8 ./Core/Src/system_stm32f4xx.o
                0x0000000008005f9c                APBPrescTable
 .rodata._global_impure_ptr
                0x0000000008005fa4        0x4 /home/francesco/st/stm32cubeide_1.11.2_2/plugins/com.st.stm32cube.ide.mcu.externaltools.gnu-tools-for-stm32.10.3-2021.10.linux64_1.0.100.202210260954/tools/bin/../lib/gcc/arm-none-eabi/10.3.1/../../../../arm-none-eabi/lib/thumb/v7e-m+fp/hard/libc_nano.a(lib_a-impure.o)
                0x0000000008005fa4                _global_impure_ptr
 .rodata.srand.str1.1
                0x0000000008005fa8       0x72 /home/francesco/st/stm32cubeide_1.11.2_2/plugins/com.st.stm32cube.ide.mcu.externaltools.gnu-tools-for-stm32.10.3-2021.10.linux64_1.0.100.202210260954/tools/bin/../lib/gcc/arm-none-eabi/10.3.1/../../../../arm-none-eabi/lib/thumb/v7e-m+fp/hard/libc_nano.a(lib_a-rand.o)
 .rodata.__assert_func.str1.1
                0x000000000800601a       0x3c /home/francesco/st/stm32cubeide_1.11.2_2/plugins/com.st.stm32cube.ide.mcu.externaltools.gnu-tools-for-stm32.10.3-2021.10.linux64_1.0.100.202210260954/tools/bin/../lib/gcc/arm-none-eabi/10.3.1/../../../../arm-none-eabi/lib/thumb/v7e-m+fp/hard/libc_nano.a(lib_a-assert.o)
                                         0x3d (size before relaxing)
 .rodata._vfprintf_r.str1.1
                0x0000000008006056       0x11 /home/francesco/st/stm32cubeide_1.11.2_2/plugins/com.st.stm32cube.ide.mcu.externaltools.gnu-tools-for-stm32.10.3-2021.10.linux64_1.0.100.202210260954/tools/bin/../lib/gcc/arm-none-eabi/10.3.1/../../../../arm-none-eabi/lib/thumb/v7e-m+fp/hard/libc_nano.a(lib_a-nano-vfprintf.o)
 .rodata._printf_i.str1.1
                0x0000000008006067       0x22 /home/francesco/st/stm32cubeide_1.11.2_2/plugins/com.st.stm32cube.ide.mcu.externaltools.gnu-tools-for-stm32.10.3-2021.10.linux64_1.0.100.202210260954/tools/bin/../lib/gcc/arm-none-eabi/10.3.1/../../../../arm-none-eabi/lib/thumb/v7e-m+fp/hard/libc_nano.a(lib_a-nano-vfprintf_i.o)
 *fill*         0x0000000008006089        0x3 
 .rodata.__sf_fake_stderr
                0x000000000800608c       0x20 /home/francesco/st/stm32cubeide_1.11.2_2/plugins/com.st.stm32cube.ide.mcu.externaltools.gnu-tools-for-stm32.10.3-2021.10.linux64_1.0.100.202210260954/tools/bin/../lib/gcc/arm-none-eabi/10.3.1/../../../../arm-none-eabi/lib/thumb/v7e-m+fp/hard/libc_nano.a(lib_a-findfp.o)
                0x000000000800608c                __sf_fake_stderr
 .rodata.__sf_fake_stdin
                0x00000000080060ac       0x20 /home/francesco/st/stm32cubeide_1.11.2_2/plugins/com.st.stm32cube.ide.mcu.externaltools.gnu-tools-for-stm32.10.3-2021.10.linux64_1.0.100.202210260954/tools/bin/../lib/gcc/arm-none-eabi/10.3.1/../../../../arm-none-eabi/lib/thumb/v7e-m+fp/hard/libc_nano.a(lib_a-findfp.o)
                0x00000000080060ac                __sf_fake_stdin
 .rodata.__sf_fake_stdout
                0x00000000080060cc       0x20 /home/francesco/st/stm32cubeide_1.11.2_2/plugins/com.st.stm32cube.ide.mcu.externaltools.gnu-tools-for-stm32.10.3-2021.10.linux64_1.0.100.202210260954/tools/bin/../lib/gcc/arm-none-eabi/10.3.1/../../../../arm-none-eabi/lib/thumb/v7e-m+fp/hard/libc_nano.a(lib_a-findfp.o)
                0x00000000080060cc                __sf_fake_stdout
                0x00000000080060ec                . = ALIGN (0x4)

.ARM.extab      0x00000000080060ec        0x0
                0x00000000080060ec                . = ALIGN (0x4)
 *(.ARM.extab* .gnu.linkonce.armextab.*)
                0x00000000080060ec                . = ALIGN (0x4)

.ARM            0x00000000080060ec        0x8
                0x00000000080060ec                . = ALIGN (0x4)
                0x00000000080060ec                __exidx_start = .
 *(.ARM.exidx*)
 .ARM.exidx     0x00000000080060ec        0x8 /home/francesco/st/stm32cubeide_1.11.2_2/plugins/com.st.stm32cube.ide.mcu.externaltools.gnu-tools-for-stm32.10.3-2021.10.linux64_1.0.100.202210260954/tools/bin/../lib/gcc/arm-none-eabi/10.3.1/thumb/v7e-m+fp/hard/libgcc.a(_udivmoddi4.o)
                0x00000000080060f4                __exidx_end = .
                0x00000000080060f4                . = ALIGN (0x4)

.rel.dyn        0x00000000080060f4        0x0
 .rel.iplt      0x00000000080060f4        0x0 /home/francesco/st/stm32cubeide_1.11.2_2/plugins/com.st.stm32cube.ide.mcu.externaltools.gnu-tools-for-stm32.10.3-2021.10.linux64_1.0.100.202210260954/tools/bin/../lib/gcc/arm-none-eabi/10.3.1/thumb/v7e-m+fp/hard/crtbegin.o

.preinit_array  0x00000000080060f4        0x0
                0x00000000080060f4                . = ALIGN (0x4)
                0x00000000080060f4                PROVIDE (__preinit_array_start = .)
 *(.preinit_array*)
                0x00000000080060f4                PROVIDE (__preinit_array_end = .)
                0x00000000080060f4                . = ALIGN (0x4)

.init_array     0x00000000080060f4        0x4
                0x00000000080060f4                . = ALIGN (0x4)
                0x00000000080060f4                PROVIDE (__init_array_start = .)
 *(SORT_BY_NAME(.init_array.*))
 *(.init_array*)
 .init_array    0x00000000080060f4        0x4 /home/francesco/st/stm32cubeide_1.11.2_2/plugins/com.st.stm32cube.ide.mcu.externaltools.gnu-tools-for-stm32.10.3-2021.10.linux64_1.0.100.202210260954/tools/bin/../lib/gcc/arm-none-eabi/10.3.1/thumb/v7e-m+fp/hard/crtbegin.o
                0x00000000080060f8                PROVIDE (__init_array_end = .)
                0x00000000080060f8                . = ALIGN (0x4)

.fini_array     0x00000000080060f8        0x4
                0x00000000080060f8                . = ALIGN (0x4)
                [!provide]                        PROVIDE (__fini_array_start = .)
 *(SORT_BY_NAME(.fini_array.*))
 *(.fini_array*)
 .fini_array    0x00000000080060f8        0x4 /home/francesco/st/stm32cubeide_1.11.2_2/plugins/com.st.stm32cube.ide.mcu.externaltools.gnu-tools-for-stm32.10.3-2021.10.linux64_1.0.100.202210260954/tools/bin/../lib/gcc/arm-none-eabi/10.3.1/thumb/v7e-m+fp/hard/crtbegin.o
                [!provide]                        PROVIDE (__fini_array_end = .)
                0x00000000080060fc                . = ALIGN (0x4)
                0x00000000080060fc                _sidata = LOADADDR (.data)

.data           0x0000000020000000       0x70 load address 0x00000000080060fc
                0x0000000020000000                . = ALIGN (0x4)
                0x0000000020000000                _sdata = .
 *(.data)
 *(.data*)
 .data.SystemCoreClock
                0x0000000020000000        0x4 ./Core/Src/system_stm32f4xx.o
                0x0000000020000000                SystemCoreClock
 .data.uwTickPrio
                0x0000000020000004        0x4 ./Drivers/STM32F4xx_HAL_Driver/stm32f4xx_hal.o
                0x0000000020000004                uwTickPrio
 .data.uwTickFreq
                0x0000000020000008        0x1 ./Drivers/STM32F4xx_HAL_Driver/stm32f4xx_hal.o
                0x0000000020000008                uwTickFreq
 *fill*         0x0000000020000009        0x3 
 .data._impure_ptr
                0x000000002000000c        0x4 /home/francesco/st/stm32cubeide_1.11.2_2/plugins/com.st.stm32cube.ide.mcu.externaltools.gnu-tools-for-stm32.10.3-2021.10.linux64_1.0.100.202210260954/tools/bin/../lib/gcc/arm-none-eabi/10.3.1/../../../../arm-none-eabi/lib/thumb/v7e-m+fp/hard/libc_nano.a(lib_a-impure.o)
                0x000000002000000c                _impure_ptr
 .data.impure_data
                0x0000000020000010       0x60 /home/francesco/st/stm32cubeide_1.11.2_2/plugins/com.st.stm32cube.ide.mcu.externaltools.gnu-tools-for-stm32.10.3-2021.10.linux64_1.0.100.202210260954/tools/bin/../lib/gcc/arm-none-eabi/10.3.1/../../../../arm-none-eabi/lib/thumb/v7e-m+fp/hard/libc_nano.a(lib_a-impure.o)
 *(.RamFunc)
 *(.RamFunc*)
                0x0000000020000070                . = ALIGN (0x4)
                0x0000000020000070                _edata = .
                0x000000000800616c                _siccmram = LOADADDR (.ccmram)

.igot.plt       0x0000000020000070        0x0 load address 0x000000000800616c
 .igot.plt      0x0000000020000070        0x0 /home/francesco/st/stm32cubeide_1.11.2_2/plugins/com.st.stm32cube.ide.mcu.externaltools.gnu-tools-for-stm32.10.3-2021.10.linux64_1.0.100.202210260954/tools/bin/../lib/gcc/arm-none-eabi/10.3.1/thumb/v7e-m+fp/hard/crtbegin.o

.ccmram         0x0000000010000000        0x0 load address 0x000000000800616c
                0x0000000010000000                . = ALIGN (0x4)
                0x0000000010000000                _sccmram = .
 *(.ccmram)
 *(.ccmram*)
                0x0000000010000000                . = ALIGN (0x4)
                0x0000000010000000                _eccmram = .
                0x0000000010000000                . = ALIGN (0x4)

.bss            0x0000000020000070      0x7b4
                0x0000000020000070                _sbss = .
                0x0000000020000070                __bss_start__ = _sbss
 *(.bss)
 .bss           0x0000000020000070       0x1c /home/francesco/st/stm32cubeide_1.11.2_2/plugins/com.st.stm32cube.ide.mcu.externaltools.gnu-tools-for-stm32.10.3-2021.10.linux64_1.0.100.202210260954/tools/bin/../lib/gcc/arm-none-eabi/10.3.1/thumb/v7e-m+fp/hard/crtbegin.o
 *(.bss*)
 .bss.TxConfig  0x000000002000008c       0x38 ./Core/Src/main.o
                0x000000002000008c                TxConfig
 .bss.DMARxDscrTab
                0x00000000200000c4       0xa0 ./Core/Src/main.o
                0x00000000200000c4                DMARxDscrTab
 .bss.DMATxDscrTab
                0x0000000020000164       0xa0 ./Core/Src/main.o
                0x0000000020000164                DMATxDscrTab
 .bss.heth      0x0000000020000204       0xb0 ./Core/Src/main.o
                0x0000000020000204                heth
 .bss.huart3    0x00000000200002b4       0x44 ./Core/Src/main.o
                0x00000000200002b4                huart3
 .bss.hpcd_USB_OTG_FS
                0x00000000200002f8      0x50c ./Core/Src/main.o
                0x00000000200002f8                hpcd_USB_OTG_FS
 .bss.MACAddr.0
                0x0000000020000804        0x6 ./Core/Src/main.o
 *fill*         0x000000002000080a        0x2 
 .bss.__sbrk_heap_end
                0x000000002000080c        0x4 ./Core/Src/sysmem.o
 .bss.uwTick    0x0000000020000810        0x4 ./Drivers/STM32F4xx_HAL_Driver/stm32f4xx_hal.o
                0x0000000020000810                uwTick
 .bss.__malloc_free_list
                0x0000000020000814        0x4 /home/francesco/st/stm32cubeide_1.11.2_2/plugins/com.st.stm32cube.ide.mcu.externaltools.gnu-tools-for-stm32.10.3-2021.10.linux64_1.0.100.202210260954/tools/bin/../lib/gcc/arm-none-eabi/10.3.1/../../../../arm-none-eabi/lib/thumb/v7e-m+fp/hard/libc_nano.a(lib_a-nano-mallocr.o)
                0x0000000020000814                __malloc_free_list
 .bss.__malloc_sbrk_start
                0x0000000020000818        0x4 /home/francesco/st/stm32cubeide_1.11.2_2/plugins/com.st.stm32cube.ide.mcu.externaltools.gnu-tools-for-stm32.10.3-2021.10.linux64_1.0.100.202210260954/tools/bin/../lib/gcc/arm-none-eabi/10.3.1/../../../../arm-none-eabi/lib/thumb/v7e-m+fp/hard/libc_nano.a(lib_a-nano-mallocr.o)
                0x0000000020000818                __malloc_sbrk_start
 .bss.__lock___malloc_recursive_mutex
                0x000000002000081c        0x1 /home/francesco/st/stm32cubeide_1.11.2_2/plugins/com.st.stm32cube.ide.mcu.externaltools.gnu-tools-for-stm32.10.3-2021.10.linux64_1.0.100.202210260954/tools/bin/../lib/gcc/arm-none-eabi/10.3.1/../../../../arm-none-eabi/lib/thumb/v7e-m+fp/hard/libc_nano.a(lib_a-lock.o)
                0x000000002000081c                __lock___malloc_recursive_mutex
 .bss.__lock___sfp_recursive_mutex
                0x000000002000081d        0x1 /home/francesco/st/stm32cubeide_1.11.2_2/plugins/com.st.stm32cube.ide.mcu.externaltools.gnu-tools-for-stm32.10.3-2021.10.linux64_1.0.100.202210260954/tools/bin/../lib/gcc/arm-none-eabi/10.3.1/../../../../arm-none-eabi/lib/thumb/v7e-m+fp/hard/libc_nano.a(lib_a-lock.o)
                0x000000002000081d                __lock___sfp_recursive_mutex
 .bss.__lock___sinit_recursive_mutex
                0x000000002000081e        0x1 /home/francesco/st/stm32cubeide_1.11.2_2/plugins/com.st.stm32cube.ide.mcu.externaltools.gnu-tools-for-stm32.10.3-2021.10.linux64_1.0.100.202210260954/tools/bin/../lib/gcc/arm-none-eabi/10.3.1/../../../../arm-none-eabi/lib/thumb/v7e-m+fp/hard/libc_nano.a(lib_a-lock.o)
                0x000000002000081e                __lock___sinit_recursive_mutex
 *fill*         0x000000002000081f        0x1 
 .bss.errno     0x0000000020000820        0x4 /home/francesco/st/stm32cubeide_1.11.2_2/plugins/com.st.stm32cube.ide.mcu.externaltools.gnu-tools-for-stm32.10.3-2021.10.linux64_1.0.100.202210260954/tools/bin/../lib/gcc/arm-none-eabi/10.3.1/../../../../arm-none-eabi/lib/thumb/v7e-m+fp/hard/libc_nano.a(lib_a-reent.o)
                0x0000000020000820                errno
 *(COMMON)
                0x0000000020000824                . = ALIGN (0x4)
                0x0000000020000824                _ebss = .
                0x0000000020000824                __bss_end__ = _ebss

._user_heap_stack
                0x0000000020000824      0x604
                0x0000000020000828                . = ALIGN (0x8)
 *fill*         0x0000000020000824        0x4 
                [!provide]                        PROVIDE (end = .)
                0x0000000020000828                PROVIDE (_end = .)
                0x0000000020000a28                . = (. + _Min_Heap_Size)
 *fill*         0x0000000020000828      0x200 
                0x0000000020000e28                . = (. + _Min_Stack_Size)
 *fill*         0x0000000020000a28      0x400 
                0x0000000020000e28                . = ALIGN (0x8)

/DISCARD/
 libc.a(*)
 libm.a(*)
 libgcc.a(*)

.ARM.attributes
                0x0000000000000000       0x30
 *(.ARM.attributes)
 .ARM.attributes
                0x0000000000000000       0x1e /home/francesco/st/stm32cubeide_1.11.2_2/plugins/com.st.stm32cube.ide.mcu.externaltools.gnu-tools-for-stm32.10.3-2021.10.linux64_1.0.100.202210260954/tools/bin/../lib/gcc/arm-none-eabi/10.3.1/thumb/v7e-m+fp/hard/crti.o
 .ARM.attributes
                0x000000000000001e       0x34 /home/francesco/st/stm32cubeide_1.11.2_2/plugins/com.st.stm32cube.ide.mcu.externaltools.gnu-tools-for-stm32.10.3-2021.10.linux64_1.0.100.202210260954/tools/bin/../lib/gcc/arm-none-eabi/10.3.1/thumb/v7e-m+fp/hard/crtbegin.o
 .ARM.attributes
                0x0000000000000052       0x20 ./Core/Src/asm_func.o
 .ARM.attributes
                0x0000000000000072       0x34 ./Core/Src/asm_func_tester.o
 .ARM.attributes
                0x00000000000000a6       0x34 ./Core/Src/c_func.o
 .ARM.attributes
                0x00000000000000da       0x34 ./Core/Src/c_func_tester.o
 .ARM.attributes
                0x000000000000010e       0x34 ./Core/Src/main.o
 .ARM.attributes
                0x0000000000000142       0x34 ./Core/Src/stm32f4xx_hal_msp.o
 .ARM.attributes
                0x0000000000000176       0x34 ./Core/Src/stm32f4xx_it.o
 .ARM.attributes
                0x00000000000001aa       0x34 ./Core/Src/syscalls.o
 .ARM.attributes
                0x00000000000001de       0x34 ./Core/Src/sysmem.o
 .ARM.attributes
                0x0000000000000212       0x34 ./Core/Src/system_stm32f4xx.o
 .ARM.attributes
                0x0000000000000246       0x21 ./Core/Startup/startup_stm32f429zitx.o
 .ARM.attributes
                0x0000000000000267       0x34 ./Drivers/STM32F4xx_HAL_Driver/stm32f4xx_hal.o
 .ARM.attributes
                0x000000000000029b       0x34 ./Drivers/STM32F4xx_HAL_Driver/stm32f4xx_hal_cortex.o
 .ARM.attributes
                0x00000000000002cf       0x34 ./Drivers/STM32F4xx_HAL_Driver/stm32f4xx_hal_eth.o
 .ARM.attributes
                0x0000000000000303       0x34 ./Drivers/STM32F4xx_HAL_Driver/stm32f4xx_hal_gpio.o
 .ARM.attributes
                0x0000000000000337       0x34 ./Drivers/STM32F4xx_HAL_Driver/stm32f4xx_hal_pcd.o
 .ARM.attributes
                0x000000000000036b       0x34 ./Drivers/STM32F4xx_HAL_Driver/stm32f4xx_hal_rcc.o
 .ARM.attributes
                0x000000000000039f       0x34 ./Drivers/STM32F4xx_HAL_Driver/stm32f4xx_hal_uart.o
 .ARM.attributes
                0x00000000000003d3       0x34 ./Drivers/STM32F4xx_HAL_Driver/stm32f4xx_ll_usb.o
 .ARM.attributes
                0x0000000000000407       0x34 /home/francesco/st/stm32cubeide_1.11.2_2/plugins/com.st.stm32cube.ide.mcu.externaltools.gnu-tools-for-stm32.10.3-2021.10.linux64_1.0.100.202210260954/tools/bin/../lib/gcc/arm-none-eabi/10.3.1/../../../../arm-none-eabi/lib/thumb/v7e-m+fp/hard/libc_nano.a(lib_a-errno.o)
 .ARM.attributes
                0x000000000000043b       0x34 /home/francesco/st/stm32cubeide_1.11.2_2/plugins/com.st.stm32cube.ide.mcu.externaltools.gnu-tools-for-stm32.10.3-2021.10.linux64_1.0.100.202210260954/tools/bin/../lib/gcc/arm-none-eabi/10.3.1/../../../../arm-none-eabi/lib/thumb/v7e-m+fp/hard/libc_nano.a(lib_a-impure.o)
 .ARM.attributes
                0x000000000000046f       0x34 /home/francesco/st/stm32cubeide_1.11.2_2/plugins/com.st.stm32cube.ide.mcu.externaltools.gnu-tools-for-stm32.10.3-2021.10.linux64_1.0.100.202210260954/tools/bin/../lib/gcc/arm-none-eabi/10.3.1/../../../../arm-none-eabi/lib/thumb/v7e-m+fp/hard/libc_nano.a(lib_a-init.o)
 .ARM.attributes
                0x00000000000004a3       0x34 /home/francesco/st/stm32cubeide_1.11.2_2/plugins/com.st.stm32cube.ide.mcu.externaltools.gnu-tools-for-stm32.10.3-2021.10.linux64_1.0.100.202210260954/tools/bin/../lib/gcc/arm-none-eabi/10.3.1/../../../../arm-none-eabi/lib/thumb/v7e-m+fp/hard/libc_nano.a(lib_a-memcpy-stub.o)
 .ARM.attributes
                0x00000000000004d7       0x34 /home/francesco/st/stm32cubeide_1.11.2_2/plugins/com.st.stm32cube.ide.mcu.externaltools.gnu-tools-for-stm32.10.3-2021.10.linux64_1.0.100.202210260954/tools/bin/../lib/gcc/arm-none-eabi/10.3.1/../../../../arm-none-eabi/lib/thumb/v7e-m+fp/hard/libc_nano.a(lib_a-memset.o)
 .ARM.attributes
                0x000000000000050b       0x34 /home/francesco/st/stm32cubeide_1.11.2_2/plugins/com.st.stm32cube.ide.mcu.externaltools.gnu-tools-for-stm32.10.3-2021.10.linux64_1.0.100.202210260954/tools/bin/../lib/gcc/arm-none-eabi/10.3.1/../../../../arm-none-eabi/lib/thumb/v7e-m+fp/hard/libc_nano.a(lib_a-rand.o)
 .ARM.attributes
                0x000000000000053f       0x34 /home/francesco/st/stm32cubeide_1.11.2_2/plugins/com.st.stm32cube.ide.mcu.externaltools.gnu-tools-for-stm32.10.3-2021.10.linux64_1.0.100.202210260954/tools/bin/../lib/gcc/arm-none-eabi/10.3.1/../../../../arm-none-eabi/lib/thumb/v7e-m+fp/hard/libc_nano.a(lib_a-assert.o)
 .ARM.attributes
                0x0000000000000573       0x34 /home/francesco/st/stm32cubeide_1.11.2_2/plugins/com.st.stm32cube.ide.mcu.externaltools.gnu-tools-for-stm32.10.3-2021.10.linux64_1.0.100.202210260954/tools/bin/../lib/gcc/arm-none-eabi/10.3.1/../../../../arm-none-eabi/lib/thumb/v7e-m+fp/hard/libc_nano.a(lib_a-fprintf.o)
 .ARM.attributes
                0x00000000000005a7       0x34 /home/francesco/st/stm32cubeide_1.11.2_2/plugins/com.st.stm32cube.ide.mcu.externaltools.gnu-tools-for-stm32.10.3-2021.10.linux64_1.0.100.202210260954/tools/bin/../lib/gcc/arm-none-eabi/10.3.1/../../../../arm-none-eabi/lib/thumb/v7e-m+fp/hard/libc_nano.a(lib_a-malloc.o)
 .ARM.attributes
                0x00000000000005db       0x34 /home/francesco/st/stm32cubeide_1.11.2_2/plugins/com.st.stm32cube.ide.mcu.externaltools.gnu-tools-for-stm32.10.3-2021.10.linux64_1.0.100.202210260954/tools/bin/../lib/gcc/arm-none-eabi/10.3.1/../../../../arm-none-eabi/lib/thumb/v7e-m+fp/hard/libc_nano.a(lib_a-nano-freer.o)
 .ARM.attributes
                0x000000000000060f       0x34 /home/francesco/st/stm32cubeide_1.11.2_2/plugins/com.st.stm32cube.ide.mcu.externaltools.gnu-tools-for-stm32.10.3-2021.10.linux64_1.0.100.202210260954/tools/bin/../lib/gcc/arm-none-eabi/10.3.1/../../../../arm-none-eabi/lib/thumb/v7e-m+fp/hard/libc_nano.a(lib_a-nano-mallocr.o)
 .ARM.attributes
                0x0000000000000643       0x34 /home/francesco/st/stm32cubeide_1.11.2_2/plugins/com.st.stm32cube.ide.mcu.externaltools.gnu-tools-for-stm32.10.3-2021.10.linux64_1.0.100.202210260954/tools/bin/../lib/gcc/arm-none-eabi/10.3.1/../../../../arm-none-eabi/lib/thumb/v7e-m+fp/hard/libc_nano.a(lib_a-nano-vfprintf.o)
 .ARM.attributes
                0x0000000000000677       0x34 /home/francesco/st/stm32cubeide_1.11.2_2/plugins/com.st.stm32cube.ide.mcu.externaltools.gnu-tools-for-stm32.10.3-2021.10.linux64_1.0.100.202210260954/tools/bin/../lib/gcc/arm-none-eabi/10.3.1/../../../../arm-none-eabi/lib/thumb/v7e-m+fp/hard/libc_nano.a(lib_a-nano-vfprintf_i.o)
 .ARM.attributes
                0x00000000000006ab       0x34 /home/francesco/st/stm32cubeide_1.11.2_2/plugins/com.st.stm32cube.ide.mcu.externaltools.gnu-tools-for-stm32.10.3-2021.10.linux64_1.0.100.202210260954/tools/bin/../lib/gcc/arm-none-eabi/10.3.1/../../../../arm-none-eabi/lib/thumb/v7e-m+fp/hard/libc_nano.a(lib_a-sbrkr.o)
 .ARM.attributes
                0x00000000000006df       0x34 /home/francesco/st/stm32cubeide_1.11.2_2/plugins/com.st.stm32cube.ide.mcu.externaltools.gnu-tools-for-stm32.10.3-2021.10.linux64_1.0.100.202210260954/tools/bin/../lib/gcc/arm-none-eabi/10.3.1/../../../../arm-none-eabi/lib/thumb/v7e-m+fp/hard/libc_nano.a(lib_a-wbuf.o)
 .ARM.attributes
                0x0000000000000713       0x34 /home/francesco/st/stm32cubeide_1.11.2_2/plugins/com.st.stm32cube.ide.mcu.externaltools.gnu-tools-for-stm32.10.3-2021.10.linux64_1.0.100.202210260954/tools/bin/../lib/gcc/arm-none-eabi/10.3.1/../../../../arm-none-eabi/lib/thumb/v7e-m+fp/hard/libc_nano.a(lib_a-wsetup.o)
 .ARM.attributes
                0x0000000000000747       0x34 /home/francesco/st/stm32cubeide_1.11.2_2/plugins/com.st.stm32cube.ide.mcu.externaltools.gnu-tools-for-stm32.10.3-2021.10.linux64_1.0.100.202210260954/tools/bin/../lib/gcc/arm-none-eabi/10.3.1/../../../../arm-none-eabi/lib/thumb/v7e-m+fp/hard/libc_nano.a(lib_a-abort.o)
 .ARM.attributes
                0x000000000000077b       0x34 /home/francesco/st/stm32cubeide_1.11.2_2/plugins/com.st.stm32cube.ide.mcu.externaltools.gnu-tools-for-stm32.10.3-2021.10.linux64_1.0.100.202210260954/tools/bin/../lib/gcc/arm-none-eabi/10.3.1/../../../../arm-none-eabi/lib/thumb/v7e-m+fp/hard/libc_nano.a(lib_a-fflush.o)
 .ARM.attributes
                0x00000000000007af       0x34 /home/francesco/st/stm32cubeide_1.11.2_2/plugins/com.st.stm32cube.ide.mcu.externaltools.gnu-tools-for-stm32.10.3-2021.10.linux64_1.0.100.202210260954/tools/bin/../lib/gcc/arm-none-eabi/10.3.1/../../../../arm-none-eabi/lib/thumb/v7e-m+fp/hard/libc_nano.a(lib_a-findfp.o)
 .ARM.attributes
                0x00000000000007e3       0x34 /home/francesco/st/stm32cubeide_1.11.2_2/plugins/com.st.stm32cube.ide.mcu.externaltools.gnu-tools-for-stm32.10.3-2021.10.linux64_1.0.100.202210260954/tools/bin/../lib/gcc/arm-none-eabi/10.3.1/../../../../arm-none-eabi/lib/thumb/v7e-m+fp/hard/libc_nano.a(lib_a-fwalk.o)
 .ARM.attributes
                0x0000000000000817       0x34 /home/francesco/st/stm32cubeide_1.11.2_2/plugins/com.st.stm32cube.ide.mcu.externaltools.gnu-tools-for-stm32.10.3-2021.10.linux64_1.0.100.202210260954/tools/bin/../lib/gcc/arm-none-eabi/10.3.1/../../../../arm-none-eabi/lib/thumb/v7e-m+fp/hard/libc_nano.a(lib_a-lock.o)
 .ARM.attributes
                0x000000000000084b       0x34 /home/francesco/st/stm32cubeide_1.11.2_2/plugins/com.st.stm32cube.ide.mcu.externaltools.gnu-tools-for-stm32.10.3-2021.10.linux64_1.0.100.202210260954/tools/bin/../lib/gcc/arm-none-eabi/10.3.1/../../../../arm-none-eabi/lib/thumb/v7e-m+fp/hard/libc_nano.a(lib_a-makebuf.o)
 .ARM.attributes
                0x000000000000087f       0x1c /home/francesco/st/stm32cubeide_1.11.2_2/plugins/com.st.stm32cube.ide.mcu.externaltools.gnu-tools-for-stm32.10.3-2021.10.linux64_1.0.100.202210260954/tools/bin/../lib/gcc/arm-none-eabi/10.3.1/../../../../arm-none-eabi/lib/thumb/v7e-m+fp/hard/libc_nano.a(lib_a-memchr.o)
 .ARM.attributes
                0x000000000000089b       0x34 /home/francesco/st/stm32cubeide_1.11.2_2/plugins/com.st.stm32cube.ide.mcu.externaltools.gnu-tools-for-stm32.10.3-2021.10.linux64_1.0.100.202210260954/tools/bin/../lib/gcc/arm-none-eabi/10.3.1/../../../../arm-none-eabi/lib/thumb/v7e-m+fp/hard/libc_nano.a(lib_a-mlock.o)
 .ARM.attributes
                0x00000000000008cf       0x34 /home/francesco/st/stm32cubeide_1.11.2_2/plugins/com.st.stm32cube.ide.mcu.externaltools.gnu-tools-for-stm32.10.3-2021.10.linux64_1.0.100.202210260954/tools/bin/../lib/gcc/arm-none-eabi/10.3.1/../../../../arm-none-eabi/lib/thumb/v7e-m+fp/hard/libc_nano.a(lib_a-reent.o)
 .ARM.attributes
                0x0000000000000903       0x34 /home/francesco/st/stm32cubeide_1.11.2_2/plugins/com.st.stm32cube.ide.mcu.externaltools.gnu-tools-for-stm32.10.3-2021.10.linux64_1.0.100.202210260954/tools/bin/../lib/gcc/arm-none-eabi/10.3.1/../../../../arm-none-eabi/lib/thumb/v7e-m+fp/hard/libc_nano.a(lib_a-signal.o)
 .ARM.attributes
                0x0000000000000937       0x34 /home/francesco/st/stm32cubeide_1.11.2_2/plugins/com.st.stm32cube.ide.mcu.externaltools.gnu-tools-for-stm32.10.3-2021.10.linux64_1.0.100.202210260954/tools/bin/../lib/gcc/arm-none-eabi/10.3.1/../../../../arm-none-eabi/lib/thumb/v7e-m+fp/hard/libc_nano.a(lib_a-signalr.o)
 .ARM.attributes
                0x000000000000096b       0x34 /home/francesco/st/stm32cubeide_1.11.2_2/plugins/com.st.stm32cube.ide.mcu.externaltools.gnu-tools-for-stm32.10.3-2021.10.linux64_1.0.100.202210260954/tools/bin/../lib/gcc/arm-none-eabi/10.3.1/../../../../arm-none-eabi/lib/thumb/v7e-m+fp/hard/libc_nano.a(lib_a-stdio.o)
 .ARM.attributes
                0x000000000000099f       0x34 /home/francesco/st/stm32cubeide_1.11.2_2/plugins/com.st.stm32cube.ide.mcu.externaltools.gnu-tools-for-stm32.10.3-2021.10.linux64_1.0.100.202210260954/tools/bin/../lib/gcc/arm-none-eabi/10.3.1/../../../../arm-none-eabi/lib/thumb/v7e-m+fp/hard/libc_nano.a(lib_a-writer.o)
 .ARM.attributes
                0x00000000000009d3       0x34 /home/francesco/st/stm32cubeide_1.11.2_2/plugins/com.st.stm32cube.ide.mcu.externaltools.gnu-tools-for-stm32.10.3-2021.10.linux64_1.0.100.202210260954/tools/bin/../lib/gcc/arm-none-eabi/10.3.1/../../../../arm-none-eabi/lib/thumb/v7e-m+fp/hard/libc_nano.a(lib_a-closer.o)
 .ARM.attributes
                0x0000000000000a07       0x34 /home/francesco/st/stm32cubeide_1.11.2_2/plugins/com.st.stm32cube.ide.mcu.externaltools.gnu-tools-for-stm32.10.3-2021.10.linux64_1.0.100.202210260954/tools/bin/../lib/gcc/arm-none-eabi/10.3.1/../../../../arm-none-eabi/lib/thumb/v7e-m+fp/hard/libc_nano.a(lib_a-fstatr.o)
 .ARM.attributes
                0x0000000000000a3b       0x34 /home/francesco/st/stm32cubeide_1.11.2_2/plugins/com.st.stm32cube.ide.mcu.externaltools.gnu-tools-for-stm32.10.3-2021.10.linux64_1.0.100.202210260954/tools/bin/../lib/gcc/arm-none-eabi/10.3.1/../../../../arm-none-eabi/lib/thumb/v7e-m+fp/hard/libc_nano.a(lib_a-isattyr.o)
 .ARM.attributes
                0x0000000000000a6f       0x34 /home/francesco/st/stm32cubeide_1.11.2_2/plugins/com.st.stm32cube.ide.mcu.externaltools.gnu-tools-for-stm32.10.3-2021.10.linux64_1.0.100.202210260954/tools/bin/../lib/gcc/arm-none-eabi/10.3.1/../../../../arm-none-eabi/lib/thumb/v7e-m+fp/hard/libc_nano.a(lib_a-lseekr.o)
 .ARM.attributes
                0x0000000000000aa3       0x34 /home/francesco/st/stm32cubeide_1.11.2_2/plugins/com.st.stm32cube.ide.mcu.externaltools.gnu-tools-for-stm32.10.3-2021.10.linux64_1.0.100.202210260954/tools/bin/../lib/gcc/arm-none-eabi/10.3.1/../../../../arm-none-eabi/lib/thumb/v7e-m+fp/hard/libc_nano.a(lib_a-readr.o)
 .ARM.attributes
                0x0000000000000ad7       0x1e /home/francesco/st/stm32cubeide_1.11.2_2/plugins/com.st.stm32cube.ide.mcu.externaltools.gnu-tools-for-stm32.10.3-2021.10.linux64_1.0.100.202210260954/tools/bin/../lib/gcc/arm-none-eabi/10.3.1/thumb/v7e-m+fp/hard/libgcc.a(_aeabi_uldivmod.o)
 .ARM.attributes
                0x0000000000000af5       0x34 /home/francesco/st/stm32cubeide_1.11.2_2/plugins/com.st.stm32cube.ide.mcu.externaltools.gnu-tools-for-stm32.10.3-2021.10.linux64_1.0.100.202210260954/tools/bin/../lib/gcc/arm-none-eabi/10.3.1/thumb/v7e-m+fp/hard/libgcc.a(_udivmoddi4.o)
 .ARM.attributes
                0x0000000000000b29       0x1e /home/francesco/st/stm32cubeide_1.11.2_2/plugins/com.st.stm32cube.ide.mcu.externaltools.gnu-tools-for-stm32.10.3-2021.10.linux64_1.0.100.202210260954/tools/bin/../lib/gcc/arm-none-eabi/10.3.1/thumb/v7e-m+fp/hard/libgcc.a(_dvmd_tls.o)
 .ARM.attributes
                0x0000000000000b47       0x1e /home/francesco/st/stm32cubeide_1.11.2_2/plugins/com.st.stm32cube.ide.mcu.externaltools.gnu-tools-for-stm32.10.3-2021.10.linux64_1.0.100.202210260954/tools/bin/../lib/gcc/arm-none-eabi/10.3.1/thumb/v7e-m+fp/hard/crtn.o
OUTPUT(adm_c16.elf elf32-littlearm)
LOAD linker stubs
LOAD /home/francesco/st/stm32cubeide_1.11.2_2/plugins/com.st.stm32cube.ide.mcu.externaltools.gnu-tools-for-stm32.10.3-2021.10.linux64_1.0.100.202210260954/tools/bin/../lib/gcc/arm-none-eabi/10.3.1/../../../../arm-none-eabi/lib/thumb/v7e-m+fp/hard/libc.a
LOAD /home/francesco/st/stm32cubeide_1.11.2_2/plugins/com.st.stm32cube.ide.mcu.externaltools.gnu-tools-for-stm32.10.3-2021.10.linux64_1.0.100.202210260954/tools/bin/../lib/gcc/arm-none-eabi/10.3.1/../../../../arm-none-eabi/lib/thumb/v7e-m+fp/hard/libm.a
LOAD /home/francesco/st/stm32cubeide_1.11.2_2/plugins/com.st.stm32cube.ide.mcu.externaltools.gnu-tools-for-stm32.10.3-2021.10.linux64_1.0.100.202210260954/tools/bin/../lib/gcc/arm-none-eabi/10.3.1/thumb/v7e-m+fp/hard/libgcc.a

.debug_line     0x0000000000000000    0x10444
 .debug_line    0x0000000000000000      0x13e ./Core/Src/asm_func.o
 .debug_line    0x000000000000013e      0xc88 ./Core/Src/asm_func_tester.o
 .debug_line    0x0000000000000dc6      0x87d ./Core/Src/c_func.o
 .debug_line    0x0000000000001643      0xb44 ./Core/Src/c_func_tester.o
 .debug_line    0x0000000000002187      0xbc7 ./Core/Src/main.o
 .debug_line    0x0000000000002d4e      0xab9 ./Core/Src/stm32f4xx_hal_msp.o
 .debug_line    0x0000000000003807      0xa6c ./Core/Src/stm32f4xx_it.o
 .debug_line    0x0000000000004273      0x812 ./Core/Src/syscalls.o
 .debug_line    0x0000000000004a85      0x508 ./Core/Src/sysmem.o
 .debug_line    0x0000000000004f8d      0x86a ./Core/Src/system_stm32f4xx.o
 .debug_line    0x00000000000057f7       0x8a ./Core/Startup/startup_stm32f429zitx.o
 .debug_line    0x0000000000005881      0xb40 ./Drivers/STM32F4xx_HAL_Driver/stm32f4xx_hal.o
 .debug_line    0x00000000000063c1      0xdb9 ./Drivers/STM32F4xx_HAL_Driver/stm32f4xx_hal_cortex.o
 .debug_line    0x000000000000717a     0x1a7b ./Drivers/STM32F4xx_HAL_Driver/stm32f4xx_hal_eth.o
 .debug_line    0x0000000000008bf5      0xca6 ./Drivers/STM32F4xx_HAL_Driver/stm32f4xx_hal_gpio.o
 .debug_line    0x000000000000989b     0x15ad ./Drivers/STM32F4xx_HAL_Driver/stm32f4xx_hal_pcd.o
 .debug_line    0x000000000000ae48      0xe86 ./Drivers/STM32F4xx_HAL_Driver/stm32f4xx_hal_rcc.o
 .debug_line    0x000000000000bcce     0x2baf ./Drivers/STM32F4xx_HAL_Driver/stm32f4xx_hal_uart.o
 .debug_line    0x000000000000e87d     0x1bc7 ./Drivers/STM32F4xx_HAL_Driver/stm32f4xx_ll_usb.o

.debug_info     0x0000000000000000    0x10e2a
 .debug_info    0x0000000000000000       0x26 ./Core/Src/asm_func.o
 .debug_info    0x0000000000000026      0xb0d ./Core/Src/asm_func_tester.o
 .debug_info    0x0000000000000b33      0x57a ./Core/Src/c_func.o
 .debug_info    0x00000000000010ad      0x816 ./Core/Src/c_func_tester.o
 .debug_info    0x00000000000018c3     0x1f26 ./Core/Src/main.o
 .debug_info    0x00000000000037e9     0x1855 ./Core/Src/stm32f4xx_hal_msp.o
 .debug_info    0x000000000000503e      0x1ca ./Core/Src/stm32f4xx_it.o
 .debug_info    0x0000000000005208      0x6e0 ./Core/Src/syscalls.o
 .debug_info    0x00000000000058e8      0x171 ./Core/Src/sysmem.o
 .debug_info    0x0000000000005a59      0x53f ./Core/Src/system_stm32f4xx.o
 .debug_info    0x0000000000005f98       0x22 ./Core/Startup/startup_stm32f429zitx.o
 .debug_info    0x0000000000005fba      0x9f4 ./Drivers/STM32F4xx_HAL_Driver/stm32f4xx_hal.o
 .debug_info    0x00000000000069ae      0xe51 ./Drivers/STM32F4xx_HAL_Driver/stm32f4xx_hal_cortex.o
 .debug_info    0x00000000000077ff     0x223b ./Drivers/STM32F4xx_HAL_Driver/stm32f4xx_hal_eth.o
 .debug_info    0x0000000000009a3a      0x786 ./Drivers/STM32F4xx_HAL_Driver/stm32f4xx_hal_gpio.o
 .debug_info    0x000000000000a1c0     0x1695 ./Drivers/STM32F4xx_HAL_Driver/stm32f4xx_hal_pcd.o
 .debug_info    0x000000000000b855      0x982 ./Drivers/STM32F4xx_HAL_Driver/stm32f4xx_hal_rcc.o
 .debug_info    0x000000000000c1d7     0x31bc ./Drivers/STM32F4xx_HAL_Driver/stm32f4xx_hal_uart.o
 .debug_info    0x000000000000f393     0x1a97 ./Drivers/STM32F4xx_HAL_Driver/stm32f4xx_ll_usb.o

.debug_abbrev   0x0000000000000000     0x22b8
 .debug_abbrev  0x0000000000000000       0x14 ./Core/Src/asm_func.o
 .debug_abbrev  0x0000000000000014      0x146 ./Core/Src/asm_func_tester.o
 .debug_abbrev  0x000000000000015a       0xe6 ./Core/Src/c_func.o
 .debug_abbrev  0x0000000000000240      0x14f ./Core/Src/c_func_tester.o
 .debug_abbrev  0x000000000000038f      0x382 ./Core/Src/main.o
 .debug_abbrev  0x0000000000000711      0x23e ./Core/Src/stm32f4xx_hal_msp.o
 .debug_abbrev  0x000000000000094f      0x12a ./Core/Src/stm32f4xx_it.o
 .debug_abbrev  0x0000000000000a79      0x1b3 ./Core/Src/syscalls.o
 .debug_abbrev  0x0000000000000c2c       0xbb ./Core/Src/sysmem.o
 .debug_abbrev  0x0000000000000ce7      0x116 ./Core/Src/system_stm32f4xx.o
 .debug_abbrev  0x0000000000000dfd       0x12 ./Core/Startup/startup_stm32f429zitx.o
 .debug_abbrev  0x0000000000000e0f      0x20d ./Drivers/STM32F4xx_HAL_Driver/stm32f4xx_hal.o
 .debug_abbrev  0x000000000000101c      0x316 ./Drivers/STM32F4xx_HAL_Driver/stm32f4xx_hal_cortex.o
 .debug_abbrev  0x0000000000001332      0x2d3 ./Drivers/STM32F4xx_HAL_Driver/stm32f4xx_hal_eth.o
 .debug_abbrev  0x0000000000001605      0x1c4 ./Drivers/STM32F4xx_HAL_Driver/stm32f4xx_hal_gpio.o
 .debug_abbrev  0x00000000000017c9      0x2bb ./Drivers/STM32F4xx_HAL_Driver/stm32f4xx_hal_pcd.o
 .debug_abbrev  0x0000000000001a84      0x2aa ./Drivers/STM32F4xx_HAL_Driver/stm32f4xx_hal_rcc.o
 .debug_abbrev  0x0000000000001d2e      0x2f4 ./Drivers/STM32F4xx_HAL_Driver/stm32f4xx_hal_uart.o
 .debug_abbrev  0x0000000000002022      0x296 ./Drivers/STM32F4xx_HAL_Driver/stm32f4xx_ll_usb.o

.debug_aranges  0x0000000000000000      0xd70
 .debug_aranges
                0x0000000000000000       0x20 ./Core/Src/asm_func.o
 .debug_aranges
                0x0000000000000020       0x90 ./Core/Src/asm_func_tester.o
 .debug_aranges
                0x00000000000000b0       0x70 ./Core/Src/c_func.o
 .debug_aranges
                0x0000000000000120       0x70 ./Core/Src/c_func_tester.o
 .debug_aranges
                0x0000000000000190       0x58 ./Core/Src/main.o
 .debug_aranges
                0x00000000000001e8       0x50 ./Core/Src/stm32f4xx_hal_msp.o
 .debug_aranges
                0x0000000000000238       0x60 ./Core/Src/stm32f4xx_it.o
 .debug_aranges
                0x0000000000000298       0xa8 ./Core/Src/syscalls.o
 .debug_aranges
                0x0000000000000340       0x20 ./Core/Src/sysmem.o
 .debug_aranges
                0x0000000000000360       0x28 ./Core/Src/system_stm32f4xx.o
 .debug_aranges
                0x0000000000000388       0x28 ./Core/Startup/startup_stm32f429zitx.o
 .debug_aranges
                0x00000000000003b0      0x100 ./Drivers/STM32F4xx_HAL_Driver/stm32f4xx_hal.o
 .debug_aranges
                0x00000000000004b0      0x118 ./Drivers/STM32F4xx_HAL_Driver/stm32f4xx_hal_cortex.o
 .debug_aranges
                0x00000000000005c8      0x1e0 ./Drivers/STM32F4xx_HAL_Driver/stm32f4xx_hal_eth.o
 .debug_aranges
                0x00000000000007a8       0x58 ./Drivers/STM32F4xx_HAL_Driver/stm32f4xx_hal_gpio.o
 .debug_aranges
                0x0000000000000800      0x148 ./Drivers/STM32F4xx_HAL_Driver/stm32f4xx_hal_pcd.o
 .debug_aranges
                0x0000000000000948       0x88 ./Drivers/STM32F4xx_HAL_Driver/stm32f4xx_hal_rcc.o
 .debug_aranges
                0x00000000000009d0      0x200 ./Drivers/STM32F4xx_HAL_Driver/stm32f4xx_hal_uart.o
 .debug_aranges
                0x0000000000000bd0      0x1a0 ./Drivers/STM32F4xx_HAL_Driver/stm32f4xx_ll_usb.o

.debug_str      0x0000000000000000    0xdcada
 .debug_str     0x0000000000000000       0x61 ./Core/Src/asm_func.o
 .debug_str     0x0000000000000061    0xd554b ./Core/Src/asm_func_tester.o
                                      0xd5848 (size before relaxing)
 .debug_str     0x00000000000d55ac      0x16b ./Core/Src/c_func.o
                                       0x76c9 (size before relaxing)
 .debug_str     0x00000000000d5717      0x12c ./Core/Src/c_func_tester.o
                                      0xd57b5 (size before relaxing)
 .debug_str     0x00000000000d5843     0x118a ./Core/Src/main.o
                                      0xd69f9 (size before relaxing)
 .debug_str     0x00000000000d69cd       0xaf ./Core/Src/stm32f4xx_hal_msp.o
                                      0xd639c (size before relaxing)
 .debug_str     0x00000000000d6a7c       0xc9 ./Core/Src/stm32f4xx_it.o