18:49:04 **** Incremental Build of configuration Debug for project adm_c16 ****
make -j20 all 
arm-none-eabi-gcc -mcpu=cortex-m4 -g3 -DDEBUG -c -x assembler-with-cpp -MMD -MP -MF"Core/Src/asm_func.d" -MT"Core/Src/asm_func.o" --specs=nano.specs -mfpu=fpv4-sp-d16 -mfloat-abi=hard -mthumb -o "Core/Src/asm_func.o" "../Core/Src/asm_func.S"
arm-none-eabi-gcc -o "adm_c16.elf" @"objects.list"   -mcpu=cortex-m4 -T"/media/francesco/Data/Francesco/AdM_workspace/adm_c16/STM32F429ZITX_FLASH.ld" --specs=nosys.specs -Wl,-Map="adm_c16.map" -Wl,--gc-sections -static --specs=nano.specs -mfpu=fpv4-sp-d16 -mfloat-abi=hard -mthumb -Wl,--start-group -lc -lm -Wl,--end-group
Finished building target: adm_c16.elf
 
arm-none-eabi-size   adm_c16.elf 
arm-none-eabi-objdump -h -S  adm_c16.elf  > "adm_c16.list"
arm-none-eabi-objcopy  -O binary  adm_c16.elf  "adm_c16.bin"
   text	   data	    bss	    dec	    hex	filename
  24384	    120	   3512	  28016	   6d70	adm_c16.elf
Finished building: default.size.stdout
 
Finished building: adm_c16.bin
 
Finished building: adm_c16.list
 
18:49:11 **** Incremental Build of configuration Debug for project adm_c16 ****
make -j20 all 
arm-none-eabi-size   adm_c16.elf 
   text	   data	    bss	    dec	    hex	filename
  24384	    120	   3512	  28016	   6d70	adm_c16.elf
Finished building: default.size.stdout
 
18:49:53 **** Incremental Build of configuration Debug for project adm_c16 ****
make -j20 all 
arm-none-eabi-size   adm_c16.elf 
   text	   data	    bss	    dec	    hex	filename
  24384	    120	   3512	  28016	   6d70	adm_c16.elf
Finished building: default.size.stdout
 
18:53:50 **** Incremental Build of configuration Debug for project adm_c16 ****
make -j20 all 
arm-none-eabi-gcc -mcpu=cortex-m4 -g3 -DDEBUG -c -x assembler-with-cpp -MMD -MP -MF"Core/Src/asm_func.d" -MT"Core/Src/asm_func.o" --specs=nano.specs -mfpu=fpv4-sp-d16 -mfloat-abi=hard -mthumb -o "Core/Src/asm_func.o" "../Core/Src/asm_func.S"
arm-none-eabi-gcc -o "adm_c16.elf" @"objects.list"   -mcpu=cortex-m4 -T"/media/francesco/Data/Francesco/AdM_workspace/adm_c16/STM32F429ZITX_FLASH.ld" --specs=nosys.specs -Wl,-Map="adm_c16.map" -Wl,--gc-sections -static --specs=nano.specs -mfpu=fpv4-sp-d16 -mfloat-abi=hard -mthumb -Wl,--start-group -lc -lm -Wl,--end-group
Finished building target: adm_c16.elf
 
arm-none-eabi-size   adm_c16.elf 
arm-none-eabi-objdump -h -S  adm_c16.elf  > "adm_c16.list"
arm-none-eabi-objcopy  -O binary  adm_c16.elf  "adm_c16.bin"
   text	   data	    bss	    dec	    hex	filename
  24384	    120	   3512	  28016	   6d70	adm_c16.elf
Finished building: default.size.stdout
 
Finished building: adm_c16.bin
 
Finished building: adm_c16.list
 
18:58:33 **** Incremental Build of configuration Debug for project adm_c16 ****
make -j20 all 
arm-none-eabi-gcc -mcpu=cortex-m4 -g3 -DDEBUG -c -x assembler-with-cpp -MMD -MP -MF"Core/Src/asm_func.d" -MT"Core/Src/asm_func.o" --specs=nano.specs -mfpu=fpv4-sp-d16 -mfloat-abi=hard -mthumb -o "Core/Src/asm_func.o" "../Core/Src/asm_func.S"
arm-none-eabi-gcc -o "adm_c16.elf" @"objects.list"   -mcpu=cortex-m4 -T"/media/francesco/Data/Francesco/AdM_workspace/adm_c16/STM32F429ZITX_FLASH.ld" --specs=nosys.specs -Wl,-Map="adm_c16.map" -Wl,--gc-sections -static --specs=nano.specs -mfpu=fpv4-sp-d16 -mfloat-abi=hard -mthumb -Wl,--start-group -lc -lm -Wl,--end-group
Finished building target: adm_c16.elf
 
arm-none-eabi-size   adm_c16.elf 
arm-none-eabi-objdump -h -S  adm_c16.elf  > "adm_c16.list"
arm-none-eabi-objcopy  -O binary  adm_c16.elf  "adm_c16.bin"
   text	   data	    bss	    dec	    hex	filename
  24384	    120	   3512	  28016	   6d70	adm_c16.elf
Finished building: default.size.stdout
 
Finished building: adm_c16.bin
 
Finished building: adm_c16.list
 
19:04:02 **** Incremental Build of configuration Debug for project adm_c16 ****
make -j20 all 
arm-none-eabi-size   adm_c16.elf 
   text	   data	    bss	    dec	    hex	filename
  24384	    120	   3512	  28016	   6d70	adm_c16.elf
Finished building: default.size.stdout
 
19:05:31 **** Incremental Build of configuration Debug for project adm_c16 ****
make -j20 all 
arm-none-eabi-size   adm_c16.elf 
   text	   data	    bss	    dec	    hex	filename
  24384	    120	   3512	  28016	   6d70	adm_c16.elf
Finished building: default.size.stdout
 
19:07:10 **** Incremental Build of configuration Debug for project adm_c16 ****
make -j20 all 
arm-none-eabi-size   adm_c16.elf 
   text	   data	    bss	    dec	    hex	filename
  24384	    120	   3512	  28016	   6d70	adm_c16.elf
Finished building: default.size.stdout
 
19:08:34 **** Incremental Build of configuration Debug for project adm_c16 ****
make -j20 all 
arm-none-eabi-size   adm_c16.elf 
   text	   data	    bss	    dec	    hex	filename
  24384	    120	   3512	  28016	   6d70	adm_c16.elf
Finished building: default.size.stdout
 
19:12:47 **** Incremental Build of configuration Debug for project adm_c16 ****
make -j20 all 
arm-none-eabi-size   adm_c16.elf 
   text	   data	    bss	    dec	    hex	filename
  24384	    120	   3512	  28016	   6d70	adm_c16.elf
Finished building: default.size.stdout
 
19:16:08 **** Incremental Build of configuration Debug for project adm_c16 ****
make -j20 all 
arm-none-eabi-gcc -mcpu=cortex-m4 -g3 -DDEBUG -c -x assembler-with-cpp -MMD -MP -MF"Core/Src/asm_func.d" -MT"Core/Src/asm_func.o" --specs=nano.specs -mfpu=fpv4-sp-d16 -mfloat-abi=hard -mthumb -o "Core/Src/asm_func.o" "../Core/Src/asm_func.S"
arm-none-eabi-gcc -o "adm_c16.elf" @"objects.list"   -mcpu=cortex-m4 -T"/media/francesco/Data/Francesco/AdM_workspace/adm_c16/STM32F429ZITX_FLASH.ld" --specs=nosys.specs -Wl,-Map="adm_c16.map" -Wl,--gc-sections -static --specs=nano.specs -mfpu=fpv4-sp-d16 -mfloat-abi=hard -mthumb -Wl,--start-group -lc -lm -Wl,--end-group
Finished building target: adm_c16.elf
 
arm-none-eabi-size   adm_c16.elf 
arm-none-eabi-objdump -h -S  adm_c16.elf  > "adm_c16.list"
arm-none-eabi-objcopy  -O binary  adm_c16.elf  "adm_c16.bin"
   text	   data	    bss	    dec	    hex	filename
  24384	    120	   3512	  28016	   6d70	adm_c16.elf
Finished building: default.size.stdout
 
Finished building: adm_c16.bin
 
Finished building: adm_c16.list
 
19:21:08 **** Incremental Build of configuration Debug for project adm_c16 ****
make -j20 all 
arm-none-eabi-gcc -mcpu=cortex-m4 -g3 -DDEBUG -c -x assembler-with-cpp -MMD -MP -MF"Core/Src/asm_func.d" -MT"Core/Src/asm_func.o" --specs=nano.specs -mfpu=fpv4-sp-d16 -mfloat-abi=hard -mthumb -o "Core/Src/asm_func.o" "../Core/Src/asm_func.S"
arm-none-eabi-gcc -o "adm_c16.elf" @"objects.list"   -mcpu=cortex-m4 -T"/media/francesco/Data/Francesco/AdM_workspace/adm_c16/STM32F429ZITX_FLASH.ld" --specs=nosys.specs -Wl,-Map="adm_c16.map" -Wl,--gc-sections -static --specs=nano.specs -mfpu=fpv4-sp-d16 -mfloat-abi=hard -mthumb -Wl,--start-group -lc -lm -Wl,--end-group
Finished building target: adm_c16.elf
 
arm-none-eabi-size   adm_c16.elf 
arm-none-eabi-objdump -h -S  adm_c16.elf  > "adm_c16.list"
arm-none-eabi-objcopy  -O binary  adm_c16.elf  "adm_c16.bin"
   text	   data	    bss	    dec	    hex	filename
  24384	    120	   3512	  28016	   6d70	adm_c16.elf
Finished building: default.size.stdout
 
Finished building: adm_c16.bin
 
Finished building: adm_c16.list
 
19:22:13 **** Incremental Build of configuration Debug for project adm_c16 ****
make -j20 all 
arm-none-eabi-gcc -mcpu=cortex-m4 -g3 -DDEBUG -c -x assembler-with-cpp -MMD -MP -MF"Core/Src/asm_func.d" -MT"Core/Src/asm_func.o" --specs=nano.specs -mfpu=fpv4-sp-d16 -mfloat-abi=hard -mthumb -o "Core/Src/asm_func.o" "../Core/Src/asm_func.S"
arm-none-eabi-gcc -o "adm_c16.elf" @"objects.list"   -mcpu=cortex-m4 -T"/media/francesco/Data/Francesco/AdM_workspace/adm_c16/STM32F429ZITX_FLASH.ld" --specs=nosys.specs -Wl,-Map="adm_c16.map" -Wl,--gc-sections -static --specs=nano.specs -mfpu=fpv4-sp-d16 -mfloat-abi=hard -mthumb -Wl,--start-group -lc -lm -Wl,--end-group
Finished building target: adm_c16.elf
 
arm-none-eabi-size   adm_c16.elf 
arm-none-eabi-objdump -h -S  adm_c16.elf  > "adm_c16.list"
arm-none-eabi-objcopy  -O binary  adm_c16.elf  "adm_c16.bin"
   text	   data	    bss	    dec	    hex	filename
  24384	    120	   3512	  28016	   6d70	adm_c16.elf
Finished building: default.size.stdout
 
Finished building: adm_c16.bin
 
Finished building: adm_c16.list
 
19:29:52 **** Incremental Build of configuration Debug for project adm_c16 ****
make -j20 all 
arm-none-eabi-gcc -mcpu=cortex-m4 -g3 -DDEBUG -c -x assembler-with-cpp -MMD -MP -MF"Core/Src/asm_func.d" -MT"Core/Src/asm_func.o" --specs=nano.specs -mfpu=fpv4-sp-d16 -mfloat-abi=hard -mthumb -o "Core/Src/asm_func.o" "../Core/Src/asm_func.S"
arm-none-eabi-gcc -o "adm_c16.elf" @"objects.list"   -mcpu=cortex-m4 -T"/media/francesco/Data/Francesco/AdM_workspace/adm_c16/STM32F429ZITX_FLASH.ld" --specs=nosys.specs -Wl,-Map="adm_c16.map" -Wl,--gc-sections -static --specs=nano.specs -mfpu=fpv4-sp-d16 -mfloat-abi=hard -mthumb -Wl,--start-group -lc -lm -Wl,--end-group
Finished building target: adm_c16.elf
 
arm-none-eabi-size   adm_c16.elf 
arm-none-eabi-objdump -h -S  adm_c16.elf  > "adm_c16.list"
arm-none-eabi-objcopy  -O binary  adm_c16.elf  "adm_c16.bin"
   text	   data	    bss	    dec	    hex	filename
  24384	    120	   3512	  28016	   6d70	adm_c16.elf
Finished building: default.size.stdout
 
Finished building: adm_c16.bin
 
Finished building: adm_c16.list
 
19:30:36 **** Incremental Build of configuration Debug for project adm_c16 ****
make -j20 all 
arm-none-eabi-gcc -mcpu=cortex-m4 -g3 -DDEBUG -c -x assembler-with-cpp -MMD -MP -MF"Core/Src/asm_func.d" -MT"Core/Src/asm_func.o" --specs=nano.specs -mfpu=fpv4-sp-d16 -mfloat-abi=hard -mthumb -o "Core/Src/asm_func.o" "../Core/Src/asm_func.S"
arm-none-eabi-gcc -o "adm_c16.elf" @"objects.list"   -mcpu=cortex-m4 -T"/media/francesco/Data/Francesco/AdM_workspace/adm_c16/STM32F429ZITX_FLASH.ld" --specs=nosys.specs -Wl,-Map="adm_c16.map" -Wl,--gc-sections -static --specs=nano.specs -mfpu=fpv4-sp-d16 -mfloat-abi=hard -mthumb -Wl,--start-group -lc -lm -Wl,--end-group
Finished building target: adm_c16.elf
 
arm-none-eabi-size   adm_c16.elf 
arm-none-eabi-objdump -h -S  adm_c16.elf  > "adm_c16.list"
arm-none-eabi-objcopy  -O binary  adm_c16.elf  "adm_c16.bin"
   text	   data	    bss	    dec	    hex	filename
  24384	    120	   3512	  28016	   6d70	adm_c16.elf
Finished building: default.size.stdout
 
Finished building: adm_c16.bin
 
Finished building: adm_c16.list
 
19:31:34 **** Incremental Build of configuration Debug for project adm_c16 ****
make -j20 all 
arm-none-eabi-gcc -mcpu=cortex-m4 -g3 -DDEBUG -c -x assembler-with-cpp -MMD -MP -MF"Core/Src/asm_func.d" -MT"Core/Src/asm_func.o" --specs=nano.specs -mfpu=fpv4-sp-d16 -mfloat-abi=hard -mthumb -o "Core/Src/asm_func.o" "../Core/Src/asm_func.S"
arm-none-eabi-gcc -o "adm_c16.elf" @"objects.list"   -mcpu=cortex-m4 -T"/media/francesco/Data/Francesco/AdM_workspace/adm_c16/STM32F429ZITX_FLASH.ld" --specs=nosys.specs -Wl,-Map="adm_c16.map" -Wl,--gc-sections -static --specs=nano.specs -mfpu=fpv4-sp-d16 -mfloat-abi=hard -mthumb -Wl,--start-group -lc -lm -Wl,--end-group
Finished building target: adm_c16.elf
 
arm-none-eabi-size   adm_c16.elf 
arm-none-eabi-objdump -h -S  adm_c16.elf  > "adm_c16.list"
arm-none-eabi-objcopy  -O binary  adm_c16.elf  "adm_c16.bin"
   text	   data	    bss	    dec	    hex	filename
  24384	    120	   3512	  28016	   6d70	adm_c16.elf
Finished building: default.size.stdout
 
Finished building: adm_c16.bin
 
Finished building: adm_c16.list
 
19:35:39 **** Incremental Build of configuration Debug for project adm_c16 ****
make -j20 all 
arm-none-eabi-gcc -mcpu=cortex-m4 -g3 -DDEBUG -c -x assembler-with-cpp -MMD -MP -MF"Core/Src/asm_func.d" -MT"Core/Src/asm_func.o" --specs=nano.specs -mfpu=fpv4-sp-d16 -mfloat-abi=hard -mthumb -o "Core/Src/asm_func.o" "../Core/Src/asm_func.S"
arm-none-eabi-gcc -o "adm_c16.elf" @"objects.list"   -mcpu=cortex-m4 -T"/media/francesco/Data/Francesco/AdM_workspace/adm_c16/STM32F429ZITX_FLASH.ld" --specs=nosys.specs -Wl,-Map="adm_c16.map" -Wl,--gc-sections -static --specs=nano.specs -mfpu=fpv4-sp-d16 -mfloat-abi=hard -mthumb -Wl,--start-group -lc -lm -Wl,--end-group
Finished building target: adm_c16.elf
 
arm-none-eabi-size   adm_c16.elf 
arm-none-eabi-objdump -h -S  adm_c16.elf  > "adm_c16.list"
arm-none-eabi-objcopy  -O binary  adm_c16.elf  "adm_c16.bin"
   text	   data	    bss	    dec	    hex	filename
  24384	    120	   3512	  28016	   6d70	adm_c16.elf
Finished building: default.size.stdout
 
Finished building: adm_c16.bin
 
Finished building: adm_c16.list
 
19:37:08 **** Incremental Build of configuration Debug for project adm_c16 ****
make -j20 all 
arm-none-eabi-gcc -mcpu=cortex-m4 -g3 -DDEBUG -c -x assembler-with-cpp -MMD -MP -MF"Core/Src/asm_func.d" -MT"Core/Src/asm_func.o" --specs=nano.specs -mfpu=fpv4-sp-d16 -mfloat-abi=hard -mthumb -o "Core/Src/asm_func.o" "../Core/Src/asm_func.S"
arm-none-eabi-gcc -o "adm_c16.elf" @"objects.list"   -mcpu=cortex-m4 -T"/media/francesco/Data/Francesco/AdM_workspace/adm_c16/STM32F429ZITX_FLASH.ld" --specs=nosys.specs -Wl,-Map="adm_c16.map" -Wl,--gc-sections -static --specs=nano.specs -mfpu=fpv4-sp-d16 -mfloat-abi=hard -mthumb -Wl,--start-group -lc -lm -Wl,--end-group
Finished building target: adm_c16.elf
 
arm-none-eabi-size   adm_c16.elf 
arm-none-eabi-objdump -h -S  adm_c16.elf  > "adm_c16.list"
arm-none-eabi-objcopy  -O binary  adm_c16.elf  "adm_c16.bin"
   text	   data	    bss	    dec	    hex	filename
  24384	    120	   3512	  28016	   6d70	adm_c16.elf
Finished building: default.size.stdout
 
Finished building: adm_c16.bin
 
Finished building: adm_c16.list
 
20:11:43 **** Incremental Build of configuration Debug for project adm_c16 ****
make -j20 all 
arm-none-eabi-gcc -mcpu=cortex-m4 -g3 -DDEBUG -c -x assembler-with-cpp -MMD -MP -MF"Core/Src/asm_func.d" -MT"Core/Src/asm_func.o" --specs=nano.specs -mfpu=fpv4-sp-d16 -mfloat-abi=hard -mthumb -o "Core/Src/asm_func.o" "../Core/Src/asm_func.S"
arm-none-eabi-gcc "../Core/Src/c_func.c" -mcpu=cortex-m4 -std=gnu11 -g3 -DDEBUG -DUSE_HAL_DRIVER -DSTM32F429xx -c -I../Core/Inc -I/home/iot/STM32Cube/Repository/STM32Cube_FW_F4_V1.27.0/Drivers/STM32F4xx_HAL_Driver/Inc -I/home/iot/STM32Cube/Repository/STM32Cube_FW_F4_V1.27.0/Drivers/STM32F4xx_HAL_Driver/Inc/Legacy -I/home/iot/STM32Cube/Repository/STM32Cube_FW_F4_V1.27.0/Drivers/CMSIS/Device/ST/STM32F4xx/Include -I/home/iot/STM32Cube/Repository/STM32Cube_FW_F4_V1.27.0/Drivers/CMSIS/Include -I/home/francesco/STM32Cube/Repository/STM32Cube_FW_F4_V1.27.1/Drivers/STM32F4xx_HAL_Driver/Inc -I/home/francesco/STM32Cube/Repository/STM32Cube_FW_F4_V1.27.1/Drivers/STM32F4xx_HAL_Driver/Inc/Legacy -I/home/francesco/STM32Cube/Repository/STM32Cube_FW_F4_V1.27.1/Drivers/CMSIS/Device/ST/STM32F4xx/Include -I/home/francesco/STM32Cube/Repository/STM32Cube_FW_F4_V1.27.1/Drivers/CMSIS/Include -O0 -ffunction-sections -fdata-sections -Wall -fstack-usage -MMD -MP -MF"Core/Src/c_func.d" -MT"Core/Src/c_func.o" --specs=nano.specs -mfpu=fpv4-sp-d16 -mfloat-abi=hard -mthumb -o "Core/Src/c_func.o"
arm-none-eabi-gcc "../Core/Src/c_func_tester.c" -mcpu=cortex-m4 -std=gnu11 -g3 -DDEBUG -DUSE_HAL_DRIVER -DSTM32F429xx -c -I../Core/Inc -I/home/iot/STM32Cube/Repository/STM32Cube_FW_F4_V1.27.0/Drivers/STM32F4xx_HAL_Driver/Inc -I/home/iot/STM32Cube/Repository/STM32Cube_FW_F4_V1.27.0/Drivers/STM32F4xx_HAL_Driver/Inc/Legacy -I/home/iot/STM32Cube/Repository/STM32Cube_FW_F4_V1.27.0/Drivers/CMSIS/Device/ST/STM32F4xx/Include -I/home/iot/STM32Cube/Repository/STM32Cube_FW_F4_V1.27.0/Drivers/CMSIS/Include -I/home/francesco/STM32Cube/Repository/STM32Cube_FW_F4_V1.27.1/Drivers/STM32F4xx_HAL_Driver/Inc -I/home/francesco/STM32Cube/Repository/STM32Cube_FW_F4_V1.27.1/Drivers/STM32F4xx_HAL_Driver/Inc/Legacy -I/home/francesco/STM32Cube/Repository/STM32Cube_FW_F4_V1.27.1/Drivers/CMSIS/Device/ST/STM32F4xx/Include -I/home/francesco/STM32Cube/Repository/STM32Cube_FW_F4_V1.27.1/Drivers/CMSIS/Include -O0 -ffunction-sections -fdata-sections -Wall -fstack-usage -MMD -MP -MF"Core/Src/c_func_tester.d" -MT"Core/Src/c_func_tester.o" --specs=nano.specs -mfpu=fpv4-sp-d16 -mfloat-abi=hard -mthumb -o "Core/Src/c_func_tester.o"
../Core/Src/c_func_tester.c: In function 'c_max_tester':
../Core/Src/c_func_tester.c:91:10: warning: unused variable 'result' [-Wunused-variable]
   91 |  int32_t result = c_max(myVecIn, myVecInSize);
      |          ^~~~~~
../Core/Src/c_func_tester.c: In function 'c_eco_tester':
../Core/Src/c_func_tester.c:135:26: warning: unused variable 'Ciclos' [-Wunused-variable]
  135 |  const volatile uint32_t Ciclos = DWT->CYCCNT; // Reporta 282.900 ciclos en modo Debug!!!
      |                          ^~~~~~
../Core/Src/c_func_tester.c: In function 'c_corr_tester':
../Core/Src/c_func_tester.c:161:26: warning: unused variable 'Ciclos' [-Wunused-variable]
  161 |  const volatile uint32_t Ciclos = DWT->CYCCNT; // Reporta 58.497 ciclos en modo Debug!!!
      |                          ^~~~~~
arm-none-eabi-gcc -o "adm_c16.elf" @"objects.list"   -mcpu=cortex-m4 -T"/media/francesco/Data/Francesco/AdM_workspace/adm_c16/STM32F429ZITX_FLASH.ld" --specs=nosys.specs -Wl,-Map="adm_c16.map" -Wl,--gc-sections -static --specs=nano.specs -mfpu=fpv4-sp-d16 -mfloat-abi=hard -mthumb -Wl,--start-group -lc -lm -Wl,--end-group
Finished building target: adm_c16.elf
 
arm-none-eabi-size   adm_c16.elf 
arm-none-eabi-objdump -h -S  adm_c16.elf  > "adm_c16.list"
arm-none-eabi-objcopy  -O binary  adm_c16.elf  "adm_c16.bin"
   text	   data	    bss	    dec	    hex	filename
  24304	    120	   3512	  27936	   6d20	adm_c16.elf
Finished building: default.size.stdout
 
Finished building: adm_c16.bin
 
Finished building: adm_c16.list
 
20:11:52 **** Incremental Build of configuration Debug for project adm_c16 ****
make -j20 all 
arm-none-eabi-size   adm_c16.elf 
   text	   data	    bss	    dec	    hex	filename
  24304	    120	   3512	  27936	   6d20	adm_c16.elf
Finished building: default.size.stdout
 
20:12:32 **** Incremental Build of configuration Debug for project adm_c16 ****
make -j20 all 
arm-none-eabi-gcc "../Core/Src/main.c" -mcpu=cortex-m4 -std=gnu11 -g3 -DDEBUG -DUSE_HAL_DRIVER -DSTM32F429xx -c -I../Core/Inc -I/home/iot/STM32Cube/Repository/STM32Cube_FW_F4_V1.27.0/Drivers/STM32F4xx_HAL_Driver/Inc -I/home/iot/STM32Cube/Repository/STM32Cube_FW_F4_V1.27.0/Drivers/STM32F4xx_HAL_Driver/Inc/Legacy -I/home/iot/STM32Cube/Repository/STM32Cube_FW_F4_V1.27.0/Drivers/CMSIS/Device/ST/STM32F4xx/Include -I/home/iot/STM32Cube/Repository/STM32Cube_FW_F4_V1.27.0/Drivers/CMSIS/Include -I/home/francesco/STM32Cube/Repository/STM32Cube_FW_F4_V1.27.1/Drivers/STM32F4xx_HAL_Driver/Inc -I/home/francesco/STM32Cube/Repository/STM32Cube_FW_F4_V1.27.1/Drivers/STM32F4xx_HAL_Driver/Inc/Legacy -I/home/francesco/STM32Cube/Repository/STM32Cube_FW_F4_V1.27.1/Drivers/CMSIS/Device/ST/STM32F4xx/Include -I/home/francesco/STM32Cube/Repository/STM32Cube_FW_F4_V1.27.1/Drivers/CMSIS/Include -O0 -ffunction-sections -fdata-sections -Wall -fstack-usage -MMD -MP -MF"Core/Src/main.d" -MT"Core/Src/main.o" --specs=nano.specs -mfpu=fpv4-sp-d16 -mfloat-abi=hard -mthumb -o "Core/Src/main.o"
arm-none-eabi-gcc -o "adm_c16.elf" @"objects.list"   -mcpu=cortex-m4 -T"/media/francesco/Data/Francesco/AdM_workspace/adm_c16/STM32F429ZITX_FLASH.ld" --specs=nosys.specs -Wl,-Map="adm_c16.map" -Wl,--gc-sections -static --specs=nano.specs -mfpu=fpv4-sp-d16 -mfloat-abi=hard -mthumb -Wl,--start-group -lc -lm -Wl,--end-group
Finished building target: adm_c16.elf
 
arm-none-eabi-size   adm_c16.elf 
arm-none-eabi-objdump -h -S  adm_c16.elf  > "adm_c16.list"
arm-none-eabi-objcopy  -O binary  adm_c16.elf  "adm_c16.bin"
   text	   data	    bss	    dec	    hex	filename
  23920	    120	   3512	  27552	   6ba0	adm_c16.elf
Finished building: default.size.stdout
 
Finished building: adm_c16.bin
 
Finished building: adm_c16.list
 
20:13:21 **** Incremental Build of configuration Debug for project adm_c16 ****
make -j20 all 
arm-none-eabi-gcc "../Core/Src/c_func_tester.c" -mcpu=cortex-m4 -std=gnu11 -g3 -DDEBUG -DUSE_HAL_DRIVER -DSTM32F429xx -c -I../Core/Inc -I/home/iot/STM32Cube/Repository/STM32Cube_FW_F4_V1.27.0/Drivers/STM32F4xx_HAL_Driver/Inc -I/home/iot/STM32Cube/Repository/STM32Cube_FW_F4_V1.27.0/Drivers/STM32F4xx_HAL_Driver/Inc/Legacy -I/home/iot/STM32Cube/Repository/STM32Cube_FW_F4_V1.27.0/Drivers/CMSIS/Device/ST/STM32F4xx/Include -I/home/iot/STM32Cube/Repository/STM32Cube_FW_F4_V1.27.0/Drivers/CMSIS/Include -I/home/francesco/STM32Cube/Repository/STM32Cube_FW_F4_V1.27.1/Drivers/STM32F4xx_HAL_Driver/Inc -I/home/francesco/STM32Cube/Repository/STM32Cube_FW_F4_V1.27.1/Drivers/STM32F4xx_HAL_Driver/Inc/Legacy -I/home/francesco/STM32Cube/Repository/STM32Cube_FW_F4_V1.27.1/Drivers/CMSIS/Device/ST/STM32F4xx/Include -I/home/francesco/STM32Cube/Repository/STM32Cube_FW_F4_V1.27.1/Drivers/CMSIS/Include -O0 -ffunction-sections -fdata-sections -Wall -fstack-usage -MMD -MP -MF"Core/Src/c_func_tester.d" -MT"Core/Src/c_func_tester.o" --specs=nano.specs -mfpu=fpv4-sp-d16 -mfloat-abi=hard -mthumb -o "Core/Src/c_func_tester.o"
../Core/Src/c_func_tester.c: In function 'c_max_tester':
../Core/Src/c_func_tester.c:91:10: warning: unused variable 'result' [-Wunused-variable]
   91 |  int32_t result = c_max(myVecIn, myVecInSize);
      |          ^~~~~~
../Core/Src/c_func_tester.c: In function 'c_eco_tester':
../Core/Src/c_func_tester.c:135:26: warning: unused variable 'Ciclos' [-Wunused-variable]
  135 |  const volatile uint32_t Ciclos = DWT->CYCCNT; // Reporta 282.900 ciclos en modo Debug!!!
      |                          ^~~~~~
../Core/Src/c_func_tester.c: In function 'c_corr_tester':
../Core/Src/c_func_tester.c:158:26: warning: unused variable 'Ciclos' [-Wunused-variable]
  158 |  const volatile uint32_t Ciclos = DWT->CYCCNT; // Reporta 58.497 ciclos en modo Debug!!!
      |                          ^~~~~~
arm-none-eabi-gcc -o "adm_c16.elf" @"objects.list"   -mcpu=cortex-m4 -T"/media/francesco/Data/Francesco/AdM_workspace/adm_c16/STM32F429ZITX_FLASH.ld" --specs=nosys.specs -Wl,-Map="adm_c16.map" -Wl,--gc-sections -static --specs=nano.specs -mfpu=fpv4-sp-d16 -mfloat-abi=hard -mthumb -Wl,--start-group -lc -lm -Wl,--end-group
Finished building target: adm_c16.elf
 
arm-none-eabi-size   adm_c16.elf 
arm-none-eabi-objdump -h -S  adm_c16.elf  > "adm_c16.list"
arm-none-eabi-objcopy  -O binary  adm_c16.elf  "adm_c16.bin"
   text	   data	    bss	    dec	    hex	filename
  24004	    120	   3512	  27636	   6bf4	adm_c16.elf
Finished building: default.size.stdout
 
Finished building: adm_c16.bin
 
Finished building: adm_c16.list
 
20:33:40 **** Incremental Build of configuration Debug for project adm_c16 ****
make -j20 all 
arm-none-eabi-gcc -mcpu=cortex-m4 -g3 -DDEBUG -c -x assembler-with-cpp -MMD -MP -MF"Core/Src/asm_func.d" -MT"Core/Src/asm_func.o" --specs=nano.specs -mfpu=fpv4-sp-d16 -mfloat-abi=hard -mthumb -o "Core/Src/asm_func.o" "../Core/Src/asm_func.S"
arm-none-eabi-gcc "../Core/Src/main.c" -mcpu=cortex-m4 -std=gnu11 -g3 -DDEBUG -DUSE_HAL_DRIVER -DSTM32F429xx -c -I../Core/Inc -I/home/iot/STM32Cube/Repository/STM32Cube_FW_F4_V1.27.0/Drivers/STM32F4xx_HAL_Driver/Inc -I/home/iot/STM32Cube/Repository/STM32Cube_FW_F4_V1.27.0/Drivers/STM32F4xx_HAL_Driver/Inc/Legacy -I/home/iot/STM32Cube/Repository/STM32Cube_FW_F4_V1.27.0/Drivers/CMSIS/Device/ST/STM32F4xx/Include -I/home/iot/STM32Cube/Repository/STM32Cube_FW_F4_V1.27.0/Drivers/CMSIS/Include -I/home/francesco/STM32Cube/Repository/STM32Cube_FW_F4_V1.27.1/Drivers/STM32F4xx_HAL_Driver/Inc -I/home/francesco/STM32Cube/Repository/STM32Cube_FW_F4_V1.27.1/Drivers/STM32F4xx_HAL_Driver/Inc/Legacy -I/home/francesco/STM32Cube/Repository/STM32Cube_FW_F4_V1.27.1/Drivers/CMSIS/Device/ST/STM32F4xx/Include -I/home/francesco/STM32Cube/Repository/STM32Cube_FW_F4_V1.27.1/Drivers/CMSIS/Include -O0 -ffunction-sections -fdata-sections -Wall -fstack-usage -MMD -MP -MF"Core/Src/main.d" -MT"Core/Src/main.o" --specs=nano.specs -mfpu=fpv4-sp-d16 -mfloat-abi=hard -mthumb -o "Core/Src/main.o"
arm-none-eabi-gcc -o "adm_c16.elf" @"objects.list"   -mcpu=cortex-m4 -T"/media/francesco/Data/Francesco/AdM_workspace/adm_c16/STM32F429ZITX_FLASH.ld" --specs=nosys.specs -Wl,-Map="adm_c16.map" -Wl,--gc-sections -static --specs=nano.specs -mfpu=fpv4-sp-d16 -mfloat-abi=hard -mthumb -Wl,--start-group -lc -lm -Wl,--end-group
Finished building target: adm_c16.elf
 
arm-none-eabi-size   adm_c16.elf 
arm-none-eabi-objdump -h -S  adm_c16.elf  > "adm_c16.list"
arm-none-eabi-objcopy  -O binary  adm_c16.elf  "adm_c16.bin"
   text	   data	    bss	    dec	    hex	filename
  24388	    120	   3512	  28020	   6d74	adm_c16.elf
Finished building: default.size.stdout
 
Finished building: adm_c16.bin
 
Finished building: adm_c16.list
 
21:35:59 **** Incremental Build of configuration Debug for project adm_c16 ****
make -j20 all 
arm-none-eabi-gcc -mcpu=cortex-m4 -g3 -DDEBUG -c -x assembler-with-cpp -MMD -MP -MF"Core/Src/asm_func.d" -MT"Core/Src/asm_func.o" --specs=nano.specs -mfpu=fpv4-sp-d16 -mfloat-abi=hard -mthumb -o "Core/Src/asm_func.o" "../Core/Src/asm_func.S"
arm-none-eabi-gcc "../Core/Src/asm_func_tester.c" -mcpu=cortex-m4 -std=gnu11 -g3 -DDEBUG -DUSE_HAL_DRIVER -DSTM32F429xx -c -I../Core/Inc -I/home/iot/STM32Cube/Repository/STM32Cube_FW_F4_V1.27.0/Drivers/STM32F4xx_HAL_Driver/Inc -I/home/iot/STM32Cube/Repository/STM32Cube_FW_F4_V1.27.0/Drivers/STM32F4xx_HAL_Driver/Inc/Legacy -I/home/iot/STM32Cube/Repository/STM32Cube_FW_F4_V1.27.0/Drivers/CMSIS/Device/ST/STM32F4xx/Include -I/home/iot/STM32Cube/Repository/STM32Cube_FW_F4_V1.27.0/Drivers/CMSIS/Include -I/home/francesco/STM32Cube/Repository/STM32Cube_FW_F4_V1.27.1/Drivers/STM32F4xx_HAL_Driver/Inc -I/home/francesco/STM32Cube/Repository/STM32Cube_FW_F4_V1.27.1/Drivers/STM32F4xx_HAL_Driver/Inc/Legacy -I/home/francesco/STM32Cube/Repository/STM32Cube_FW_F4_V1.27.1/Drivers/CMSIS/Device/ST/STM32F4xx/Include -I/home/francesco/STM32Cube/Repository/STM32Cube_FW_F4_V1.27.1/Drivers/CMSIS/Include -O0 -ffunction-sections -fdata-sections -Wall -fstack-usage -MMD -MP -MF"Core/Src/asm_func_tester.d" -MT"Core/Src/asm_func_tester.o" --specs=nano.specs -mfpu=fpv4-sp-d16 -mfloat-abi=hard -mthumb -o "Core/Src/asm_func_tester.o"
../Core/Src/asm_func.S: Assembler messages:
../Core/Src/asm_func.S:608: Error: bad instruction `vecb[n +l] hasta longitud'
make: *** [Core/Src/subdir.mk:50: Core/Src/asm_func.o] Error 1
make: *** Waiting for unfinished jobs....
../Core/Src/asm_func_tester.c: In function 'asm_sum_tester':
../Core/Src/asm_func_tester.c:15:11: warning: variable 'resultado' set but not used [-Wunused-but-set-variable]
   15 |  uint32_t resultado;
      |           ^~~~~~~~~
../Core/Src/asm_func_tester.c: In function 'asm_max_tester':
../Core/Src/asm_func_tester.c:94:10: warning: unused variable 'max' [-Wunused-variable]
   94 |  int32_t max = asm_max(myVecIn, myVecInSize);
      |          ^~~
../Core/Src/asm_func_tester.c: In function 'asm_ecoV1_tester':
../Core/Src/asm_func_tester.c:141:26: warning: unused variable 'Ciclos' [-Wunused-variable]
  141 |  const volatile uint32_t Ciclos = DWT->CYCCNT; // Reporta 73.530 ciclos en modo Debug
      |                          ^~~~~~
../Core/Src/asm_func_tester.c: In function 'asm_ecoV2_tester':
../Core/Src/asm_func_tester.c:166:26: warning: unused variable 'Ciclos' [-Wunused-variable]
  166 |  const volatile uint32_t Ciclos = DWT->CYCCNT; // Reporta 74.978 ciclos en modo Debug
      |                          ^~~~~~
../Core/Src/asm_func_tester.c: In function 'asm_ecoV3_tester':
../Core/Src/asm_func_tester.c:190:26: warning: unused variable 'Ciclos' [-Wunused-variable]
  190 |  const volatile uint32_t Ciclos = DWT->CYCCNT; // Reporta 37.497 ciclos en modo Debug
      |                          ^~~~~~
../Core/Src/asm_func_tester.c: In function 'asm_corrV1_tester':
../Core/Src/asm_func_tester.c:214:26: warning: unused variable 'Ciclos' [-Wunused-variable]
  214 |  const volatile uint32_t Ciclos = DWT->CYCCNT; // Reporta 15.637 ciclos en modo Debug
      |                          ^~~~~~
../Core/Src/asm_func_tester.c: In function 'asm_corrV2_tester':
../Core/Src/asm_func_tester.c:238:26: warning: unused variable 'Ciclos' [-Wunused-variable]
  238 |  const volatile uint32_t Ciclos = DWT->CYCCNT; // Reporta ABC ciclos en modo Debug
      |                          ^~~~~~
"make -j20 all" terminated with exit code 2. Build might be incomplete.
21:36:15 **** Incremental Build of configuration Debug for project adm_c16 ****
make -j20 all 
arm-none-eabi-gcc -mcpu=cortex-m4 -g3 -DDEBUG -c -x assembler-with-cpp -MMD -MP -MF"Core/Src/asm_func.d" -MT"Core/Src/asm_func.o" --specs=nano.specs -mfpu=fpv4-sp-d16 -mfloat-abi=hard -mthumb -o "Core/Src/asm_func.o" "../Core/Src/asm_func.S"
arm-none-eabi-gcc -o "adm_c16.elf" @"objects.list"   -mcpu=cortex-m4 -T"/media/francesco/Data/Francesco/AdM_workspace/adm_c16/STM32F429ZITX_FLASH.ld" --specs=nosys.specs -Wl,-Map="adm_c16.map" -Wl,--gc-sections -static --specs=nano.specs -mfpu=fpv4-sp-d16 -mfloat-abi=hard -mthumb -Wl,--start-group -lc -lm -Wl,--end-group
Finished building target: adm_c16.elf
 
arm-none-eabi-size   adm_c16.elf 
arm-none-eabi-objdump -h -S  adm_c16.elf  > "adm_c16.list"
arm-none-eabi-objcopy  -O binary  adm_c16.elf  "adm_c16.bin"
   text	   data	    bss	    dec	    hex	filename
  24472	    120	   3512	  28104	   6dc8	adm_c16.elf
Finished building: default.size.stdout
 
Finished building: adm_c16.bin
 
Finished building: adm_c16.list
 
21:42:37 **** Incremental Build of configuration Debug for project adm_c16 ****
make -j20 all 
arm-none-eabi-gcc -mcpu=cortex-m4 -g3 -DDEBUG -c -x assembler-with-cpp -MMD -MP -MF"Core/Src/asm_func.d" -MT"Core/Src/asm_func.o" --specs=nano.specs -mfpu=fpv4-sp-d16 -mfloat-abi=hard -mthumb -o "Core/Src/asm_func.o" "../Core/Src/asm_func.S"
arm-none-eabi-gcc -o "adm_c16.elf" @"objects.list"   -mcpu=cortex-m4 -T"/media/francesco/Data/Francesco/AdM_workspace/adm_c16/STM32F429ZITX_FLASH.ld" --specs=nosys.specs -Wl,-Map="adm_c16.map" -Wl,--gc-sections -static --specs=nano.specs -mfpu=fpv4-sp-d16 -mfloat-abi=hard -mthumb -Wl,--start-group -lc -lm -Wl,--end-group
Finished building target: adm_c16.elf
 
arm-none-eabi-size   adm_c16.elf 
arm-none-eabi-objdump -h -S  adm_c16.elf  > "adm_c16.list"
arm-none-eabi-objcopy  -O binary  adm_c16.elf  "adm_c16.bin"
   text	   data	    bss	    dec	    hex	filename
  24472	    120	   3512	  28104	   6dc8	adm_c16.elf
Finished building: default.size.stdout
 
Finished building: adm_c16.bin
 
Finished building: adm_c16.list
 
21:45:07 **** Incremental Build of configuration Debug for project adm_c16 ****
make -j20 all 
arm-none-eabi-size   adm_c16.elf 
   text	   data	    bss	    dec	    hex	filename
  24472	    120	   3512	  28104	   6dc8	adm_c16.elf
Finished building: default.size.stdout
 
21:48:18 **** Incremental Build of configuration Debug for project adm_c16 ****
make -j20 all 
arm-none-eabi-gcc -mcpu=cortex-m4 -g3 -DDEBUG -c -x assembler-with-cpp -MMD -MP -MF"Core/Src/asm_func.d" -MT"Core/Src/asm_func.o" --specs=nano.specs -mfpu=fpv4-sp-d16 -mfloat-abi=hard -mthumb -o "Core/Src/asm_func.o" "../Core/Src/asm_func.S"
arm-none-eabi-gcc -o "adm_c16.elf" @"objects.list"   -mcpu=cortex-m4 -T"/media/francesco/Data/Francesco/AdM_workspace/adm_c16/STM32F429ZITX_FLASH.ld" --specs=nosys.specs -Wl,-Map="adm_c16.map" -Wl,--gc-sections -static --specs=nano.specs -mfpu=fpv4-sp-d16 -mfloat-abi=hard -mthumb -Wl,--start-group -lc -lm -Wl,--end-group
Finished building target: adm_c16.elf
 
arm-none-eabi-size   adm_c16.elf 
arm-none-eabi-objdump -h -S  adm_c16.elf  > "adm_c16.list"
arm-none-eabi-objcopy  -O binary  adm_c16.elf  "adm_c16.bin"
   text	   data	    bss	    dec	    hex	filename
  24472	    120	   3512	  28104	   6dc8	adm_c16.elf
Finished building: default.size.stdout
 
Finished building: adm_c16.bin
 
Finished building: adm_c16.list
 
21:48:29 **** Incremental Build of configuration Debug for project adm_c16 ****
make -j20 all 
arm-none-eabi-size   adm_c16.elf 
   text	   data	    bss	    dec	    hex	filename
  24472	    120	   3512	  28104	   6dc8	adm_c16.elf
Finished building: default.size.stdout
 
22:05:01 **** Incremental Build of configuration Debug for project adm_c16 ****
make -j20 all 
arm-none-eabi-gcc -mcpu=cortex-m4 -g3 -DDEBUG -c -x assembler-with-cpp -MMD -MP -MF"Core/Src/asm_func.d" -MT"Core/Src/asm_func.o" --specs=nano.specs -mfpu=fpv4-sp-d16 -mfloat-abi=hard -mthumb -o "Core/Src/asm_func.o" "../Core/Src/asm_func.S"
arm-none-eabi-gcc -o "adm_c16.elf" @"objects.list"   -mcpu=cortex-m4 -T"/media/francesco/Data/Francesco/AdM_workspace/adm_c16/STM32F429ZITX_FLASH.ld" --specs=nosys.specs -Wl,-Map="adm_c16.map" -Wl,--gc-sections -static --specs=nano.specs -mfpu=fpv4-sp-d16 -mfloat-abi=hard -mthumb -Wl,--start-group -lc -lm -Wl,--end-group
/home/francesco/st/stm32cubeide_1.11.2_2/plugins/com.st.stm32cube.ide.mcu.externaltools.gnu-tools-for-stm32.10.3-2021.10.linux64_1.0.100.202210260954/tools/bin/../lib/gcc/arm-none-eabi/10.3.1/../../../../arm-none-eabi/bin/ld: ./Core/Src/asm_func.o: in function `asm_corrV2_loop2':
/media/francesco/Data/Francesco/AdM_workspace/adm_c16/Debug/../Core/Src/asm_func.S:589: undefined reference to `asm_corr_else2'
collect2: error: ld returned 1 exit status
make: *** [makefile:67: adm_c16.elf] Error 1
"make -j20 all" terminated with exit code 2. Build might be incomplete.
22:05:15 **** Incremental Build of configuration Debug for project adm_c16 ****
make -j20 all 
arm-none-eabi-gcc -mcpu=cortex-m4 -g3 -DDEBUG -c -x assembler-with-cpp -MMD -MP -MF"Core/Src/asm_func.d" -MT"Core/Src/asm_func.o" --specs=nano.specs -mfpu=fpv4-sp-d16 -mfloat-abi=hard -mthumb -o "Core/Src/asm_func.o" "../Core/Src/asm_func.S"
arm-none-eabi-gcc -o "adm_c16.elf" @"objects.list"   -mcpu=cortex-m4 -T"/media/francesco/Data/Francesco/AdM_workspace/adm_c16/STM32F429ZITX_FLASH.ld" --specs=nosys.specs -Wl,-Map="adm_c16.map" -Wl,--gc-sections -static --specs=nano.specs -mfpu=fpv4-sp-d16 -mfloat-abi=hard -mthumb -Wl,--start-group -lc -lm -Wl,--end-group
Finished building target: adm_c16.elf
 
arm-none-eabi-size   adm_c16.elf 
arm-none-eabi-objdump -h -S  adm_c16.elf  > "adm_c16.list"
arm-none-eabi-objcopy  -O binary  adm_c16.elf  "adm_c16.bin"
   text	   data	    bss	    dec	    hex	filename
  24488	    120	   3512	  28120	   6dd8	adm_c16.elf
Finished building: default.size.stdout
 
Finished building: adm_c16.bin
 
Finished building: adm_c16.list
 
22:05:50 **** Incremental Build of configuration Debug for project adm_c16 ****
make -j20 all 
arm-none-eabi-size   adm_c16.elf 
   text	   data	    bss	    dec	    hex	filename
  24488	    120	   3512	  28120	   6dd8	adm_c16.elf
Finished building: default.size.stdout
 
22:09:22 **** Incremental Build of configuration Debug for project adm_c16 ****
make -j20 all 
arm-none-eabi-gcc -mcpu=cortex-m4 -g3 -DDEBUG -c -x assembler-with-cpp -MMD -MP -MF"Core/Src/asm_func.d" -MT"Core/Src/asm_func.o" --specs=nano.specs -mfpu=fpv4-sp-d16 -mfloat-abi=hard -mthumb -o "Core/Src/asm_func.o" "../Core/Src/asm_func.S"
arm-none-eabi-gcc -o "adm_c16.elf" @"objects.list"   -mcpu=cortex-m4 -T"/media/francesco/Data/Francesco/AdM_workspace/adm_c16/STM32F429ZITX_FLASH.ld" --specs=nosys.specs -Wl,-Map="adm_c16.map" -Wl,--gc-sections -static --specs=nano.specs -mfpu=fpv4-sp-d16 -mfloat-abi=hard -mthumb -Wl,--start-group -lc -lm -Wl,--end-group
Finished building target: adm_c16.elf
 
arm-none-eabi-size   adm_c16.elf 
arm-none-eabi-objdump -h -S  adm_c16.elf  > "adm_c16.list"
arm-none-eabi-objcopy  -O binary  adm_c16.elf  "adm_c16.bin"
   text	   data	    bss	    dec	    hex	filename
  24488	    120	   3512	  28120	   6dd8	adm_c16.elf
Finished building: default.size.stdout
 
Finished building: adm_c16.bin
 
Finished building: adm_c16.list
 
22:10:10 **** Incremental Build of configuration Debug for project adm_c16 ****
make -j20 all 
arm-none-eabi-size   adm_c16.elf 
   text	   data	    bss	    dec	    hex	filename
  24488	    120	   3512	  28120	   6dd8	adm_c16.elf
Finished building: default.size.stdout
 
22:10:21 **** Incremental Build of configuration Debug for project adm_c16 ****
make -j20 all 
arm-none-eabi-size   adm_c16.elf 
   text	   data	    bss	    dec	    hex	filename
  24488	    120	   3512	  28120	   6dd8	adm_c16.elf
Finished building: default.size.stdout
 
22:14:43 **** Incremental Build of configuration Debug for project adm_c16 ****
make -j20 all 
arm-none-eabi-gcc -mcpu=cortex-m4 -g3 -DDEBUG -c -x assembler-with-cpp -MMD -MP -MF"Core/Src/asm_func.d" -MT"Core/Src/asm_func.o" --specs=nano.specs -mfpu=fpv4-sp-d16 -mfloat-abi=hard -mthumb -o "Core/Src/asm_func.o" "../Core/Src/asm_func.S"
arm-none-eabi-gcc -o "adm_c16.elf" @"objects.list"   -mcpu=cortex-m4 -T"/media/francesco/Data/Francesco/AdM_workspace/adm_c16/STM32F429ZITX_FLASH.ld" --specs=nosys.specs -Wl,-Map="adm_c16.map" -Wl,--gc-sections -static --specs=nano.specs -mfpu=fpv4-sp-d16 -mfloat-abi=hard -mthumb -Wl,--start-group -lc -lm -Wl,--end-group
Finished building target: adm_c16.elf
 
arm-none-eabi-size   adm_c16.elf 
arm-none-eabi-objdump -h -S  adm_c16.elf  > "adm_c16.list"
arm-none-eabi-objcopy  -O binary  adm_c16.elf  "adm_c16.bin"
   text	   data	    bss	    dec	    hex	filename
  24488	    120	   3512	  28120	   6dd8	adm_c16.elf
Finished building: default.size.stdout
 
Finished building: adm_c16.bin
 
Finished building: adm_c16.list
 
22:15:06 **** Incremental Build of configuration Debug for project adm_c16 ****
make -j20 all 
arm-none-eabi-size   adm_c16.elf 
   text	   data	    bss	    dec	    hex	filename
  24488	    120	   3512	  28120	   6dd8	adm_c16.elf
Finished building: default.size.stdout
 
22:17:08 **** Incremental Build of configuration Debug for project adm_c16 ****
make -j20 all 
arm-none-eabi-size   adm_c16.elf 
   text	   data	    bss	    dec	    hex	filename
  24488	    120	   3512	  28120	   6dd8	adm_c16.elf
Finished building: default.size.stdout
 
22:18:11 **** Incremental Build of configuration Debug for project adm_c16 ****
make -j20 all 
arm-none-eabi-size   adm_c16.elf 
   text	   data	    bss	    dec	    hex	filename
  24488	    120	   3512	  28120	   6dd8	adm_c16.elf
Finished building: default.size.stdout
 
22:18:41 **** Incremental Build of configuration Debug for project adm_c16 ****
make -j20 all 
arm-none-eabi-size   adm_c16.elf 
   text	   data	    bss	    dec	    hex	filename
  24488	    120	   3512	  28120	   6dd8	adm_c16.elf
Finished building: default.size.stdout
 
22:22:05 **** Incremental Build of configuration Debug for project adm_c16 ****
make -j20 all 
arm-none-eabi-gcc -mcpu=cortex-m4 -g3 -DDEBUG -c -x assembler-with-cpp -MMD -MP -MF"Core/Src/asm_func.d" -MT"Core/Src/asm_func.o" --specs=nano.specs -mfpu=fpv4-sp-d16 -mfloat-abi=hard -mthumb -o "Core/Src/asm_func.o" "../Core/Src/asm_func.S"
arm-none-eabi-gcc -o "adm_c16.elf" @"objects.list"   -mcpu=cortex-m4 -T"/media/francesco/Data/Francesco/AdM_workspace/adm_c16/STM32F429ZITX_FLASH.ld" --specs=nosys.specs -Wl,-Map="adm_c16.map" -Wl,--gc-sections -static --specs=nano.specs -mfpu=fpv4-sp-d16 -mfloat-abi=hard -mthumb -Wl,--start-group -lc -lm -Wl,--end-group
Finished building target: adm_c16.elf
 
arm-none-eabi-size   adm_c16.elf 
arm-none-eabi-objdump -h -S  adm_c16.elf  > "adm_c16.list"
arm-none-eabi-objcopy  -O binary  adm_c16.elf  "adm_c16.bin"
   text	   data	    bss	    dec	    hex	filename
  24504	    120	   3512	  28136	   6de8	adm_c16.elf
Finished building: default.size.stdout
 
Finished building: adm_c16.bin
 
Finished building: adm_c16.list
 
22:24:53 **** Incremental Build of configuration Debug for project adm_c16 ****
make -j20 all 
arm-none-eabi-size   adm_c16.elf 
   text	   data	    bss	    dec	    hex	filename
  24504	    120	   3512	  28136	   6de8	adm_c16.elf
Finished building: default.size.stdout
 
22:36:35 **** Incremental Build of configuration Debug for project adm_c16 ****
make -j20 all 
arm-none-eabi-gcc -mcpu=cortex-m4 -g3 -DDEBUG -c -x assembler-with-cpp -MMD -MP -MF"Core/Src/asm_func.d" -MT"Core/Src/asm_func.o" --specs=nano.specs -mfpu=fpv4-sp-d16 -mfloat-abi=hard -mthumb -o "Core/Src/asm_func.o" "../Core/Src/asm_func.S"
arm-none-eabi-gcc -o "adm_c16.elf" @"objects.list"   -mcpu=cortex-m4 -T"/media/francesco/Data/Francesco/AdM_workspace/adm_c16/STM32F429ZITX_FLASH.ld" --specs=nosys.specs -Wl,-Map="adm_c16.map" -Wl,--gc-sections -static --specs=nano.specs -mfpu=fpv4-sp-d16 -mfloat-abi=hard -mthumb -Wl,--start-group -lc -lm -Wl,--end-group
Finished building target: adm_c16.elf
 
arm-none-eabi-size   adm_c16.elf 
arm-none-eabi-objdump -h -S  adm_c16.elf  > "adm_c16.list"
arm-none-eabi-objcopy  -O binary  adm_c16.elf  "adm_c16.bin"
   text	   data	    bss	    dec	    hex	filename
  24504	    120	   3512	  28136	   6de8	adm_c16.elf
Finished building: default.size.stdout
 
Finished building: adm_c16.bin
 
Finished building: adm_c16.list
 
22:38:29 **** Incremental Build of configuration Debug for project adm_c16 ****
make -j20 all 
arm-none-eabi-gcc -mcpu=cortex-m4 -g3 -DDEBUG -c -x assembler-with-cpp -MMD -MP -MF"Core/Src/asm_func.d" -MT"Core/Src/asm_func.o" --specs=nano.specs -mfpu=fpv4-sp-d16 -mfloat-abi=hard -mthumb -o "Core/Src/asm_func.o" "../Core/Src/asm_func.S"
arm-none-eabi-gcc -o "adm_c16.elf" @"objects.list"   -mcpu=cortex-m4 -T"/media/francesco/Data/Francesco/AdM_workspace/adm_c16/STM32F429ZITX_FLASH.ld" --specs=nosys.specs -Wl,-Map="adm_c16.map" -Wl,--gc-sections -static --specs=nano.specs -mfpu=fpv4-sp-d16 -mfloat-abi=hard -mthumb -Wl,--start-group -lc -lm -Wl,--end-group
Finished building target: adm_c16.elf
 
arm-none-eabi-size   adm_c16.elf 
arm-none-eabi-objdump -h -S  adm_c16.elf  > "adm_c16.list"
arm-none-eabi-objcopy  -O binary  adm_c16.elf  "adm_c16.bin"
   text	   data	    bss	    dec	    hex	filename
  24504	    120	   3512	  28136	   6de8	adm_c16.elf
Finished building: default.size.stdout
 
Finished building: adm_c16.bin
 
Finished building: adm_c16.list
 
22:47:58 **** Incremental Build of configuration Debug for project adm_c16 ****
make -j20 all 
arm-none-eabi-gcc -mcpu=cortex-m4 -g3 -DDEBUG -c -x assembler-with-cpp -MMD -MP -MF"Core/Src/asm_func.d" -MT"Core/Src/asm_func.o" --specs=nano.specs -mfpu=fpv4-sp-d16 -mfloat-abi=hard -mthumb -o "Core/Src/asm_func.o" "../Core/Src/asm_func.S"
arm-none-eabi-gcc -o "adm_c16.elf" @"objects.list"   -mcpu=cortex-m4 -T"/media/francesco/Data/Francesco/AdM_workspace/adm_c16/STM32F429ZITX_FLASH.ld" --specs=nosys.specs -Wl,-Map="adm_c16.map" -Wl,--gc-sections -static --specs=nano.specs -mfpu=fpv4-sp-d16 -mfloat-abi=hard -mthumb -Wl,--start-group -lc -lm -Wl,--end-group
Finished building target: adm_c16.elf
 
arm-none-eabi-size   adm_c16.elf 
arm-none-eabi-objdump -h -S  adm_c16.elf  > "adm_c16.list"
arm-none-eabi-objcopy  -O binary  adm_c16.elf  "adm_c16.bin"
   text	   data	    bss	    dec	    hex	filename
  24504	    120	   3512	  28136	   6de8	adm_c16.elf
Finished building: default.size.stdout
 
Finished building: adm_c16.bin
 
Finished building: adm_c16.list
 
23:02:10 **** Incremental Build of configuration Debug for project adm_c16 ****
make -j20 all 
arm-none-eabi-gcc -mcpu=cortex-m4 -g3 -DDEBUG -c -x assembler-with-cpp -MMD -MP -MF"Core/Src/asm_func.d" -MT"Core/Src/asm_func.o" --specs=nano.specs -mfpu=fpv4-sp-d16 -mfloat-abi=hard -mthumb -o "Core/Src/asm_func.o" "../Core/Src/asm_func.S"
arm-none-eabi-gcc -o "adm_c16.elf" @"objects.list"   -mcpu=cortex-m4 -T"/media/francesco/Data/Francesco/AdM_workspace/adm_c16/STM32F429ZITX_FLASH.ld" --specs=nosys.specs -Wl,-Map="adm_c16.map" -Wl,--gc-sections -static --specs=nano.specs -mfpu=fpv4-sp-d16 -mfloat-abi=hard -mthumb -Wl,--start-group -lc -lm -Wl,--end-group
Finished building target: adm_c16.elf
 
arm-none-eabi-size   adm_c16.elf 
arm-none-eabi-objdump -h -S  adm_c16.elf  > "adm_c16.list"
arm-none-eabi-objcopy  -O binary  adm_c16.elf  "adm_c16.bin"
   text	   data	    bss	    dec	    hex	filename
  24504	    120	   3512	  28136	   6de8	adm_c16.elf
Finished building: default.size.stdout
 
Finished building: adm_c16.bin
 
Finished building: adm_c16.list
 
23:04:00 **** Incremental Build of configuration Debug for project adm_c16 ****
make -j20 all 
arm-none-eabi-gcc -mcpu=cortex-m4 -g3 -DDEBUG -c -x assembler-with-cpp -MMD -MP -MF"Core/Src/asm_func.d" -MT"Core/Src/asm_func.o" --specs=nano.specs -mfpu=fpv4-sp-d16 -mfloat-abi=hard -mthumb -o "Core/Src/asm_func.o" "../Core/Src/asm_func.S"
arm-none-eabi-gcc -o "adm_c16.elf" @"objects.list"   -mcpu=cortex-m4 -T"/media/francesco/Data/Francesco/AdM_workspace/adm_c16/STM32F429ZITX_FLASH.ld" --specs=nosys.specs -Wl,-Map="adm_c16.map" -Wl,--gc-sections -static --specs=nano.specs -mfpu=fpv4-sp-d16 -mfloat-abi=hard -mthumb -Wl,--start-group -lc -lm -Wl,--end-group
Finished building target: adm_c16.elf
 
arm-none-eabi-size   adm_c16.elf 
arm-none-eabi-objdump -h -S  adm_c16.elf  > "adm_c16.list"
arm-none-eabi-objcopy  -O binary  adm_c16.elf  "adm_c16.bin"
   text	   data	    bss	    dec	    hex	filename
  24504	    120	   3512	  28136	   6de8	adm_c16.elf
Finished building: default.size.stdout
 
Finished building: adm_c16.bin
 
Finished building: adm_c16.list
 
23:04:08 **** Incremental Build of configuration Debug for project adm_c16 ****
make -j20 all 
arm-none-eabi-gcc -mcpu=cortex-m4 -g3 -DDEBUG -c -x assembler-with-cpp -MMD -MP -MF"Core/Src/asm_func.d" -MT"Core/Src/asm_func.o" --specs=nano.specs -mfpu=fpv4-sp-d16 -mfloat-abi=hard -mthumb -o "Core/Src/asm_func.o" "../Core/Src/asm_func.S"
arm-none-eabi-gcc -o "adm_c16.elf" @"objects.list"   -mcpu=cortex-m4 -T"/media/francesco/Data/Francesco/AdM_workspace/adm_c16/STM32F429ZITX_FLASH.ld" --specs=nosys.specs -Wl,-Map="adm_c16.map" -Wl,--gc-sections -static --specs=nano.specs -mfpu=fpv4-sp-d16 -mfloat-abi=hard -mthumb -Wl,--start-group -lc -lm -Wl,--end-group
Finished building target: adm_c16.elf
 
arm-none-eabi-size   adm_c16.elf 
arm-none-eabi-objdump -h -S  adm_c16.elf  > "adm_c16.list"
arm-none-eabi-objcopy  -O binary  adm_c16.elf  "adm_c16.bin"
   text	   data	    bss	    dec	    hex	filename
  24504	    120	   3512	  28136	   6de8	adm_c16.elf
Finished building: default.size.stdout
 
Finished building: adm_c16.bin
 
Finished building: adm_c16.list
 
23:04:40 **** Incremental Build of configuration Debug for project adm_c16 ****
make -j20 all 
arm-none-eabi-gcc -mcpu=cortex-m4 -g3 -DDEBUG -c -x assembler-with-cpp -MMD -MP -MF"Core/Src/asm_func.d" -MT"Core/Src/asm_func.o" --specs=nano.specs -mfpu=fpv4-sp-d16 -mfloat-abi=hard -mthumb -o "Core/Src/asm_func.o" "../Core/Src/asm_func.S"
arm-none-eabi-gcc -o "adm_c16.elf" @"objects.list"   -mcpu=cortex-m4 -T"/media/francesco/Data/Francesco/AdM_workspace/adm_c16/STM32F429ZITX_FLASH.ld" --specs=nosys.specs -Wl,-Map="adm_c16.map" -Wl,--gc-sections -static --specs=nano.specs -mfpu=fpv4-sp-d16 -mfloat-abi=hard -mthumb -Wl,--start-group -lc -lm -Wl,--end-group
Finished building target: adm_c16.elf
 
arm-none-eabi-size   adm_c16.elf 
arm-none-eabi-objdump -h -S  adm_c16.elf  > "adm_c16.list"
arm-none-eabi-objcopy  -O binary  adm_c16.elf  "adm_c16.bin"
   text	   data	    bss	    dec	    hex	filename
  24504	    120	   3512	  28136	   6de8	adm_c16.elf
Finished building: default.size.stdout
 
Finished building: adm_c16.bin
 
Finished building: adm_c16.list
 
23:05:11 **** Incremental Build of configuration Debug for project adm_c16 ****
make -j20 all 
arm-none-eabi-size   adm_c16.elf 
   text	   data	    bss	    dec	    hex	filename
  24504	    120	   3512	  28136	   6de8	adm_c16.elf
Finished building: default.size.stdout
 
23:10:54 **** Incremental Build of configuration Debug for project adm_c16 ****
make -j20 all 
arm-none-eabi-size   adm_c16.elf 
   text	   data	    bss	    dec	    hex	filename
  24504	    120	   3512	  28136	   6de8	adm_c16.elf
Finished building: default.size.stdout
 
23:23:38 **** Incremental Build of configuration Debug for project adm_c16 ****
make -j20 all 
arm-none-eabi-gcc -mcpu=cortex-m4 -g3 -DDEBUG -c -x assembler-with-cpp -MMD -MP -MF"Core/Src/asm_func.d" -MT"Core/Src/asm_func.o" --specs=nano.specs -mfpu=fpv4-sp-d16 -mfloat-abi=hard -mthumb -o "Core/Src/asm_func.o" "../Core/Src/asm_func.S"
arm-none-eabi-gcc -o "adm_c16.elf" @"objects.list"   -mcpu=cortex-m4 -T"/media/francesco/Data/Francesco/AdM_workspace/adm_c16/STM32F429ZITX_FLASH.ld" --specs=nosys.specs -Wl,-Map="adm_c16.map" -Wl,--gc-sections -static --specs=nano.specs -mfpu=fpv4-sp-d16 -mfloat-abi=hard -mthumb -Wl,--start-group -lc -lm -Wl,--end-group
Finished building target: adm_c16.elf
 
arm-none-eabi-size   adm_c16.elf 
arm-none-eabi-objdump -h -S  adm_c16.elf  > "adm_c16.list"
arm-none-eabi-objcopy  -O binary  adm_c16.elf  "adm_c16.bin"
   text	   data	    bss	    dec	    hex	filename
  24472	    120	   3512	  28104	   6dc8	adm_c16.elf
Finished building: default.size.stdout
 
Finished building: adm_c16.bin
 
Finished building: adm_c16.list
 
23:24:08 **** Incremental Build of configuration Debug for project adm_c16 ****
make -j20 all 
arm-none-eabi-gcc -mcpu=cortex-m4 -g3 -DDEBUG -c -x assembler-with-cpp -MMD -MP -MF"Core/Src/asm_func.d" -MT"Core/Src/asm_func.o" --specs=nano.specs -mfpu=fpv4-sp-d16 -mfloat-abi=hard -mthumb -o "Core/Src/asm_func.o" "../Core/Src/asm_func.S"
arm-none-eabi-gcc -o "adm_c16.elf" @"objects.list"   -mcpu=cortex-m4 -T"/media/francesco/Data/Francesco/AdM_workspace/adm_c16/STM32F429ZITX_FLASH.ld" --specs=nosys.specs -Wl,-Map="adm_c16.map" -Wl,--gc-sections -static --specs=nano.specs -mfpu=fpv4-sp-d16 -mfloat-abi=hard -mthumb -Wl,--start-group -lc -lm -Wl,--end-group
Finished building target: adm_c16.elf
 
arm-none-eabi-size   adm_c16.elf 
arm-none-eabi-objdump -h -S  adm_c16.elf  > "adm_c16.list"
arm-none-eabi-objcopy  -O binary  adm_c16.elf  "adm_c16.bin"
   text	   data	    bss	    dec	    hex	filename
  24472	    120	   3512	  28104	   6dc8	adm_c16.elf
Finished building: default.size.stdout
 
Finished building: adm_c16.bin
 
Finished building: adm_c16.list
 
23:24:46 **** Incremental Build of configuration Debug for project adm_c16 ****
make -j20 all 
arm-none-eabi-size   adm_c16.elf 
   text	   data	    bss	    dec	    hex	filename
  24472	    120	   3512	  28104	   6dc8	adm_c16.elf
Finished building: default.size.stdout
 
23:29:01 **** Incremental Build of configuration Debug for project adm_c16 ****
make -j20 all 
arm-none-eabi-gcc -mcpu=cortex-m4 -g3 -DDEBUG -c -x assembler-with-cpp -MMD -MP -MF"Core/Src/asm_func.d" -MT"Core/Src/asm_func.o" --specs=nano.specs -mfpu=fpv4-sp-d16 -mfloat-abi=hard -mthumb -o "Core/Src/asm_func.o" "../Core/Src/asm_func.S"
arm-none-eabi-gcc -o "adm_c16.elf" @"objects.list"   -mcpu=cortex-m4 -T"/media/francesco/Data/Francesco/AdM_workspace/adm_c16/STM32F429ZITX_FLASH.ld" --specs=nosys.specs -Wl,-Map="adm_c16.map" -Wl,--gc-sections -static --specs=nano.specs -mfpu=fpv4-sp-d16 -mfloat-abi=hard -mthumb -Wl,--start-group -lc -lm -Wl,--end-group
Finished building target: adm_c16.elf
 
arm-none-eabi-size   adm_c16.elf 
arm-none-eabi-objdump -h -S  adm_c16.elf  > "adm_c16.list"
arm-none-eabi-objcopy  -O binary  adm_c16.elf  "adm_c16.bin"
   text	   data	    bss	    dec	    hex	filename
  24472	    120	   3512	  28104	   6dc8	adm_c16.elf
Finished building: default.size.stdout
 
Finished building: adm_c16.bin
 
Finished building: adm_c16.list
 
23:29:13 **** Incremental Build of configuration Debug for project adm_c16 ****
make -j20 all 
arm-none-eabi-size   adm_c16.elf 
   text	   data	    bss	    dec	    hex	filename
  24472	    120	   3512	  28104	   6dc8	adm_c16.elf
Finished building: default.size.stdout
 
23:32:23 **** Incremental Build of configuration Debug for project adm_c16 ****
make -j20 all 
arm-none-eabi-gcc -mcpu=cortex-m4 -g3 -DDEBUG -c -x assembler-with-cpp -MMD -MP -MF"Core/Src/asm_func.d" -MT"Core/Src/asm_func.o" --specs=nano.specs -mfpu=fpv4-sp-d16 -mfloat-abi=hard -mthumb -o "Core/Src/asm_func.o" "../Core/Src/asm_func.S"
arm-none-eabi-gcc -o "adm_c16.elf" @"objects.list"   -mcpu=cortex-m4 -T"/media/francesco/Data/Francesco/AdM_workspace/adm_c16/STM32F429ZITX_FLASH.ld" --specs=nosys.specs -Wl,-Map="adm_c16.map" -Wl,--gc-sections -static --specs=nano.specs -mfpu=fpv4-sp-d16 -mfloat-abi=hard -mthumb -Wl,--start-group -lc -lm -Wl,--end-group
Finished building target: adm_c16.elf
 
arm-none-eabi-size   adm_c16.elf 
arm-none-eabi-objdump -h -S  adm_c16.elf  > "adm_c16.list"
arm-none-eabi-objcopy  -O binary  adm_c16.elf  "adm_c16.bin"
   text	   data	    bss	    dec	    hex	filename
  24472	    120	   3512	  28104	   6dc8	adm_c16.elf
Finished building: default.size.stdout
 
Finished building: adm_c16.bin
 
Finished building: adm_c16.list
 
23:32:52 **** Incremental Build of configuration Debug for project adm_c16 ****
make -j20 all 
arm-none-eabi-size   adm_c16.elf 
   text	   data	    bss	    dec	    hex	filename
  24472	    120	   3512	  28104	   6dc8	adm_c16.elf
Finished building: default.size.stdout
 
23:33:28 **** Incremental Build of configuration Debug for project adm_c16 ****
make -j20 all 
arm-none-eabi-size   adm_c16.elf 
   text	   data	    bss	    dec	    hex	filename
  24472	    120	   3512	  28104	   6dc8	adm_c16.elf
Finished building: default.size.stdout
 
23:37:31 **** Incremental Build of configuration Debug for project adm_c16 ****
make -j20 all 
arm-none-eabi-gcc "../Core/Src/asm_func_tester.c" -mcpu=cortex-m4 -std=gnu11 -g3 -DDEBUG -DUSE_HAL_DRIVER -DSTM32F429xx -c -I../Core/Inc -I/home/iot/STM32Cube/Repository/STM32Cube_FW_F4_V1.27.0/Drivers/STM32F4xx_HAL_Driver/Inc -I/home/iot/STM32Cube/Repository/STM32Cube_FW_F4_V1.27.0/Drivers/STM32F4xx_HAL_Driver/Inc/Legacy -I/home/iot/STM32Cube/Repository/STM32Cube_FW_F4_V1.27.0/Drivers/CMSIS/Device/ST/STM32F4xx/Include -I/home/iot/STM32Cube/Repository/STM32Cube_FW_F4_V1.27.0/Drivers/CMSIS/Include -I/home/francesco/STM32Cube/Repository/STM32Cube_FW_F4_V1.27.1/Drivers/STM32F4xx_HAL_Driver/Inc -I/home/francesco/STM32Cube/Repository/STM32Cube_FW_F4_V1.27.1/Drivers/STM32F4xx_HAL_Driver/Inc/Legacy -I/home/francesco/STM32Cube/Repository/STM32Cube_FW_F4_V1.27.1/Drivers/CMSIS/Device/ST/STM32F4xx/Include -I/home/francesco/STM32Cube/Repository/STM32Cube_FW_F4_V1.27.1/Drivers/CMSIS/Include -O0 -ffunction-sections -fdata-sections -Wall -fstack-usage -MMD -MP -MF"Core/Src/asm_func_tester.d" -MT"Core/Src/asm_func_tester.o" --specs=nano.specs -mfpu=fpv4-sp-d16 -mfloat-abi=hard -mthumb -o "Core/Src/asm_func_tester.o"
../Core/Src/asm_func_tester.c: In function 'asm_sum_tester':
../Core/Src/asm_func_tester.c:15:11: warning: variable 'resultado' set but not used [-Wunused-but-set-variable]
   15 |  uint32_t resultado;
      |           ^~~~~~~~~
../Core/Src/asm_func_tester.c: In function 'asm_max_tester':
../Core/Src/asm_func_tester.c:94:10: warning: unused variable 'max' [-Wunused-variable]
   94 |  int32_t max = asm_max(myVecIn, myVecInSize);
      |          ^~~
../Core/Src/asm_func_tester.c: In function 'asm_ecoV1_tester':
../Core/Src/asm_func_tester.c:141:26: warning: unused variable 'Ciclos' [-Wunused-variable]
  141 |  const volatile uint32_t Ciclos = DWT->CYCCNT; // Reporta 73.530 ciclos en modo Debug
      |                          ^~~~~~
../Core/Src/asm_func_tester.c: In function 'asm_ecoV2_tester':
../Core/Src/asm_func_tester.c:166:26: warning: unused variable 'Ciclos' [-Wunused-variable]
  166 |  const volatile uint32_t Ciclos = DWT->CYCCNT; // Reporta 74.978 ciclos en modo Debug
      |                          ^~~~~~
../Core/Src/asm_func_tester.c: In function 'asm_ecoV3_tester':
../Core/Src/asm_func_tester.c:190:26: warning: unused variable 'Ciclos' [-Wunused-variable]
  190 |  const volatile uint32_t Ciclos = DWT->CYCCNT; // Reporta 37.497 ciclos en modo Debug
      |                          ^~~~~~
../Core/Src/asm_func_tester.c: In function 'asm_corrV1_tester':
../Core/Src/asm_func_tester.c:214:26: warning: unused variable 'Ciclos' [-Wunused-variable]
  214 |  const volatile uint32_t Ciclos = DWT->CYCCNT; // Reporta 15.637 ciclos en modo Debug
      |                          ^~~~~~
../Core/Src/asm_func_tester.c: In function 'asm_corrV2_tester':
../Core/Src/asm_func_tester.c:238:26: warning: unused variable 'Ciclos' [-Wunused-variable]
  238 |  const volatile uint32_t Ciclos = DWT->CYCCNT; // Reporta ABC ciclos en modo Debug
      |                          ^~~~~~
arm-none-eabi-gcc -o "adm_c16.elf" @"objects.list"   -mcpu=cortex-m4 -T"/media/francesco/Data/Francesco/AdM_workspace/adm_c16/STM32F429ZITX_FLASH.ld" --specs=nosys.specs -Wl,-Map="adm_c16.map" -Wl,--gc-sections -static --specs=nano.specs -mfpu=fpv4-sp-d16 -mfloat-abi=hard -mthumb -Wl,--start-group -lc -lm -Wl,--end-group
Finished building target: adm_c16.elf
 
arm-none-eabi-size   adm_c16.elf 
arm-none-eabi-objdump -h -S  adm_c16.elf  > "adm_c16.list"
arm-none-eabi-objcopy  -O binary  adm_c16.elf  "adm_c16.bin"
   text	   data	    bss	    dec	    hex	filename
  24632	    120	   3512	  28264	   6e68	adm_c16.elf
Finished building: default.size.stdout
 
Finished building: adm_c16.bin
 
Finished building: adm_c16.list
 
23:39:52 **** Incremental Build of configuration Debug for project adm_c16 ****
make -j20 all 
arm-none-eabi-size   adm_c16.elf 
   text	   data	    bss	    dec	    hex	filename
  24632	    120	   3512	  28264	   6e68	adm_c16.elf
Finished building: default.size.stdout
 
23:42:17 **** Incremental Build of configuration Debug for project adm_c16 ****
make -j20 all 
arm-none-eabi-gcc "../Core/Src/asm_func_tester.c" -mcpu=cortex-m4 -std=gnu11 -g3 -DDEBUG -DUSE_HAL_DRIVER -DSTM32F429xx -c -I../Core/Inc -I/home/iot/STM32Cube/Repository/STM32Cube_FW_F4_V1.27.0/Drivers/STM32F4xx_HAL_Driver/Inc -I/home/iot/STM32Cube/Repository/STM32Cube_FW_F4_V1.27.0/Drivers/STM32F4xx_HAL_Driver/Inc/Legacy -I/home/iot/STM32Cube/Repository/STM32Cube_FW_F4_V1.27.0/Drivers/CMSIS/Device/ST/STM32F4xx/Include -I/home/iot/STM32Cube/Repository/STM32Cube_FW_F4_V1.27.0/Drivers/CMSIS/Include -I/home/francesco/STM32Cube/Repository/STM32Cube_FW_F4_V1.27.1/Drivers/STM32F4xx_HAL_Driver/Inc -I/home/francesco/STM32Cube/Repository/STM32Cube_FW_F4_V1.27.1/Drivers/STM32F4xx_HAL_Driver/Inc/Legacy -I/home/francesco/STM32Cube/Repository/STM32Cube_FW_F4_V1.27.1/Drivers/CMSIS/Device/ST/STM32F4xx/Include -I/home/francesco/STM32Cube/Repository/STM32Cube_FW_F4_V1.27.1/Drivers/CMSIS/Include -O0 -ffunction-sections -fdata-sections -Wall -fstack-usage -MMD -MP -MF"Core/Src/asm_func_tester.d" -MT"Core/Src/asm_func_tester.o" --specs=nano.specs -mfpu=fpv4-sp-d16 -mfloat-abi=hard -mthumb -o "Core/Src/asm_func_tester.o"
../Core/Src/asm_func_tester.c: In function 'asm_sum_tester':
../Core/Src/asm_func_tester.c:15:11: warning: variable 'resultado' set but not used [-Wunused-but-set-variable]
   15 |  uint32_t resultado;
      |           ^~~~~~~~~
../Core/Src/asm_func_tester.c: In function 'asm_max_tester':
../Core/Src/asm_func_tester.c:94:10: warning: unused variable 'max' [-Wunused-variable]
   94 |  int32_t max = asm_max(myVecIn, myVecInSize);
      |          ^~~
../Core/Src/asm_func_tester.c: In function 'asm_ecoV1_tester':
../Core/Src/asm_func_tester.c:141:26: warning: unused variable 'Ciclos' [-Wunused-variable]
  141 |  const volatile uint32_t Ciclos = DWT->CYCCNT; // Reporta 73.530 ciclos en modo Debug
      |                          ^~~~~~
../Core/Src/asm_func_tester.c: In function 'asm_ecoV2_tester':
../Core/Src/asm_func_tester.c:166:26: warning: unused variable 'Ciclos' [-Wunused-variable]
  166 |  const volatile uint32_t Ciclos = DWT->CYCCNT; // Reporta 74.978 ciclos en modo Debug
      |                          ^~~~~~
../Core/Src/asm_func_tester.c: In function 'asm_ecoV3_tester':
../Core/Src/asm_func_tester.c:190:26: warning: unused variable 'Ciclos' [-Wunused-variable]
  190 |  const volatile uint32_t Ciclos = DWT->CYCCNT; // Reporta 37.497 ciclos en modo Debug
      |                          ^~~~~~
../Core/Src/asm_func_tester.c: In function 'asm_corrV1_tester':
../Core/Src/asm_func_tester.c:214:26: warning: unused variable 'Ciclos' [-Wunused-variable]
  214 |  const volatile uint32_t Ciclos = DWT->CYCCNT; // Reporta 15.637 ciclos en modo Debug
      |                          ^~~~~~
../Core/Src/asm_func_tester.c: In function 'asm_corrV2_tester':
../Core/Src/asm_func_tester.c:241:26: warning: unused variable 'Ciclos' [-Wunused-variable]
  241 |  const volatile uint32_t Ciclos = DWT->CYCCNT; // Reporta ABC ciclos en modo Debug
      |                          ^~~~~~
arm-none-eabi-gcc -o "adm_c16.elf" @"objects.list"   -mcpu=cortex-m4 -T"/media/francesco/Data/Francesco/AdM_workspace/adm_c16/STM32F429ZITX_FLASH.ld" --specs=nosys.specs -Wl,-Map="adm_c16.map" -Wl,--gc-sections -static --specs=nano.specs -mfpu=fpv4-sp-d16 -mfloat-abi=hard -mthumb -Wl,--start-group -lc -lm -Wl,--end-group
Finished building target: adm_c16.elf
 
arm-none-eabi-size   adm_c16.elf 
arm-none-eabi-objdump -h -S  adm_c16.elf  > "adm_c16.list"
arm-none-eabi-objcopy  -O binary  adm_c16.elf  "adm_c16.bin"
   text	   data	    bss	    dec	    hex	filename
  24460	    120	   3512	  28092	   6dbc	adm_c16.elf
Finished building: default.size.stdout
 
Finished building: adm_c16.bin
 
Finished building: adm_c16.list
 
23:42:55 **** Incremental Build of configuration Debug for project adm_c16 ****
make -j20 all 
arm-none-eabi-gcc "../Core/Src/asm_func_tester.c" -mcpu=cortex-m4 -std=gnu11 -g3 -DDEBUG -DUSE_HAL_DRIVER -DSTM32F429xx -c -I../Core/Inc -I/home/iot/STM32Cube/Repository/STM32Cube_FW_F4_V1.27.0/Drivers/STM32F4xx_HAL_Driver/Inc -I/home/iot/STM32Cube/Repository/STM32Cube_FW_F4_V1.27.0/Drivers/STM32F4xx_HAL_Driver/Inc/Legacy -I/home/iot/STM32Cube/Repository/STM32Cube_FW_F4_V1.27.0/Drivers/CMSIS/Device/ST/STM32F4xx/Include -I/home/iot/STM32Cube/Repository/STM32Cube_FW_F4_V1.27.0/Drivers/CMSIS/Include -I/home/francesco/STM32Cube/Repository/STM32Cube_FW_F4_V1.27.1/Drivers/STM32F4xx_HAL_Driver/Inc -I/home/francesco/STM32Cube/Repository/STM32Cube_FW_F4_V1.27.1/Drivers/STM32F4xx_HAL_Driver/Inc/Legacy -I/home/francesco/STM32Cube/Repository/STM32Cube_FW_F4_V1.27.1/Drivers/CMSIS/Device/ST/STM32F4xx/Include -I/home/francesco/STM32Cube/Repository/STM32Cube_FW_F4_V1.27.1/Drivers/CMSIS/Include -O0 -ffunction-sections -fdata-sections -Wall -fstack-usage -MMD -MP -MF"Core/Src/asm_func_tester.d" -MT"Core/Src/asm_func_tester.o" --specs=nano.specs -mfpu=fpv4-sp-d16 -mfloat-abi=hard -mthumb -o "Core/Src/asm_func_tester.o"
../Core/Src/asm_func_tester.c: In function 'asm_sum_tester':
../Core/Src/asm_func_tester.c:15:11: warning: variable 'resultado' set but not used [-Wunused-but-set-variable]
   15 |  uint32_t resultado;
      |           ^~~~~~~~~
../Core/Src/asm_func_tester.c: In function 'asm_max_tester':
../Core/Src/asm_func_tester.c:94:10: warning: unused variable 'max' [-Wunused-variable]
   94 |  int32_t max = asm_max(myVecIn, myVecInSize);
      |          ^~~
../Core/Src/asm_func_tester.c: In function 'asm_ecoV1_tester':
../Core/Src/asm_func_tester.c:141:26: warning: unused variable 'Ciclos' [-Wunused-variable]
  141 |  const volatile uint32_t Ciclos = DWT->CYCCNT; // Reporta 73.530 ciclos en modo Debug
      |                          ^~~~~~
../Core/Src/asm_func_tester.c: In function 'asm_ecoV2_tester':
../Core/Src/asm_func_tester.c:166:26: warning: unused variable 'Ciclos' [-Wunused-variable]
  166 |  const volatile uint32_t Ciclos = DWT->CYCCNT; // Reporta 74.978 ciclos en modo Debug
      |                          ^~~~~~
../Core/Src/asm_func_tester.c: In function 'asm_ecoV3_tester':
../Core/Src/asm_func_tester.c:190:26: warning: unused variable 'Ciclos' [-Wunused-variable]
  190 |  const volatile uint32_t Ciclos = DWT->CYCCNT; // Reporta 37.497 ciclos en modo Debug
      |                          ^~~~~~
../Core/Src/asm_func_tester.c: In function 'asm_corrV1_tester':
../Core/Src/asm_func_tester.c:214:26: warning: unused variable 'Ciclos' [-Wunused-variable]
  214 |  const volatile uint32_t Ciclos = DWT->CYCCNT; // Reporta 15.637 ciclos en modo Debug
      |                          ^~~~~~
../Core/Src/asm_func_tester.c: In function 'asm_corrV2_tester':
../Core/Src/asm_func_tester.c:241:26: warning: unused variable 'Ciclos' [-Wunused-variable]
  241 |  const volatile uint32_t Ciclos = DWT->CYCCNT; // Reporta ABC ciclos en modo Debug
      |                          ^~~~~~
arm-none-eabi-gcc -o "adm_c16.elf" @"objects.list"   -mcpu=cortex-m4 -T"/media/francesco/Data/Francesco/AdM_workspace/adm_c16/STM32F429ZITX_FLASH.ld" --specs=nosys.specs -Wl,-Map="adm_c16.map" -Wl,--gc-sections -static --specs=nano.specs -mfpu=fpv4-sp-d16 -mfloat-abi=hard -mthumb -Wl,--start-group -lc -lm -Wl,--end-group
Finished building target: adm_c16.elf
 
arm-none-eabi-size   adm_c16.elf 
arm-none-eabi-objdump -h -S  adm_c16.elf  > "adm_c16.list"
arm-none-eabi-objcopy  -O binary  adm_c16.elf  "adm_c16.bin"
   text	   data	    bss	    dec	    hex	filename
  24496	    120	   3512	  28128	   6de0	adm_c16.elf
Finished building: default.size.stdout
 
Finished building: adm_c16.bin
 
Finished building: adm_c16.list
 
23:43:45 **** Incremental Build of configuration Debug for project adm_c16 ****
make -j20 all 
arm-none-eabi-size   adm_c16.elf 
   text	   data	    bss	    dec	    hex	filename
  24496	    120	   3512	  28128	   6de0	adm_c16.elf
Finished building: default.size.stdout
 
23:45:29 **** Incremental Build of configuration Debug for project adm_c16 ****
make -j20 all 
arm-none-eabi-gcc -mcpu=cortex-m4 -g3 -DDEBUG -c -x assembler-with-cpp -MMD -MP -MF"Core/Src/asm_func.d" -MT"Core/Src/asm_func.o" --specs=nano.specs -mfpu=fpv4-sp-d16 -mfloat-abi=hard -mthumb -o "Core/Src/asm_func.o" "../Core/Src/asm_func.S"
arm-none-eabi-gcc -o "adm_c16.elf" @"objects.list"   -mcpu=cortex-m4 -T"/media/francesco/Data/Francesco/AdM_workspace/adm_c16/STM32F429ZITX_FLASH.ld" --specs=nosys.specs -Wl,-Map="adm_c16.map" -Wl,--gc-sections -static --specs=nano.specs -mfpu=fpv4-sp-d16 -mfloat-abi=hard -mthumb -Wl,--start-group -lc -lm -Wl,--end-group
Finished building target: adm_c16.elf
 
arm-none-eabi-size   adm_c16.elf 
arm-none-eabi-objdump -h -S  adm_c16.elf  > "adm_c16.list"
arm-none-eabi-objcopy  -O binary  adm_c16.elf  "adm_c16.bin"
   text	   data	    bss	    dec	    hex	filename
  24496	    120	   3512	  28128	   6de0	adm_c16.elf
Finished building: default.size.stdout
 
Finished building: adm_c16.bin
 
Finished building: adm_c16.list
 
23:46:24 **** Incremental Build of configuration Debug for project adm_c16 ****
make -j20 all 
arm-none-eabi-gcc -mcpu=cortex-m4 -g3 -DDEBUG -c -x assembler-with-cpp -MMD -MP -MF"Core/Src/asm_func.d" -MT"Core/Src/asm_func.o" --specs=nano.specs -mfpu=fpv4-sp-d16 -mfloat-abi=hard -mthumb -o "Core/Src/asm_func.o" "../Core/Src/asm_func.S"
arm-none-eabi-gcc -o "adm_c16.elf" @"objects.list"   -mcpu=cortex-m4 -T"/media/francesco/Data/Francesco/AdM_workspace/adm_c16/STM32F429ZITX_FLASH.ld" --specs=nosys.specs -Wl,-Map="adm_c16.map" -Wl,--gc-sections -static --specs=nano.specs -mfpu=fpv4-sp-d16 -mfloat-abi=hard -mthumb -Wl,--start-group -lc -lm -Wl,--end-group
Finished building target: adm_c16.elf
 
arm-none-eabi-size   adm_c16.elf 
arm-none-eabi-objdump -h -S  adm_c16.elf  > "adm_c16.list"
arm-none-eabi-objcopy  -O binary  adm_c16.elf  "adm_c16.bin"
   text	   data	    bss	    dec	    hex	filename
  24496	    120	   3512	  28128	   6de0	adm_c16.elf
Finished building: default.size.stdout
 
Finished building: adm_c16.bin
 
Finished building: adm_c16.list
 
23:47:26 **** Incremental Build of configuration Debug for project adm_c16 ****
make -j20 all 
arm-none-eabi-gcc -mcpu=cortex-m4 -g3 -DDEBUG -c -x assembler-with-cpp -MMD -MP -MF"Core/Src/asm_func.d" -MT"Core/Src/asm_func.o" --specs=nano.specs -mfpu=fpv4-sp-d16 -mfloat-abi=hard -mthumb -o "Core/Src/asm_func.o" "../Core/Src/asm_func.S"
arm-none-eabi-gcc -o "adm_c16.elf" @"objects.list"   -mcpu=cortex-m4 -T"/media/francesco/Data/Francesco/AdM_workspace/adm_c16/STM32F429ZITX_FLASH.ld" --specs=nosys.specs -Wl,-Map="adm_c16.map" -Wl,--gc-sections -static --specs=nano.specs -mfpu=fpv4-sp-d16 -mfloat-abi=hard -mthumb -Wl,--start-group -lc -lm -Wl,--end-group
Finished building target: adm_c16.elf
 
arm-none-eabi-size   adm_c16.elf 
arm-none-eabi-objdump -h -S  adm_c16.elf  > "adm_c16.list"
arm-none-eabi-objcopy  -O binary  adm_c16.elf  "adm_c16.bin"
   text	   data	    bss	    dec	    hex	filename
  24496	    120	   3512	  28128	   6de0	adm_c16.elf
Finished building: default.size.stdout
 
Finished building: adm_c16.bin
 
Finished building: adm_c16.list
 
23:47:58 **** Incremental Build of configuration Debug for project adm_c16 ****
make -j20 all 
arm-none-eabi-gcc "../Core/Src/asm_func_tester.c" -mcpu=cortex-m4 -std=gnu11 -g3 -DDEBUG -DUSE_HAL_DRIVER -DSTM32F429xx -c -I../Core/Inc -I/home/iot/STM32Cube/Repository/STM32Cube_FW_F4_V1.27.0/Drivers/STM32F4xx_HAL_Driver/Inc -I/home/iot/STM32Cube/Repository/STM32Cube_FW_F4_V1.27.0/Drivers/STM32F4xx_HAL_Driver/Inc/Legacy -I/home/iot/STM32Cube/Repository/STM32Cube_FW_F4_V1.27.0/Drivers/CMSIS/Device/ST/STM32F4xx/Include -I/home/iot/STM32Cube/Repository/STM32Cube_FW_F4_V1.27.0/Drivers/CMSIS/Include -I/home/francesco/STM32Cube/Repository/STM32Cube_FW_F4_V1.27.1/Drivers/STM32F4xx_HAL_Driver/Inc -I/home/francesco/STM32Cube/Repository/STM32Cube_FW_F4_V1.27.1/Drivers/STM32F4xx_HAL_Driver/Inc/Legacy -I/home/francesco/STM32Cube/Repository/STM32Cube_FW_F4_V1.27.1/Drivers/CMSIS/Device/ST/STM32F4xx/Include -I/home/francesco/STM32Cube/Repository/STM32Cube_FW_F4_V1.27.1/Drivers/CMSIS/Include -O0 -ffunction-sections -fdata-sections -Wall -fstack-usage -MMD -MP -MF"Core/Src/asm_func_tester.d" -MT"Core/Src/asm_func_tester.o" --specs=nano.specs -mfpu=fpv4-sp-d16 -mfloat-abi=hard -mthumb -o "Core/Src/asm_func_tester.o"
../Core/Src/asm_func_tester.c: In function 'asm_sum_tester':
../Core/Src/asm_func_tester.c:15:11: warning: variable 'resultado' set but not used [-Wunused-but-set-variable]
   15 |  uint32_t resultado;
      |           ^~~~~~~~~
../Core/Src/asm_func_tester.c: In function 'asm_max_tester':
../Core/Src/asm_func_tester.c:94:10: warning: unused variable 'max' [-Wunused-variable]
   94 |  int32_t max = asm_max(myVecIn, myVecInSize);
      |          ^~~
../Core/Src/asm_func_tester.c: In function 'asm_ecoV1_tester':
../Core/Src/asm_func_tester.c:141:26: warning: unused variable 'Ciclos' [-Wunused-variable]
  141 |  const volatile uint32_t Ciclos = DWT->CYCCNT; // Reporta 73.530 ciclos en modo Debug
      |                          ^~~~~~
../Core/Src/asm_func_tester.c: In function 'asm_ecoV2_tester':
../Core/Src/asm_func_tester.c:166:26: warning: unused variable 'Ciclos' [-Wunused-variable]
  166 |  const volatile uint32_t Ciclos = DWT->CYCCNT; // Reporta 74.978 ciclos en modo Debug
      |                          ^~~~~~
../Core/Src/asm_func_tester.c: In function 'asm_ecoV3_tester':
../Core/Src/asm_func_tester.c:190:26: warning: unused variable 'Ciclos' [-Wunused-variable]
  190 |  const volatile uint32_t Ciclos = DWT->CYCCNT; // Reporta 37.497 ciclos en modo Debug
      |                          ^~~~~~
../Core/Src/asm_func_tester.c: In function 'asm_corrV1_tester':
../Core/Src/asm_func_tester.c:214:26: warning: unused variable 'Ciclos' [-Wunused-variable]
  214 |  const volatile uint32_t Ciclos = DWT->CYCCNT; // Reporta 15.637 ciclos en modo Debug
      |                          ^~~~~~
../Core/Src/asm_func_tester.c: In function 'asm_corrV2_tester':
../Core/Src/asm_func_tester.c:241:26: warning: unused variable 'Ciclos' [-Wunused-variable]
  241 |  const volatile uint32_t Ciclos = DWT->CYCCNT; // Reporta ABC ciclos en modo Debug
      |                          ^~~~~~
arm-none-eabi-gcc -o "adm_c16.elf" @"objects.list"   -mcpu=cortex-m4 -T"/media/francesco/Data/Francesco/AdM_workspace/adm_c16/STM32F429ZITX_FLASH.ld" --specs=nosys.specs -Wl,-Map="adm_c16.map" -Wl,--gc-sections -static --specs=nano.specs -mfpu=fpv4-sp-d16 -mfloat-abi=hard -mthumb -Wl,--start-group -lc -lm -Wl,--end-group
Finished building target: adm_c16.elf
 
arm-none-eabi-size   adm_c16.elf 
arm-none-eabi-objdump -h -S  adm_c16.elf  > "adm_c16.list"
arm-none-eabi-objcopy  -O binary  adm_c16.elf  "adm_c16.bin"
   text	   data	    bss	    dec	    hex	filename
  24492	    120	   3512	  28124	   6ddc	adm_c16.elf
Finished building: default.size.stdout
 
Finished building: adm_c16.bin
 
Finished building: adm_c16.list
 
23:48:26 **** Incremental Build of configuration Debug for project adm_c16 ****
make -j20 all 
arm-none-eabi-size   adm_c16.elf 
   text	   data	    bss	    dec	    hex	filename
  24492	    120	   3512	  28124	   6ddc	adm_c16.elf
Finished building: default.size.stdout
 
23:52:48 **** Incremental Build of configuration Debug for project adm_c16 ****
make -j20 all 
arm-none-eabi-gcc "../Core/Src/asm_func_tester.c" -mcpu=cortex-m4 -std=gnu11 -g3 -DDEBUG -DUSE_HAL_DRIVER -DSTM32F429xx -c -I../Core/Inc -I/home/iot/STM32Cube/Repository/STM32Cube_FW_F4_V1.27.0/Drivers/STM32F4xx_HAL_Driver/Inc -I/home/iot/STM32Cube/Repository/STM32Cube_FW_F4_V1.27.0/Drivers/STM32F4xx_HAL_Driver/Inc/Legacy -I/home/iot/STM32Cube/Repository/STM32Cube_FW_F4_V1.27.0/Drivers/CMSIS/Device/ST/STM32F4xx/Include -I/home/iot/STM32Cube/Repository/STM32Cube_FW_F4_V1.27.0/Drivers/CMSIS/Include -I/home/francesco/STM32Cube/Repository/STM32Cube_FW_F4_V1.27.1/Drivers/STM32F4xx_HAL_Driver/Inc -I/home/francesco/STM32Cube/Repository/STM32Cube_FW_F4_V1.27.1/Drivers/STM32F4xx_HAL_Driver/Inc/Legacy -I/home/francesco/STM32Cube/Repository/STM32Cube_FW_F4_V1.27.1/Drivers/CMSIS/Device/ST/STM32F4xx/Include -I/home/francesco/STM32Cube/Repository/STM32Cube_FW_F4_V1.27.1/Drivers/CMSIS/Include -O0 -ffunction-sections -fdata-sections -Wall -fstack-usage -MMD -MP -MF"Core/Src/asm_func_tester.d" -MT"Core/Src/asm_func_tester.o" --specs=nano.specs -mfpu=fpv4-sp-d16 -mfloat-abi=hard -mthumb -o "Core/Src/asm_func_tester.o"
../Core/Src/asm_func_tester.c: In function 'asm_sum_tester':
../Core/Src/asm_func_tester.c:15:11: warning: variable 'resultado' set but not used [-Wunused-but-set-variable]
   15 |  uint32_t resultado;
      |           ^~~~~~~~~
../Core/Src/asm_func_tester.c: In function 'asm_max_tester':
../Core/Src/asm_func_tester.c:94:10: warning: unused variable 'max' [-Wunused-variable]
   94 |  int32_t max = asm_max(myVecIn, myVecInSize);
      |          ^~~
../Core/Src/asm_func_tester.c: In function 'asm_ecoV1_tester':
../Core/Src/asm_func_tester.c:141:26: warning: unused variable 'Ciclos' [-Wunused-variable]
  141 |  const volatile uint32_t Ciclos = DWT->CYCCNT; // Reporta 73.530 ciclos en modo Debug
      |                          ^~~~~~
../Core/Src/asm_func_tester.c: In function 'asm_ecoV2_tester':
../Core/Src/asm_func_tester.c:166:26: warning: unused variable 'Ciclos' [-Wunused-variable]
  166 |  const volatile uint32_t Ciclos = DWT->CYCCNT; // Reporta 74.978 ciclos en modo Debug
      |                          ^~~~~~
../Core/Src/asm_func_tester.c: In function 'asm_ecoV3_tester':
../Core/Src/asm_func_tester.c:190:26: warning: unused variable 'Ciclos' [-Wunused-variable]
  190 |  const volatile uint32_t Ciclos = DWT->CYCCNT; // Reporta 37.497 ciclos en modo Debug
      |                          ^~~~~~
../Core/Src/asm_func_tester.c: In function 'asm_corrV1_tester':
../Core/Src/asm_func_tester.c:214:26: warning: unused variable 'Ciclos' [-Wunused-variable]
  214 |  const volatile uint32_t Ciclos = DWT->CYCCNT; // Reporta 15.637 ciclos en modo Debug
      |                          ^~~~~~
../Core/Src/asm_func_tester.c: In function 'asm_corrV2_tester':
../Core/Src/asm_func_tester.c:241:26: warning: unused variable 'Ciclos' [-Wunused-variable]
  241 |  const volatile uint32_t Ciclos = DWT->CYCCNT; // Reporta ABC ciclos en modo Debug
      |                          ^~~~~~
arm-none-eabi-gcc -o "adm_c16.elf" @"objects.list"   -mcpu=cortex-m4 -T"/media/francesco/Data/Francesco/AdM_workspace/adm_c16/STM32F429ZITX_FLASH.ld" --specs=nosys.specs -Wl,-Map="adm_c16.map" -Wl,--gc-sections -static --specs=nano.specs -mfpu=fpv4-sp-d16 -mfloat-abi=hard -mthumb -Wl,--start-group -lc -lm -Wl,--end-group
Finished building target: adm_c16.elf
 
arm-none-eabi-size   adm_c16.elf 
arm-none-eabi-objdump -h -S  adm_c16.elf  > "adm_c16.list"
arm-none-eabi-objcopy  -O binary  adm_c16.elf  "adm_c16.bin"
   text	   data	    bss	    dec	    hex	filename
  24496	    120	   3512	  28128	   6de0	adm_c16.elf
Finished building: default.size.stdout
 
Finished building: adm_c16.bin
 
Finished building: adm_c16.list
 
23:54:01 **** Incremental Build of configuration Debug for project adm_c16 ****
make -j20 all 
arm-none-eabi-gcc "../Core/Src/asm_func_tester.c" -mcpu=cortex-m4 -std=gnu11 -g3 -DDEBUG -DUSE_HAL_DRIVER -DSTM32F429xx -c -I../Core/Inc -I/home/iot/STM32Cube/Repository/STM32Cube_FW_F4_V1.27.0/Drivers/STM32F4xx_HAL_Driver/Inc -I/home/iot/STM32Cube/Repository/STM32Cube_FW_F4_V1.27.0/Drivers/STM32F4xx_HAL_Driver/Inc/Legacy -I/home/iot/STM32Cube/Repository/STM32Cube_FW_F4_V1.27.0/Drivers/CMSIS/Device/ST/STM32F4xx/Include -I/home/iot/STM32Cube/Repository/STM32Cube_FW_F4_V1.27.0/Drivers/CMSIS/Include -I/home/francesco/STM32Cube/Repository/STM32Cube_FW_F4_V1.27.1/Drivers/STM32F4xx_HAL_Driver/Inc -I/home/francesco/STM32Cube/Repository/STM32Cube_FW_F4_V1.27.1/Drivers/STM32F4xx_HAL_Driver/Inc/Legacy -I/home/francesco/STM32Cube/Repository/STM32Cube_FW_F4_V1.27.1/Drivers/CMSIS/Device/ST/STM32F4xx/Include -I/home/francesco/STM32Cube/Repository/STM32Cube_FW_F4_V1.27.1/Drivers/CMSIS/Include -O0 -ffunction-sections -fdata-sections -Wall -fstack-usage -MMD -MP -MF"Core/Src/asm_func_tester.d" -MT"Core/Src/asm_func_tester.o" --specs=nano.specs -mfpu=fpv4-sp-d16 -mfloat-abi=hard -mthumb -o "Core/Src/asm_func_tester.o"
../Core/Src/asm_func_tester.c: In function 'asm_sum_tester':
../Core/Src/asm_func_tester.c:15:11: warning: variable 'resultado' set but not used [-Wunused-but-set-variable]
   15 |  uint32_t resultado;
      |           ^~~~~~~~~
../Core/Src/asm_func_tester.c: In function 'asm_max_tester':
../Core/Src/asm_func_tester.c:94:10: warning: unused variable 'max' [-Wunused-variable]
   94 |  int32_t max = asm_max(myVecIn, myVecInSize);
      |          ^~~
../Core/Src/asm_func_tester.c: In function 'asm_ecoV1_tester':
../Core/Src/asm_func_tester.c:141:26: warning: unused variable 'Ciclos' [-Wunused-variable]
  141 |  const volatile uint32_t Ciclos = DWT->CYCCNT; // Reporta 73.530 ciclos en modo Debug
      |                          ^~~~~~
../Core/Src/asm_func_tester.c: In function 'asm_ecoV2_tester':
../Core/Src/asm_func_tester.c:166:26: warning: unused variable 'Ciclos' [-Wunused-variable]
  166 |  const volatile uint32_t Ciclos = DWT->CYCCNT; // Reporta 74.978 ciclos en modo Debug
      |                          ^~~~~~
../Core/Src/asm_func_tester.c: In function 'asm_ecoV3_tester':
../Core/Src/asm_func_tester.c:190:26: warning: unused variable 'Ciclos' [-Wunused-variable]
  190 |  const volatile uint32_t Ciclos = DWT->CYCCNT; // Reporta 37.497 ciclos en modo Debug
      |                          ^~~~~~
../Core/Src/asm_func_tester.c: In function 'asm_corrV1_tester':
../Core/Src/asm_func_tester.c:214:26: warning: unused variable 'Ciclos' [-Wunused-variable]
  214 |  const volatile uint32_t Ciclos = DWT->CYCCNT; // Reporta 15.637 ciclos en modo Debug
      |                          ^~~~~~
../Core/Src/asm_func_tester.c: In function 'asm_corrV2_tester':
../Core/Src/asm_func_tester.c:240:26: warning: unused variable 'Ciclos' [-Wunused-variable]
  240 |  const volatile uint32_t Ciclos = DWT->CYCCNT; // Reporta ABC ciclos en modo Debug
      |                          ^~~~~~
arm-none-eabi-gcc -o "adm_c16.elf" @"objects.list"   -mcpu=cortex-m4 -T"/media/francesco/Data/Francesco/AdM_workspace/adm_c16/STM32F429ZITX_FLASH.ld" --specs=nosys.specs -Wl,-Map="adm_c16.map" -Wl,--gc-sections -static --specs=nano.specs -mfpu=fpv4-sp-d16 -mfloat-abi=hard -mthumb -Wl,--start-group -lc -lm -Wl,--end-group
Finished building target: adm_c16.elf
 
arm-none-eabi-size   adm_c16.elf 
arm-none-eabi-objdump -h -S  adm_c16.elf  > "adm_c16.list"
arm-none-eabi-objcopy  -O binary  adm_c16.elf  "adm_c16.bin"
   text	   data	    bss	    dec	    hex	filename
  24508	    120	   3512	  28140	   6dec	adm_c16.elf
Finished building: default.size.stdout
 
[...]
../Core/Src/asm_func_tester.c: In function 'asm_sum_tester':
../Core/Src/asm_func_tester.c:15:11: warning: variable 'resultado' set but not used [-Wunused-but-set-variable]
   15 |  uint32_t resultado;
      |           ^~~~~~~~~
../Core/Src/asm_func_tester.c: In function 'asm_max_tester':
../Core/Src/asm_func_tester.c:94:10: warning: unused variable 'max' [-Wunused-variable]
   94 |  int32_t max = asm_max(myVecIn, myVecInSize);
      |          ^~~
../Core/Src/asm_func_tester.c: In function 'asm_ecoV1_tester':
../Core/Src/asm_func_tester.c:141:26: warning: unused variable 'Ciclos' [-Wunused-variable]
  141 |  const volatile uint32_t Ciclos = DWT->CYCCNT; // Reporta 73.530 ciclos en modo Debug
      |                          ^~~~~~
../Core/Src/asm_func_tester.c: In function 'asm_ecoV2_tester':
../Core/Src/asm_func_tester.c:166:26: warning: unused variable 'Ciclos' [-Wunused-variable]
  166 |  const volatile uint32_t Ciclos = DWT->CYCCNT; // Reporta 74.978 ciclos en modo Debug
      |                          ^~~~~~
../Core/Src/asm_func_tester.c: In function 'asm_ecoV3_tester':
../Core/Src/asm_func_tester.c:190:26: warning: unused variable 'Ciclos' [-Wunused-variable]
  190 |  const volatile uint32_t Ciclos = DWT->CYCCNT; // Reporta 37.497 ciclos en modo Debug
      |                          ^~~~~~
../Core/Src/asm_func_tester.c: In function 'asm_corrV1_tester':
../Core/Src/asm_func_tester.c:214:26: warning: unused variable 'Ciclos' [-Wunused-variable]
  214 |  const volatile uint32_t Ciclos = DWT->CYCCNT; // Reporta 15.637 ciclos en modo Debug
      |                          ^~~~~~
../Core/Src/asm_func_tester.c: In function 'asm_corrV2_tester':
../Core/Src/asm_func_tester.c:245:26: warning: unused variable 'Ciclos' [-Wunused-variable]
  245 |  const volatile uint32_t Ciclos = DWT->CYCCNT; // Reporta ABC ciclos en modo Debug
      |                          ^~~~~~
arm-none-eabi-gcc -o "adm_c16.elf" @"objects.list"   -mcpu=cortex-m4 -T"/media/francesco/Data/Francesco/AdM_workspace/adm_c16/STM32F429ZITX_FLASH.ld" --specs=nosys.specs -Wl,-Map="adm_c16.map" -Wl,--gc-sections -static --specs=nano.specs -mfpu=fpv4-sp-d16 -mfloat-abi=hard -mthumb -Wl,--start-group -lc -lm -Wl,--end-group
Finished building target: adm_c16.elf
 
arm-none-eabi-size   adm_c16.elf 
arm-none-eabi-objdump -h -S  adm_c16.elf  > "adm_c16.list"
arm-none-eabi-objcopy  -O binary  adm_c16.elf  "adm_c16.bin"
   text	   data	    bss	    dec	    hex	filename
  24464	    120	   3512	  28096	   6dc0	adm_c16.elf
Finished building: default.size.stdout
 
Finished building: adm_c16.bin
 
Finished building: adm_c16.list
 
00:04:06 **** Incremental Build of configuration Debug for project adm_c16 ****
make -j20 all 
arm-none-eabi-size   adm_c16.elf 
   text	   data	    bss	    dec	    hex	filename
  24464	    120	   3512	  28096	   6dc0	adm_c16.elf
Finished building: default.size.stdout
 
00:04:55 **** Incremental Build of configuration Debug for project adm_c16 ****
make -j20 all 
arm-none-eabi-size   adm_c16.elf 
   text	   data	    bss	    dec	    hex	filename
  24464	    120	   3512	  28096	   6dc0	adm_c16.elf
Finished building: default.size.stdout
 
00:05:03 **** Incremental Build of configuration Debug for project adm_c16 ****
make -j20 all 
arm-none-eabi-size   adm_c16.elf 
   text	   data	    bss	    dec	    hex	filename
  24464	    120	   3512	  28096	   6dc0	adm_c16.elf
Finished building: default.size.stdout
 
00:05:38 **** Incremental Build of configuration Debug for project adm_c16 ****
make -j20 all 
arm-none-eabi-gcc "../Core/Src/asm_func_tester.c" -mcpu=cortex-m4 -std=gnu11 -g3 -DDEBUG -DUSE_HAL_DRIVER -DSTM32F429xx -c -I../Core/Inc -I/home/iot/STM32Cube/Repository/STM32Cube_FW_F4_V1.27.0/Drivers/STM32F4xx_HAL_Driver/Inc -I/home/iot/STM32Cube/Repository/STM32Cube_FW_F4_V1.27.0/Drivers/STM32F4xx_HAL_Driver/Inc/Legacy -I/home/iot/STM32Cube/Repository/STM32Cube_FW_F4_V1.27.0/Drivers/CMSIS/Device/ST/STM32F4xx/Include -I/home/iot/STM32Cube/Repository/STM32Cube_FW_F4_V1.27.0/Drivers/CMSIS/Include -I/home/francesco/STM32Cube/Repository/STM32Cube_FW_F4_V1.27.1/Drivers/STM32F4xx_HAL_Driver/Inc -I/home/francesco/STM32Cube/Repository/STM32Cube_FW_F4_V1.27.1/Drivers/STM32F4xx_HAL_Driver/Inc/Legacy -I/home/francesco/STM32Cube/Repository/STM32Cube_FW_F4_V1.27.1/Drivers/CMSIS/Device/ST/STM32F4xx/Include -I/home/francesco/STM32Cube/Repository/STM32Cube_FW_F4_V1.27.1/Drivers/CMSIS/Include -O0 -ffunction-sections -fdata-sections -Wall -fstack-usage -MMD -MP -MF"Core/Src/asm_func_tester.d" -MT"Core/Src/asm_func_tester.o" --specs=nano.specs -mfpu=fpv4-sp-d16 -mfloat-abi=hard -mthumb -o "Core/Src/asm_func_tester.o"
../Core/Src/asm_func_tester.c: In function 'asm_sum_tester':
../Core/Src/asm_func_tester.c:15:11: warning: variable 'resultado' set but not used [-Wunused-but-set-variable]
   15 |  uint32_t resultado;
      |           ^~~~~~~~~
../Core/Src/asm_func_tester.c: In function 'asm_max_tester':
../Core/Src/asm_func_tester.c:94:10: warning: unused variable 'max' [-Wunused-variable]
   94 |  int32_t max = asm_max(myVecIn, myVecInSize);
      |          ^~~
../Core/Src/asm_func_tester.c: In function 'asm_ecoV1_tester':
../Core/Src/asm_func_tester.c:141:26: warning: unused variable 'Ciclos' [-Wunused-variable]
  141 |  const volatile uint32_t Ciclos = DWT->CYCCNT; // Reporta 73.530 ciclos en modo Debug
      |                          ^~~~~~
../Core/Src/asm_func_tester.c: In function 'asm_ecoV2_tester':
../Core/Src/asm_func_tester.c:166:26: warning: unused variable 'Ciclos' [-Wunused-variable]
  166 |  const volatile uint32_t Ciclos = DWT->CYCCNT; // Reporta 74.978 ciclos en modo Debug
      |                          ^~~~~~
../Core/Src/asm_func_tester.c: In function 'asm_ecoV3_tester':
../Core/Src/asm_func_tester.c:190:26: warning: unused variable 'Ciclos' [-Wunused-variable]
  190 |  const volatile uint32_t Ciclos = DWT->CYCCNT; // Reporta 37.497 ciclos en modo Debug
      |                          ^~~~~~
../Core/Src/asm_func_tester.c: In function 'asm_corrV1_tester':
../Core/Src/asm_func_tester.c:214:26: warning: unused variable 'Ciclos' [-Wunused-variable]
  214 |  const volatile uint32_t Ciclos = DWT->CYCCNT; // Reporta 15.637 ciclos en modo Debug
      |                          ^~~~~~
../Core/Src/asm_func_tester.c: In function 'asm_corrV2_tester':
../Core/Src/asm_func_tester.c:245:26: warning: unused variable 'Ciclos' [-Wunused-variable]
  245 |  const volatile uint32_t Ciclos = DWT->CYCCNT; // Reporta ABC ciclos en modo Debug
      |                          ^~~~~~
arm-none-eabi-gcc -o "adm_c16.elf" @"objects.list"   -mcpu=cortex-m4 -T"/media/francesco/Data/Francesco/AdM_workspace/adm_c16/STM32F429ZITX_FLASH.ld" --specs=nosys.specs -Wl,-Map="adm_c16.map" -Wl,--gc-sections -static --specs=nano.specs -mfpu=fpv4-sp-d16 -mfloat-abi=hard -mthumb -Wl,--start-group -lc -lm -Wl,--end-group
Finished building target: adm_c16.elf
 
arm-none-eabi-size   adm_c16.elf 
arm-none-eabi-objdump -h -S  adm_c16.elf  > "adm_c16.list"
arm-none-eabi-objcopy  -O binary  adm_c16.elf  "adm_c16.bin"
   text	   data	    bss	    dec	    hex	filename
  24496	    120	   3512	  28128	   6de0	adm_c16.elf
Finished building: default.size.stdout
 
Finished building: adm_c16.bin
 
Finished building: adm_c16.list
 
00:06:09 **** Incremental Build of configuration Debug for project adm_c16 ****
make -j20 all 
arm-none-eabi-gcc "../Core/Src/asm_func_tester.c" -mcpu=cortex-m4 -std=gnu11 -g3 -DDEBUG -DUSE_HAL_DRIVER -DSTM32F429xx -c -I../Core/Inc -I/home/iot/STM32Cube/Repository/STM32Cube_FW_F4_V1.27.0/Drivers/STM32F4xx_HAL_Driver/Inc -I/home/iot/STM32Cube/Repository/STM32Cube_FW_F4_V1.27.0/Drivers/STM32F4xx_HAL_Driver/Inc/Legacy -I/home/iot/STM32Cube/Repository/STM32Cube_FW_F4_V1.27.0/Drivers/CMSIS/Device/ST/STM32F4xx/Include -I/home/iot/STM32Cube/Repository/STM32Cube_FW_F4_V1.27.0/Drivers/CMSIS/Include -I/home/francesco/STM32Cube/Repository/STM32Cube_FW_F4_V1.27.1/Drivers/STM32F4xx_HAL_Driver/Inc -I/home/francesco/STM32Cube/Repository/STM32Cube_FW_F4_V1.27.1/Drivers/STM32F4xx_HAL_Driver/Inc/Legacy -I/home/francesco/STM32Cube/Repository/STM32Cube_FW_F4_V1.27.1/Drivers/CMSIS/Device/ST/STM32F4xx/Include -I/home/francesco/STM32Cube/Repository/STM32Cube_FW_F4_V1.27.1/Drivers/CMSIS/Include -O0 -ffunction-sections -fdata-sections -Wall -fstack-usage -MMD -MP -MF"Core/Src/asm_func_tester.d" -MT"Core/Src/asm_func_tester.o" --specs=nano.specs -mfpu=fpv4-sp-d16 -mfloat-abi=hard -mthumb -o "Core/Src/asm_func_tester.o"
../Core/Src/asm_func_tester.c: In function 'asm_sum_tester':
../Core/Src/asm_func_tester.c:15:11: warning: variable 'resultado' set but not used [-Wunused-but-set-variable]
   15 |  uint32_t resultado;
      |           ^~~~~~~~~
../Core/Src/asm_func_tester.c: In function 'asm_max_tester':
../Core/Src/asm_func_tester.c:94:10: warning: unused variable 'max' [-Wunused-variable]
   94 |  int32_t max = asm_max(myVecIn, myVecInSize);
      |          ^~~
../Core/Src/asm_func_tester.c: In function 'asm_ecoV1_tester':
../Core/Src/asm_func_tester.c:141:26: warning: unused variable 'Ciclos' [-Wunused-variable]
  141 |  const volatile uint32_t Ciclos = DWT->CYCCNT; // Reporta 73.530 ciclos en modo Debug
      |                          ^~~~~~
../Core/Src/asm_func_tester.c: In function 'asm_ecoV2_tester':
../Core/Src/asm_func_tester.c:166:26: warning: unused variable 'Ciclos' [-Wunused-variable]
  166 |  const volatile uint32_t Ciclos = DWT->CYCCNT; // Reporta 74.978 ciclos en modo Debug
      |                          ^~~~~~
../Core/Src/asm_func_tester.c: In function 'asm_ecoV3_tester':
../Core/Src/asm_func_tester.c:190:26: warning: unused variable 'Ciclos' [-Wunused-variable]
  190 |  const volatile uint32_t Ciclos = DWT->CYCCNT; // Reporta 37.497 ciclos en modo Debug
      |                          ^~~~~~
../Core/Src/asm_func_tester.c: In function 'asm_corrV1_tester':
../Core/Src/asm_func_tester.c:214:26: warning: unused variable 'Ciclos' [-Wunused-variable]
  214 |  const volatile uint32_t Ciclos = DWT->CYCCNT; // Reporta 15.637 ciclos en modo Debug
      |                          ^~~~~~
../Core/Src/asm_func_tester.c: In function 'asm_corrV2_tester':
../Core/Src/asm_func_tester.c:242:26: warning: unused variable 'Ciclos' [-Wunused-variable]
  242 |  const volatile uint32_t Ciclos = DWT->CYCCNT; // Reporta ABC ciclos en modo Debug
      |                          ^~~~~~
arm-none-eabi-gcc -o "adm_c16.elf" @"objects.list"   -mcpu=cortex-m4 -T"/media/francesco/Data/Francesco/AdM_workspace/adm_c16/STM32F429ZITX_FLASH.ld" --specs=nosys.specs -Wl,-Map="adm_c16.map" -Wl,--gc-sections -static --specs=nano.specs -mfpu=fpv4-sp-d16 -mfloat-abi=hard -mthumb -Wl,--start-group -lc -lm -Wl,--end-group
Finished building target: adm_c16.elf
 
arm-none-eabi-size   adm_c16.elf 
arm-none-eabi-objdump -h -S  adm_c16.elf  > "adm_c16.list"
arm-none-eabi-objcopy  -O binary  adm_c16.elf  "adm_c16.bin"
   text	   data	    bss	    dec	    hex	filename
  24816	    120	   3512	  28448	   6f20	adm_c16.elf
Finished building: default.size.stdout
 
Finished building: adm_c16.bin
 
Finished building: adm_c16.list
 
00:06:26 **** Incremental Build of configuration Debug for project adm_c16 ****
make -j20 all 
arm-none-eabi-size   adm_c16.elf 
   text	   data	    bss	    dec	    hex	filename
  24816	    120	   3512	  28448	   6f20	adm_c16.elf
Finished building: default.size.stdout
 
00:06:41 **** Incremental Build of configuration Debug for project adm_c16 ****
make -j20 all 
arm-none-eabi-size   adm_c16.elf 
   text	   data	    bss	    dec	    hex	filename
  24816	    120	   3512	  28448	   6f20	adm_c16.elf
Finished building: default.size.stdout
 
00:07:35 **** Incremental Build of configuration Debug for project adm_c16 ****
make -j20 all 
arm-none-eabi-gcc "../Core/Src/asm_func_tester.c" -mcpu=cortex-m4 -std=gnu11 -g3 -DDEBUG -DUSE_HAL_DRIVER -DSTM32F429xx -c -I../Core/Inc -I/home/iot/STM32Cube/Repository/STM32Cube_FW_F4_V1.27.0/Drivers/STM32F4xx_HAL_Driver/Inc -I/home/iot/STM32Cube/Repository/STM32Cube_FW_F4_V1.27.0/Drivers/STM32F4xx_HAL_Driver/Inc/Legacy -I/home/iot/STM32Cube/Repository/STM32Cube_FW_F4_V1.27.0/Drivers/CMSIS/Device/ST/STM32F4xx/Include -I/home/iot/STM32Cube/Repository/STM32Cube_FW_F4_V1.27.0/Drivers/CMSIS/Include -I/home/francesco/STM32Cube/Repository/STM32Cube_FW_F4_V1.27.1/Drivers/STM32F4xx_HAL_Driver/Inc -I/home/francesco/STM32Cube/Repository/STM32Cube_FW_F4_V1.27.1/Drivers/STM32F4xx_HAL_Driver/Inc/Legacy -I/home/francesco/STM32Cube/Repository/STM32Cube_FW_F4_V1.27.1/Drivers/CMSIS/Device/ST/STM32F4xx/Include -I/home/francesco/STM32Cube/Repository/STM32Cube_FW_F4_V1.27.1/Drivers/CMSIS/Include -O0 -ffunction-sections -fdata-sections -Wall -fstack-usage -MMD -MP -MF"Core/Src/asm_func_tester.d" -MT"Core/Src/asm_func_tester.o" --specs=nano.specs -mfpu=fpv4-sp-d16 -mfloat-abi=hard -mthumb -o "Core/Src/asm_func_tester.o"
../Core/Src/asm_func_tester.c: In function 'asm_sum_tester':
../Core/Src/asm_func_tester.c:15:11: warning: variable 'resultado' set but not used [-Wunused-but-set-variable]
   15 |  uint32_t resultado;
      |           ^~~~~~~~~
../Core/Src/asm_func_tester.c: In function 'asm_max_tester':
../Core/Src/asm_func_tester.c:94:10: warning: unused variable 'max' [-Wunused-variable]
   94 |  int32_t max = asm_max(myVecIn, myVecInSize);
      |          ^~~
../Core/Src/asm_func_tester.c: In function 'asm_ecoV1_tester':
../Core/Src/asm_func_tester.c:141:26: warning: unused variable 'Ciclos' [-Wunused-variable]
  141 |  const volatile uint32_t Ciclos = DWT->CYCCNT; // Reporta 73.530 ciclos en modo Debug
      |                          ^~~~~~
../Core/Src/asm_func_tester.c: In function 'asm_ecoV2_tester':
../Core/Src/asm_func_tester.c:166:26: warning: unused variable 'Ciclos' [-Wunused-variable]
  166 |  const volatile uint32_t Ciclos = DWT->CYCCNT; // Reporta 74.978 ciclos en modo Debug
      |                          ^~~~~~
../Core/Src/asm_func_tester.c: In function 'asm_ecoV3_tester':
../Core/Src/asm_func_tester.c:190:26: warning: unused variable 'Ciclos' [-Wunused-variable]
  190 |  const volatile uint32_t Ciclos = DWT->CYCCNT; // Reporta 37.497 ciclos en modo Debug
      |                          ^~~~~~
../Core/Src/asm_func_tester.c: In function 'asm_corrV1_tester':
../Core/Src/asm_func_tester.c:214:26: warning: unused variable 'Ciclos' [-Wunused-variable]
  214 |  const volatile uint32_t Ciclos = DWT->CYCCNT; // Reporta 15.637 ciclos en modo Debug
      |                          ^~~~~~
../Core/Src/asm_func_tester.c: In function 'asm_corrV2_tester':
../Core/Src/asm_func_tester.c:242:26: warning: unused variable 'Ciclos' [-Wunused-variable]
  242 |  const volatile uint32_t Ciclos = DWT->CYCCNT; // Reporta ABC ciclos en modo Debug
      |                          ^~~~~~
arm-none-eabi-gcc -o "adm_c16.elf" @"objects.list"   -mcpu=cortex-m4 -T"/media/francesco/Data/Francesco/AdM_workspace/adm_c16/STM32F429ZITX_FLASH.ld" --specs=nosys.specs -Wl,-Map="adm_c16.map" -Wl,--gc-sections -static --specs=nano.specs -mfpu=fpv4-sp-d16 -mfloat-abi=hard -mthumb -Wl,--start-group -lc -lm -Wl,--end-group
Finished building target: adm_c16.elf
 
arm-none-eabi-size   adm_c16.elf 
arm-none-eabi-objdump -h -S  adm_c16.elf  > "adm_c16.list"
arm-none-eabi-objcopy  -O binary  adm_c16.elf  "adm_c16.bin"
   text	   data	    bss	    dec	    hex	filename
  24812	    120	   3512	  28444	   6f1c	adm_c16.elf
Finished building: default.size.stdout
 
Finished building: adm_c16.bin
 
Finished building: adm_c16.list
 
00:07:58 **** Incremental Build of configuration Debug for project adm_c16 ****
make -j20 all 
arm-none-eabi-size   adm_c16.elf 
   text	   data	    bss	    dec	    hex	filename
  24812	    120	   3512	  28444	   6f1c	adm_c16.elf
Finished building: default.size.stdout
 
00:10:30 **** Incremental Build of configuration Debug for project adm_c16 ****
make -j20 all 
arm-none-eabi-gcc -mcpu=cortex-m4 -g3 -DDEBUG -c -x assembler-with-cpp -MMD -MP -MF"Core/Src/asm_func.d" -MT"Core/Src/asm_func.o" --specs=nano.specs -mfpu=fpv4-sp-d16 -mfloat-abi=hard -mthumb -o "Core/Src/asm_func.o" "../Core/Src/asm_func.S"
arm-none-eabi-gcc "../Core/Src/asm_func_tester.c" -mcpu=cortex-m4 -std=gnu11 -g3 -DDEBUG -DUSE_HAL_DRIVER -DSTM32F429xx -c -I../Core/Inc -I/home/iot/STM32Cube/Repository/STM32Cube_FW_F4_V1.27.0/Drivers/STM32F4xx_HAL_Driver/Inc -I/home/iot/STM32Cube/Repository/STM32Cube_FW_F4_V1.27.0/Drivers/STM32F4xx_HAL_Driver/Inc/Legacy -I/home/iot/STM32Cube/Repository/STM32Cube_FW_F4_V1.27.0/Drivers/CMSIS/Device/ST/STM32F4xx/Include -I/home/iot/STM32Cube/Repository/STM32Cube_FW_F4_V1.27.0/Drivers/CMSIS/Include -I/home/francesco/STM32Cube/Repository/STM32Cube_FW_F4_V1.27.1/Drivers/STM32F4xx_HAL_Driver/Inc -I/home/francesco/STM32Cube/Repository/STM32Cube_FW_F4_V1.27.1/Drivers/STM32F4xx_HAL_Driver/Inc/Legacy -I/home/francesco/STM32Cube/Repository/STM32Cube_FW_F4_V1.27.1/Drivers/CMSIS/Device/ST/STM32F4xx/Include -I/home/francesco/STM32Cube/Repository/STM32Cube_FW_F4_V1.27.1/Drivers/CMSIS/Include -O0 -ffunction-sections -fdata-sections -Wall -fstack-usage -MMD -MP -MF"Core/Src/asm_func_tester.d" -MT"Core/Src/asm_func_tester.o" --specs=nano.specs -mfpu=fpv4-sp-d16 -mfloat-abi=hard -mthumb -o "Core/Src/asm_func_tester.o"
../Core/Src/asm_func_tester.c: In function 'asm_sum_tester':
../Core/Src/asm_func_tester.c:15:11: warning: variable 'resultado' set but not used [-Wunused-but-set-variable]
   15 |  uint32_t resultado;
      |           ^~~~~~~~~
../Core/Src/asm_func_tester.c: In function 'asm_max_tester':
../Core/Src/asm_func_tester.c:94:10: warning: unused variable 'max' [-Wunused-variable]
   94 |  int32_t max = asm_max(myVecIn, myVecInSize);
      |          ^~~
../Core/Src/asm_func_tester.c: In function 'asm_ecoV1_tester':
../Core/Src/asm_func_tester.c:141:26: warning: unused variable 'Ciclos' [-Wunused-variable]
  141 |  const volatile uint32_t Ciclos = DWT->CYCCNT; // Reporta 73.530 ciclos en modo Debug
      |                          ^~~~~~
../Core/Src/asm_func_tester.c: In function 'asm_ecoV2_tester':
../Core/Src/asm_func_tester.c:166:26: warning: unused variable 'Ciclos' [-Wunused-variable]
  166 |  const volatile uint32_t Ciclos = DWT->CYCCNT; // Reporta 74.978 ciclos en modo Debug
      |                          ^~~~~~
../Core/Src/asm_func_tester.c: In function 'asm_ecoV3_tester':
../Core/Src/asm_func_tester.c:190:26: warning: unused variable 'Ciclos' [-Wunused-variable]
  190 |  const volatile uint32_t Ciclos = DWT->CYCCNT; // Reporta 37.497 ciclos en modo Debug
      |                          ^~~~~~
../Core/Src/asm_func_tester.c: In function 'asm_corrV1_tester':
../Core/Src/asm_func_tester.c:214:26: warning: unused variable 'Ciclos' [-Wunused-variable]
  214 |  const volatile uint32_t Ciclos = DWT->CYCCNT; // Reporta 15.637 ciclos en modo Debug
      |                          ^~~~~~
arm-none-eabi-gcc -o "adm_c16.elf" @"objects.list"   -mcpu=cortex-m4 -T"/media/francesco/Data/Francesco/AdM_workspace/adm_c16/STM32F429ZITX_FLASH.ld" --specs=nosys.specs -Wl,-Map="adm_c16.map" -Wl,--gc-sections -static --specs=nano.specs -mfpu=fpv4-sp-d16 -mfloat-abi=hard -mthumb -Wl,--start-group -lc -lm -Wl,--end-group
Finished building target: adm_c16.elf
 
arm-none-eabi-size   adm_c16.elf 
arm-none-eabi-objdump -h -S  adm_c16.elf  > "adm_c16.list"
arm-none-eabi-objcopy  -O binary  adm_c16.elf  "adm_c16.bin"
   text	   data	    bss	    dec	    hex	filename
  24228	    120	   3512	  27860	   6cd4	adm_c16.elf
Finished building: default.size.stdout
 
Finished building: adm_c16.bin
 
Finished building: adm_c16.list
 
